a
acá
ahí
ajena
ajenas
ajeno
ajenos
al
algo
alguna
algunas
alguno
algunos
algún
allá
allí
aquel
aquella
aquellas
aquello
aquellos
aquí
cada
cierta
ciertas
cierto
ciertos
como
con
conmigo
consigo
contigo
cualquier
cualquiera
cualquieras
cuan
cuanta
cuantas
cuanto
cuantos
cuán
cuánta
cuántas
cuánto
cuántos
cómo
de
dejar
del
demasiada
demasiadas
demasiado
demasiados
demás
él
el
ella
ellas
ellos
en
esa
esas
ese
esos
esta
estar
estas
este
estos
hacer
hasta
jamás
junto
juntos
la
las
lo
los
mas
me
menos
mientras
misma
mismas
mismo
mismos
mucha
muchas
mucho
muchos
muchísima
muchísimas
muchísimo
muchísimos
muy
más
mía
mío
nada
ni
ninguna
ningunas
ninguno
ningunos
no
nos
nosotras
nosotros
nuestra
nuestras
nuestro
nuestros
nunca
os
otra
otras
otro
otros
para
parecer
poca
pocas
poco
pocos
por
porque
que
querer
quien
quienes
quienesquiera
quienquiera
quién
qué
ser
si
siempre
sobre
sr
sra
sres
sta
suya
suyas
suyo
suyos
sí
sín
tal
tales
tan
tanta
tantas
tanto
tantos
te
tener
ti
toda
todas
todo
todos
tomar
tuya
tuyo
tú
un
una
unas
unos
usted
ustedes
varias
varios
vosotras
vosotros
vuestra
vuestras
vuestro
vuestros
y
yo