Zapatero
Venda Balafi
Vega de Granada
Vallejo Hondo
Vallejo de los Muertos
Vallejo de la Simarra
Valle-Hondo
Vallehermoso
Valle de Travadell
Valle de la Cruz
Valle de Ceta
Valle de Seta
Levante
Valencia
Dehesa de Valdelinfierno
Umbrion
Costa de Triana
Torremocha
Toril
Parque Nacional de Timanfaya
Tejoneras
Parque Nacional del Teide
Dehesa de Tamujoso
Submeseta Inferior
Submeseta del Sur
Submeseta Sur
Costa del Sol
Sevillano
Sendalamula
Parque de San Telmo
Parque de Santa Catalina
Sabinar de la Veredilla
Costa del Rubicon
Base Naval de Rota
Dehesa de Romerales
Rincon del Santo Cristo
Rincon del Cura
Ribera del Xuquer
Ribera del Jucar
Ribera del Júcar
Ribera del Xúquer
Ribera Baixa
Ribera Baja
Ribera Alta
Raso Cachiporro
Puerto Deportivo Radazul
Puntal del Carnero
Prados Morenos
Pozo Seco
Pinar de la Vega
Pinar de la Cruz
Penas Blancas
Penalobosa
Dehesa de Osilla del Palmero
Navaltocon
Navajunde
Murcia
Morrones
Monte Viejo
Monte Malanda
Monte de las Mozas
Mojon Blanco
Costa de Miranda
Matas Verdes
Matarrosa
Matanza
Matallana
Matallana
Mataborrachas
Masegoso
Masegosillo
Marquesado de Zenete
Marquesado de Cenet
Manroman
Dehesa de Malpesa
Maimona
Masia de la Maimona
Hafen de la Luz
La Luz
port de la Luz
Puerto de la Luz
Costa de la Luz
Los Villares
Los Rubiales
Los Quinones
Los Quemados
Los Puntales
Los Poyales
Los Pedernales
Los Olivares
Los Morrones
Los Majuelos
Los Majadales
Los Llanos
Los Llanos
Los Llanos
Los Hundidos
Los Guijarrales
Los Enebralejos
Los Colmenares
Los Brezales
Los Brazales
Los Barreros
Los Ballesteros
Los Almadenes
Lomas de Santiago
Lomas de la Rambla
Lomas de Esquinzo
Loma Larga
Loma de los Morrones
Loma del Mohedano
Loma del Calvario
Loma de la Carbonera
Loma de Enmedio
Lobo
Llanos de Orce
Llanos del Tornajuelo
Levant
Region Levantina
Región de Levante
Región Levantina
Le Levant
Levante
Region de Levante
La Yuntilla
La Virgen Vieja
La Vegana
La Vega
La Umbria
La Toba
Las Villuercas
Las Villas
Parque Nacional de Las Tablas de Daimiel
Las Rinconadillas
Las Pinadas
Las Perrazas
Las Pedreras
Las Pajarillas
La Solana
Las Lomas
Las Hoyas
Las Herradas
Las Gargaligas
Las Fuentezuelas
La Serretilla
La Serena
Las Cinco Calles
Las Carboneras
Las Canadas
Las Canadas
Las Cabezas
Las Beatas
Las Aliaguillas
La Rocha
La Risca
La Rinconada
La Rinconada
La Poza
La Pena del Rey
La Pena
La Pedrera
La Nava
La Murciana
La Mulata
La Muela
La Muela
La Muela
La Muela
La Muela
La Muela
La Muela
La Moraleja
La Mojonera
Media Legua
La Media Legua
La Marina
La Majadilla
La Losilla
La Laguna
La Laguna
La Jara
La Huesa del Judio
La Hoya
La Herra
La Gama
La Ensancha
La Dehesilla
La Dehesilla
La Dehesa
La Cumbre
La Canada
La Camarilla
La Caleruela
La Calavera
La Cabra
La Buitrera
La Barquera
La Barga
La Atalaya
Juanete
Huerta de Valencia
Hoya Retuerta
Hoya de Matamachos
Hoya de la Horza
Hoya de la Balsica
Hondo del Campo
Herrada del Quincallero
Hatillo
Campo de Gibraltar
Garajonay National Park
Parque nacional de Garajonay
Gallara
Fuentelobo
Salinas de Fuente de Piedra
Dehesa de Fuenlabrada
Costa de Franceses
Extremadura
Estremadura
Meseta de Guadix
Estepa de Guadix
Dehesa de Enmedio
Dehesa de la Encomienda de Alcahozo
El Villar
El Verdinal
El Tornajuelo
El Tobar
El Salar
El Rubielo
El Romo
El Romeral
El Renegado
El Rayo
El Quintillo
El Quejigo
El Purgatorio
El Prado
El Portichuelo
El Pinar
El Pendoncillo
El Parralon
El Ochavillo
El Marquesejo
El Madrono
El Macuquero
El Losar
El Infierno
El Hoyo
El Hornillo
El Hocino
El Hocino
El Gusano
El Gramadal
El Goro
El Fronton
El Escornaero
El Encinalejo
El Ducado
El Despenadero
El Comunal
El Collado
El Charco
El Chaparralejo
El Cerro
El Cerrazo
El Carrascal
El Carneril
El Canizo
El Canizar
Dehesa El Campo
El Calvo
El Cabezuelo
El Blanquizar
El Ardal
El Aljarafe
Parque Doramas
Parque Nacional de Donana
Dehesa del Hoyo
Dehesa de Casasola
Coto Donana
Coto de Dona Ana
Parque Nacional Coto de Doñana
Coto Doñana
Parque Nacional Coto de Donana
Coto de Doña Ana
El Copero
Cortijo del Copero
La Dehesa Cortelana
Cortelana
Cerros de Sisenando
Cerro Llano
Cerro de los Alamos
Cerro de la Ventosa
Ceja
New Castile
Castilla Nueva
Castilla la Nueva
Puerto de Cartagena
Cartagine Harbour
Canada Honda
Canadahonda
Canada de los Serranos
Canada de los Peces
Canada de la Pedriza
Canada de Bayona
Parque Nacional de la Caldera de Taburiente
Campo de Calatrava
Cachiporro
Cabeza Pelada
Buenavista
Boca de la Hoz
Costa Blanca
Segura
Bajo Segura
Vega Baja del Segura
costa del azahar
Costa del Azahar
Atrera
Atalaya
Atalaya
Andalusie
Andalucia
Andalusia
Andalusien
Baetica
Andalucía
El Bayon
Coto de Donana
Veta de la Oveja
Barrio de Alfonso XIII
El Puntal
La Esparraguera
El Yeso
El Vado
La Horcada
La Costumbre
La Abundancia
Huerta de Santa Elena
Huerta del Rincon
Huerta del Majano
Huerta de Don Isaias
Port Saplaya
Puerto de San Pedro del Pinatar
Old Castile
Castilla la Vieja
Castilla Vieja
Costa Verde
Basque Provinces
Provincias Vascongadas
Valles de Cerrato
Sarralbo
Serrablo
Valle de Sarrablo
Baldorba
Baldorbesa
Valle de Orba
Erronkari
Valle de Roncal
Valle del Roncal
Roncal River
Cuenca del Ebro
Valle del Ebro
Karrantza Harana
Valle de Carranza
Valle de Arce
Artzibar
Aramayona Valley
Valle de Aramayona
Valle de Amescoa Baja
Aezkoa
Las Amezcuas
Valle de Aezcoa
Vall d'Aran
Vall d’Aran
Valle de Arán
Val d’ Arán
Valle de Aran
Val d' Aran
Puerto de Vallcarca
Torres
Tierra de Campos
Los Cameros
Camero Viejo
Nuevo
Tierra de Cameros
Terras Novas
Susin
Submeseta Superior
Submeseta Norte
Submeseta del Norte
Solsones
Arabako Errioxa
Rioja Alavesa
Ribagorça
Ribagorca
Ribagorza
Ribargorza
Rías Bajas
Rias Bajas
Rias Baixas
Rías Altas
Rias Altas
Pou Panes
Pla del Pebret
Pallars Sobira
Pallars Sobirá
Pallars Jussa
Parque Nacional de Ordesa y Monte Perdido
Parque Nacional de Ordesa
Dehesa de Navarrete
Los Monegros
Monegrillo
Los Hospitales
Costa de Llevant
Costa de Levante
Les Perellades
Les Parellades
Lleun
Leon
Lleún
León
La Uriola
Las Planas
Las Escomas
Las Conchas
Las Berlanas
Rioja Baja
Errioxa
La Rioja
Rioja
La Obrera
La Noguera
La Garrotxa
La Berzosa
Puerto de Gijon
Puerto de Garraf
Galicia
El Rincon Rojo
El Rebasal
Rebasal
El Priorat
El Pas
El Maestrazgo
El Bierzo
Costa Dorada
Costa Daurada
La Montaña de Covadonga or de Peña Santa National Park
Parque National de la Montaña de Covadonga
Parque National de la Montana de Covadonga
Parque Nacional de Covadonga
La Montana de Covadonga or de Pena Santa National Park
Corral Viejo
Corona de Santa Lucia
Conca de Barbera
Parc de la Ciutadella
la Ciutadella
La Cepeda
Dehesa de la Cepeda
The Castiles
Castilla
Castile
Cantabro Asturica
Región Cantábrica
Region Cantabrica
Región Septentrional
Region Septentrional
Campoo
Cabrales
Costa Brava
Asturias
Asturies
Aragon
Aragón
Parque Nacional de Aigues Tortes-Sant Maurici
Parque Nacional de Aigües Tortes-Sant Maurici
Parque Nacional de Aigues Tortes
Parque Nacional de Aigües Tortes
Santurtziko portua
Puerto Pesquero de Santurce
Puerto de Santurtzi
Puerto Pesquero de Santurtzi
Enseada de Bouzas
Navarra
Navarre
Parque de Leganes
Parque de los estados
Parque Liana
Parque de Los Rosales
El Retiro
Parque del Retiro
Base Militar de Rabasa
Parque Lo Morant
Poligono Industrial de Rabasa
Poligono Industrial El Canastell
Parqeu Lo Torrent
Poligono Industrial Llano del Espartal
Poligono Industrial Pla de la Vallonga
Poligono Industrial Las Atalayas
Depositos de C.H.L.
Elche Parque Industrial
Poligono Industrial de Babel
Placa de les Glories Catalanes
Parc del Montseny
Parc Natural del Montseny
Fun Fair
Park of Nation
piscina municipal St.Vicenc de Montalt
Pinyana
Miradoiro dos Torgas
Os Torgás
Os Torgas
Abendano
Abendaño
Allegi
Altamira
Ama Kandida
Anardi
Anibarko Portua
Aranguren
Artxipi
Asteasuain
Basabe
Basarte
Polígono industrial de Anoeta
Bentaldea
Poligono industrial de Anoeta
Anoetako industrialdea
Bentzuntzibar
Beotibar
Bezunzibar
Bidebitarte
Brunet
Bulandegi
Elbarrena
Epele
Errota
Etxeberri
Eziago
Ecíago
Eciago
Poligono industrial 7 (Gaintxurizketa)
Polígono industrial 7 (Gaintxurizketa)
Gaintxurizketa
7. industrialdea (Gaintxurizketa)
Gallegi
Haizpea
Hiribarren
Ibabe
Ibaitarte
Ibarburu
Ibarluze
Igarategi
Iñausti
Inausti
Ipintza
Itsasaga
Itziar
Iurrin
Lanbarren
Larramendi
Laskorain Goikoa
Lastaola
Lerun
Lintzirin
Makarraztegi
Mallutz
Mugitegi
Musakolako industrialdea
Poligono industrial de Musakola
Musakola Epelde
Polígono industrial de Musakola
Okobio
Oleta
Orbegozo
Sagasti
Salbatore
Soroxarta
Talaia
Txindoki
Ugarana
Uparan
Urasandi
Urtaki
Urzelaieta
Zaisa
Zuatzu
Zubitxiki
Bazterretxe
Irurain
Enirio Aralar
Parzoneria Mayor
Parzoneria General
Parzonería General
Partzuergo Nagusia
Parzonería Mayor
Parzonería Menor
Partzuergo Txikia
Parzoneria General
Parzoneria Menor
Parzonería General
Partzuergo Nagusia
Cuidad de las Artes y de las Ciencias
Miravet
Gandara de Budino
Castro de barona
Vall de Marfa
Madrid Country Club
Exhibit and Conference Center
田园之家
Parko Kampardomo
tian yuan zhi jia
Casa de Campo
კასა დე კამპო
Parque del Oeste
Berlin Park
El Capricho Park
Juan Carlos I Park
Sabatini Gardens
Parc Gueell
Cabarceno Natural Park
Botanical Garden
Jardin Botanico
Botanical Garden
Campo del Moro
Parque Natural de Monfraguee
أرينا مدريد
Madridska arena
aryna mdryd
Мадрид Арена
Telefónica Arena Madrid
マドリード・アリーナ
Мадридска арена
Telefonica Arena Madrid
Madrid Arena
Carballeira de Menancaro en Ferrolterra
Fageda d'en Jorda
Faunia
Club Tejar de Somontes
Aiguees Juntes
Parque General Gutierrez
Campo Grande
Parque Tecnologico de Boecillo
Bucuesa
Parque sant salvador
Moli l'Ombria
Clot de Galvany
Sioux City
Planta Potabilizadora
Parque Ansuina
Quinta de los Molinos
Finca Torre Arias
Carreiron
Boi-Tauell
Sierra de Grazalema Natural Park
Hafen Barcelona
Plaza Catalunya
Parc de Mar
Placa Major
Messe Palma de Mallorca
fair Palma
Ballermann 6
Warner Bros Park/MovieWorld
Messe Santa Cruz de Tenerife
fair Santa Cruz de Tenerife
Messe Las Palmas de Gran Canaria
fair Las Palmas de Gran Canaria
Costa del Garraf
Costa Maresme
Euskal kostaldea
Costa Vasca
Costa de Granada
Costa Granadina
Costa Tropical
Costa de Valencia
Costa de Almeria
Costa de Cantabria
Costa Calida
Malvarrosa Beach
Estacio del Nord
Aquarium Barcelona
Ribeira Sacra
Port Aventura
Aqua Park
Campo de San Francisco
Parque de Isabel la Catolica
Parque Escultorico de Candas
Restos Megaliticos del Monte Areo
Parque Covaresa
Donana National Park
Parque Genoves
Bardenas Reales
Garrotxa Volcanic Zone Natural Park
Centro Historico Tarragona
Parque del Alamillo
Jardines de Murillo
Parque de Maria Luisa
Parque de los Principes
Jardines de las Delicias
Parque Amate
Jardines de la Buhaira
Isla Magica
Feria de Abril
Cuenca Alta del Manzanares
Parque Regional de Calblanque
PortAventura
Gorbeiako Parke Naturala
Parque Natural de Gorbeia
Gorbeia Nature Reserve
Hidropark
Siam Park (Tenerife)
Estacion Aramon Javalambre
Estacion Aramon Valdelinares
Parque Natural de las Sierras de Tejeda, Almijara y Alhama
Parque de la naturaleza de Cabarceno
Parque Natural de Las Ubinas - La Mesa
Parque Natural Collados del Ason
Red de cuevas del Alto Ason. Cueva de Covalanas
Parque Natural de las Marismas de Santona, Victoria y Joyel
Nacimiento Rio Duraton
Sierra de Gibralgalia
Hoces de Rio Riaza
Hoces del rio Duraton
Auditorio Pilar Garcia Pena
San Adrian de Cobres
Linarejos
Parque de la Bolera
Plaza
Plaza de San Antonio
Parque de Manzanedo
El Pasaje
Poio San Salvador
Parque Natural del Delta del Ebro
Priorato (vino)
Monasterio de Piedra
Marineland Catalunya
Plataforma de Gredos
Parque Natural del Cabo de Gata
Barrio Gotico de Barcelona
Triton Asociacion Cultural - Parque Aventura
Parque Nacional de Monfraguee
Vuelta del Castillo
La Vaguada
Yamaguchi
La Biurdana
Antoniutti
La Ciudadela
Roxos
Parque Natural de Corrubedo
Dunas de Corrubedo y lagunas de Carregal y Vixan
Mega-Park
Hazanejos
Hozanejos
Balneario de l'Avella
Parque Natural de Ubasa y Andia
Parque Lo Torrent
Parque Jume I
San Roman (Santa Maria de Cayon)
Acorralados
Parque de Elche
Aqualandia
Mundomar
Terra Mitica
Aqua Natura
Puerto de Benidorm
Portinatx
parque Escandinavia
Campo de Alicante
Cantera
Mina
Camping Armanello
Zona verde
Area verde
Golf P & P Sierra Cortina Finestrat
Las Rejas Benidorm
Real de Faula Club de Golf
Viveros Evaristo
Plaza Malecon del Soto
Parque de Rehablitacion
Parque "El Recorral"
Poligono Induistrial "La Bernada"
Recinto Festero
Porto de Cesantes
