Pas del Xic
Cami de la Tallada
Marrades de Sorteny
Cami de la Solana
Carrera del Sola
Vial de la Socarrada de Coll Carnisser
Cami del Sisquero
Cami de Sispony
Marrades del Siscar
Carretera de Seturia
Cami del Serrat Pla
Cami de Sedornet
Drecera de Sant Marti
Vial de Rubials
Vial de la Roca
Carretera de la Rabassa
Vial dels Pujols
Cami del Port de Setut
Cami dels Plans
Cami dels Plans
Cami de la Plana
Cami del Pla de les Pedres
Cami del Pla del Bosc
Cami del Pi de la Creu
Carretera de la Peguera
Carretera General Numero Un
Carretera General Numero Tres
Carretera General Numero Duo
Carretera de Nagol
Carrera de Montaup
Carrera del Mig
Cami dels Matxos
Carretera del Mas d'Alins
Cami de les Marrades
Cami de la Llobatera
Cami de Juclar
Carretera de la Juberrussa
Carretera del Forn
Carrerada del Forn
Cami de Fontargent
Cami dels Estanys
Cami de l' Estany de la Nou
Vial de l' Estany Blau
Carretera de l' Estall
Cami d' Escas
Vial de l' Escala
Cami de l' Ensegur
Carretera d' Engolasters
Carretera Encortesa
Carrera de Dalt
Carretera dels Cortals
Cami del Cortal de la Serra
Cami de Coll de Turer
Cami de la Collada de Sanfons
Cami de la Collada d'Enradort
Cami de la Collada de la Maiana
Cami de la Collada de Ferreroles
Cami de Claror
Carretera de Canolic
Marrades del Bruig
Cami de la Borda del Cosp
Vial Blanc
Vial del Bec
Carretera de l' Aldosa
Landey Lar
Sro Godar Lar
Sro Gudar Lar
Buto Gudar Lar
Buto Godar Lar
Sar Chilo Lar
Estación Empalme Magdalena
Estacion Empalme Magdalena
Estacion Empalme
Estación Empalme
Camino de La Costa
Empalme La Barrancosa
Empalme Canuelas
Villa Canuelas
Empalme Cañuelas
Empalme Ayacucho
Empalme San Carlos
Empalme Querandies
Ruta Nacional Numero 7
Ruta Panamericana Carretera Libertador General San Martin
Tunel La Invernada Norte
Carretera Juan de Garay
Ferrocarril General Urquiza
Ferrocarril General San Martin
Ferrocarril General Roca
Carretera General Martin Guemes
Ferrocarril General Belgrano
Avenida Circunvalacion
Autopista Rosario - Cordoba
Avenida Eva Peron (Ex Cordoba)
Puente Rosario - Victoria
Avenidas Jonte y Nazca
Avenidas Juan B. Justo y Nazca
Campana y Camarones
roque perez 3900 (esq. Garcia del Rio)
9 de Julio Avenue
Avenida de Mayo
Santa Fe Avenue
Camino de los Siete Lagos
Calle Balcarce
El Viejo Expreso Patagonico
Circular Quay
Mandica Cesta
Rue de Viane
Ferrocarril Uyuni
Ferrocarriles del Estado
Túnel Noel Rosa
Túnel do Joá
Tunel Sao Conrado
Túnel Alaor Prata
Túnel Enaldo Cravo Peixoto
Gabriel Portage
Traforo del Gran San Bernardo
El Tunel Internacional de Caracoles
Túnel de la Cumbre
Tunel de la Cumbre
El Túnel Internacional de Caracoles
Oleoducto Sicasica-Arica
Tuel San Pedro
Tunel las Raices
Tunel de Palos Quemados
Cruces Las Torres
Tunel de la Grupa
Ferrocarril Empalme-Aguada-Las Carpas
Tunel El Quillay
Tunel Cuesta de Zapata
Ferrocarril Arica a la Paz
Ferrocarril Antofagasta a Salta
Estacion de Trenes
Av. Francia - Pedro Montt
Paseo 21 de Mayo
Caopie
Xincao
Lede Xian
Yiminxincun Suidao
Carretera Troncal de Occidente
Oleoducto Submarino Sagoc
Oleoducto Sagoc
Oleoducto Rio Zulia-Santa Marta
Ferrocarriles Nacionales de Colombia
Ferrocarriles Nacionales de Colombia
Ferrocarriles Nacionales de Colombia
Camino de la Cordialidad
Ferrocarril del Atlantico
Ferrocarril del Atlantico
Crucero La Union
Crucero de Malta
Túnel La Llana
Túnel de La Llana
Tunel de La Llana
Boquerón
Boqueron
Cruce de Hacienda Vieja, Curridabat
Entronque Yarigua
Entronque Victoria
Entronque Tacamara
Camino Santa Fe San Pedro
Carretera de Santa Barbara
Entronque San Eduardo
Entronque Rincon
Camino Real Viejo de Cienfuegos
Camino Real del Medio
Camino Real de la Habana
Entronque Oriente
Entronque Mora
Camino Real de la Costa
Camino de La Costa
Camino de La Carretera
Entronque Jaguey
Entronque Guanaibas
Camino de Cubitas
Entronque de Cuba y Cauto
Entronque Ciego
Entronque de Choricera y Cauto
Camino de Munoz
Camino a Majaguilla
Carretera a Topes de Collantes
Malecon
Nad Vinici
V Lucinach
U Lodenice
Esplanade
Fundo Viejo
Carretera El Cajuil
Carreterra Duarte
El Guerarib
El Puente
Ave Nueve de Octubre
El Roda
Musallas el Roda
El Roḍa
Darb el-Sultan
Tunel de Pena
Camí de la Moixella
Camino de Santiago
Carretera General del Norte
la Rambla
La Rambla
Las Campas
Valencia-Sud
Camino la Via
Nacional 340
Carretera Valencia 703
Carretera Valencia 7920
Carretera Valencia 790
Carretera Busot-Jijona-Alicante
Carretera Busot-El Campello
Avenida del Mediterraneo
Carretera (CV-705)
Carretera ( CV-701)
Carretera ( C-V 711)
Segovia, Plaza de San Lorenzo
Campos Elíseos
Campos Eliseos
Rue Danton
Avenue Victor Hugo
Gare de triage de Paris-Tolbiac
Circus Place
Cunard Place
Digue Yiyi
Camaloo Corner
Avenue de La Liberte
Rue Mesmer
Rue de la Comedie
Tel Aviv Promenade
Bolvar-e Enqelab
Bozorgrāh-e Modarres
Khiaban-e Enqelab
Khiaban-e Enqelab
Bolvar-e Enqelab
Bolvar-e Punak
Bolvar-e Enqelab
Bolvar-e Enqelab
Bolvar-e Enqelab
Khiaban-e Esteqlal
Meydān-e Esteqlāl
Meydan-e Esteqlal
Khiaban-e Modarres
Khiaban-e Modarres
Bolvar-e Enqelab
Bolvar-e Enqelab-e Eslami
Bolvar-e Enqelab
Tunnel de Frejus
Galleria del Frejus
Via San Gregorio Armeno
Ndolos Corner
Elgon Soy Road
Elgon Central Road
Central Molo Feeder Road
Osh-Batken-Isfana Corridor
haesanteoneol
Ulica Sejfulina
Tarîq es Soltani
Rue Bchara el Khouri
Chareaa el Anouar
El Mhafir
Mafraq el Hamra
Tariq el Baida
Tariq el Mzar
El Fkhit
Duwa Road End - Comunicamos.EU
Darb el-Mscauuta
Mirad el-Menselem
Tarq al Marj
Ţarq al Marj
Trigh el Majabra
El-Mlaghi
Masrab el Gedaria
Másrab el Gedaría
El Magta
El-Mugtáa
Tunel Trebjesica
Tunel Budos
Presidential Way
Tunel Bacacique Dos
Tunel Bacacique Uno
Ferrocarril Sur Pacifico
Ferrocarril Sonora-Baja California
Ferrocarril el Potosi
Ferrocarril del Pacifico
Ferrocarril de Nacozari
Ferrocarriles Nacionales de Mexico
Ferrocarriles Nacionales de Mexico
Ferrocarriles Nacionales de Mexico
Ferrocarriles Nacionales de Mexico
Ferrocarriles Nacionales de Mexico
Ferrocarril Mexicano Del Norte
Ferrocarril La Perla
Ferrocarril Coahuila y Zacatecas
Ferrocarril de Chihuahua al Pacifico
Ferrocarril Chihuahua al Pacifico
Ferrocarril Chihuahua al Pacifico
Ferrocarril Bosques de Chihuahua
Barranca de Hueyetlaco
Corredor Turistico de Los Cabos
Elsbos
Jacobs Ladder
Camino Madden
Ferrocarril Nacional de Chiriqui
Carretera Borinquen
Via Espana
Puente Carrion
Villa el Salvador
Adela Road
Ābdarra Road
Beadon Road
Saba Avenue
Camino del Diablo
Camino del Faro
El Rada Trail
El Toro Trail
Recreacion Nacional Sendero de las Vientos
Paseo del Morro
Verada Piedra Blanca
Vereda El Yunque
Vereda La Mina
Vereda Los Picachos
Vereda Rio de la Mina
Vereda de las Cotorras
Rua Dos Eucaliptos
Rua de Entrecampos N.º 14
Praca de Londres Nº 11
Ferrocarril Presidente Carlos A Lopez
Gaspar Rodriguez de Francia
ESPLANADA
Gara Muncel
Ulitsa Esperanto
Borgmastareporten
Ruta de Las Flores
El Kantara
Rue de Jerba
Rue de Djerba
Rende Jiaoliudao
Xue Shan Suidao
Minquan Suidao
Caperton Ferry
Lambs Ferry
Nunez Ferry (historical)
Pegues Ferry (historical)
Resaca Ferry (historical)
El Dorado Interchange
Louisiana Avenue Ferry (historical)
Vidalia Ferry
Camargo Ferry (historical)
Buena Vista Ferry (historical)
Cerro Gordo Ferry (historical)
Cleeces Ferry
Saltillo Ferry
Sligos Ferry (historical)
Casco Bay Ferry
Telos Tote Road
Madison Gulf
Canton Exit
Merrimac Ferry
Camino Del Diablo
Rio Rico Calabasas Interchange
Sendero Esperanza Trail
Ano Nuevo Trail
Arroyo Seco Trail
Eldridge Grade
Electra Tunnel
Glacier Pass
Hacienda Tunnel
Los Alamitos Circle
Los Caballos Trail
Pilarcitos Tunnel
297 Valencia Interchange
Bancos Loop
Modoc Tunnel (historical)
Puerco Espin Trail
Rechuelos Trail
Rio en Medio Trail
Rito Anastacio
San Acacia-Polvadera Interchange
Vallecitos Trail
El Capitan Trail
Jacobs Ladder
Glacier Way
Cascade Tunnel
Glacier Valley Glade Area Ski Trail
Aurora Ferry
Autopista Valencia Puerto Cabello
Carretera Lara-Zulia
Ferrocarril Guanta Naricual
Carretera Falcon-Zulia
Crucero El Totumo
Autopista Caracas-Valencia
Estacion Metro Agua Salud
Lo P
Lo C
Lo B
Lo A
Lo S
Carrefour de Tsararano
