Brategg, Banco
Belgica Guyot
Explora Knoll
Explora Escarpment
Powell, roca
Ravn, roca
Toro, Bajo
Leopardo, Bajo
Leopardo
Stacy, banco
banco
Svip, Rocas
Antipodes Fracture Zone
Magallanes, Fondeadero
Carmen, Bajo
Cruiser, rocas
Expedición, rocas
Expedición
Expedicion
Glacier Rise
Gutiérrez, Bajo
Gutierrez, Bajo
Harpun, Rocas
Arpón
Karlsen, roca
Leda, Recif
Maipo, Bajo
Maldifassi, Bajo
Airacobra Rock
Ambrose Rock
Barracuda Rock
Barrel Rock
Barrel Rock
Barrel Rock
Bruyantes Rock
Camosun Rock
Caye a la Tete de Cheval
Cerantes Rocks
Chapel Bar
Costellos Rock
Eldad Ledge
Elias Ledge
Elias Shoal
Enoch Place
Escalante Rocks
Escape Reefs
Fond de la Vase
Fond des Lazare
Gabriola Reefs
Girl Guide Gully
La Barque
La Plante Sunker
Laura Grace Rock
Mad Moll
Mad Moll
Mad Moll
Mad Moll
Mad Moll
Mad Moll
Mad Moll
Manuel Rock
Pride Rock
Pubnico Ledge
Recif de la Pointe a la Boucane
Recif Lodestone
Recif Pirqutinnguaq
Recifs Asuqaap
Recifs Barrier
Recifs de l'Est
Recifs Elizabeth
Rencontre Rock
Rescue Rock
Sambro Ledges
Samuel Rock
Samuel Shoal
Seuil a Elizabeth
Squid Rock
Tenedos Rock
Tobico Rock
Guanacaste Province
Poza Santa Lucia
Santa Rosa Reef
Parece Vela Basin
Canal de la Jamaïque
Canal de la Jamaïque
Harrie Guyot
Farallon de Torres
Piedras de Torres
Uracas Ridge
Del Cano Guyot
Del Cano Seamount
Quesada Seamount
Victoria Guyot
N Esmeralda Seamount
El Khaiza
Salen
Francisco Canyon
Fosse de El Luza
Tadjura Trench
Providence Reef
Error Guyot
Coco-de-Mer Seamounts
Franc Victorija Trench
Caucasus Escarpment
Canik Escarpment
Küre Escarpment
Cordillera de Colón
Banc de la Zelee
Banco de Sao Lazaro
Mozambique Basin
Mocambique Basin
Mocambique Ridge
Mozambique Escarpment
Mozambique Scarp
Montpues Canyon
Montepuez Canyon
Mascarenes Basin
Macalde Canyon
Lena Tablemount
Fernao Veloso Canyon
Elcano Rise
Conducia Canyon
Central Terrace
Cargados Carajos Bank
Cargados Carajos Shoals
Nicobar-Simuelue Basin
Cocos Plain
Laccadive-Chagos Ridge
Chagos-Laccadive Ridge
Chagos-Laccadive Plateau
Barren-Nicobar Ridge
Andaman-Nicobar Ridge
Anderman-Nicobar Ridge
Nicobar Fan
Vema Fracture Zone
Rodrigues Ridge
Rodriguez Ridge
Rodrigues Fracture Zone (historical)
Rodriguez Fracture Zone
Argo Fracture Zone
Aubert de la Rue Seamounts
Parece Vela Basin
Tosa Terrace
Ecueil Pigmy
Recifs London
Recif Ladd
Parece Vela Ridge
Eldad Reef
Recif Est
Central Reef
Barracuda Reef
Barque Canada
Hsien-o Chiao
Furo Seamount
Kinan Escarpment
Eyre Terrace
Esperance Canyon
Diamantina Fracture Zone
Diamentina Fracture Zone
Ceduna Terrace
Carnarvon Terrace
Wallaby-Cuvier Escarpment
Guadelupe Seamount
Castor Guyot
Trinidad Seamount
Allen Guyot
Futaba Seamount
Pallada Guyot
Kaede Escarpment
Nazuna Seamount
Suzuna Seamount
Rude Canyon
Hydro Cone
Erimo Seamount
Taupo Tablemount
Tasmantide Volcanoes
Recorder Guyot
Puysegur Trench
Gascoyne Guyot
Gambier Fracture Zone
Capel Guyot
Capel Tablemount
Recifs Bellona
Balmoral Reef
Recifs de l' Astrolabe
Cascade Guyot
Subantarctic Escarpment
Tasman Escarpment
Banco Xauen
Banc de Xauen
Ustica Escarpment
Banco Tofiño
Bacio do Tejo
Sicilia Terrace
Sicilia Plain
Comporta Canyon
Banc de la Seine
Gora Sen
Banco Scuso
Sant'Eufemia Terrace
Cana de Nazarre
Banco Medina
Mazarron Escarpment
Malta Escarpment
Sicily-Malta Escarpment
Habibas Escarpment
Guelta Canyon
Benidorm Canyon
Azores-Gibraltar Ridge
Banc de l' Ampere
Banc de l'Alidade
Alicante Canyon
Bacino Algerino
Algero-Provencal Basin
Valencia Basin
Calabrian Rise
Carbonara Valley
Sulcis Escarpment
El Haouria Bank
Medina Escarpment
Ferradura Plain
Cordero Canyon
Trevelyan Escarpment
Torreblanca Canyon
Santa Lucia Bank
Canyo de Marta
Pendragon Escarpment
Canyo d'Orpesa
Lena Trench
Cachucho
El Cachucho
Lastres Canyon
La Coruña Canyon
Jovellanos Seamount
Banc de la Grande Sole
Canyo de la Fonera
Rec de la Fonera
Canyó de Palamós
Canyó de la Fonera
Canyo de Palamos
Canyon de la Fonera
Corsica Terrace
Circeo Terrace
Cantabria Seamount
Cantabria Knoll
Rec del Cap de Creus
Canyo del Cap de Creus
Peníscola Canyon
Peniscola Canyon
Canyo de Peniscola
Barra Fan
Gora Anton-Dorn
Alcala de Chivert Canyon
Ebro Escarpment
Escarpament de l'Ebre
Ajaccio Canyon
Barcelona Canyon
Felibres Hills
La Renaixenca Hills
Maures Escarpment
Nurra Escarpment
Provencal Escarpment
Valinco Canyon
Monte Submarino Auriga
Sela de Bérrio
Sela de Berrio
Monte Submarino Fernandes Lopes
Galicia Escarpment
Hugo de Lacerda Seamount
Montes Submarinos Pedro Nunes
Vale Sao Gabriel
Sao Gabriel Valley
Banc de la Valdivia
Islas Orcadas Fracture Zone
Cardno Guyot
Anton Leonov Hill
Vema Fracture Zone
Sao Paulo Fracture Zone
Gora Plato
Pico Fracture Zone
Montes Submarinos de Pernambuco
Montes de Pernambuco
Plato do Recife
Pernambuco Plateau
Marcala Seamount
Colorado Seamount
Ceara Terrace
Guyot do Ceara
Guyot do Ceará
Ceara Guyot
Monaco Basin
Calamistos Seamount
Barracuda Ridge
Barracuda Plain
Barracuda Fracture Zone
Barracuda Fault
Amazonas Cone
Runa Seamount
Labradorin Allas
Labradorbackenet
Labrador Sea Basin
Labrador Basin
Bancos de Terranova
Eriador Seamount
Banquereau
Faraday Fracture Zone
Labrador Shelf
Santos Plateau
Rio de la Plata Canyon
Montague Bank
Banco Montague
Mar del Plata Canyon
Islas Orcadas Rise
Canal Hunter
Gora Grel'
Zona de Fratura Malvinas
Malvinas Fracture Zone
Malvinas Escarpment
Argentina Nogu
Guevara Seamounts
Yucatan Escarpment
Banco Volcán
Veracruz Tongue
Hoya de Venezuela
Vaca Basin
Golfe de la Providence
Fosa de Tobago
Sarmiento Ridge
San Salvador Ridge
Gora San-Pablo
Banco de San Antonio
Rosario Reefs
Rosario Tablemount
Redonda Valley
Puerto Rico Trench
Puerto Rico Ridge
Puerto Rico Apron
Pourtales Escarpment
Banco Pera
Pedro Escarpment
Banco de la Paz
Placer de la Paz
Panama Fracture Zone
Nuevo Reef
Cayo Nuevo
Banco Nuevo
Navidad Tablemount
Muertos Trench
Mexican Acapulco Trench
Trinchera de Mexico
Mexico Trench
Mexican Basin
Mexico Basin
Maimon Escarpment
Los Roques Basin
Trinchera de los Roques
Los Roques Trench
La Desirade Valley
La Desirade Escarpment
Jaguey Escarpment
Banco Xagua
Gran Banco de Jagua
Banco de Jagua
Bancos Ingleses
Inca Fracture Zone
Banco Hancock
Guacamayo Seamount
Grenada Plain
Galapagos Fracture Zone
Florida Canyon
Ecuador Fracture Zone
East Aves Escarpment
Dos Ninos Valley
Colón Seamount
Colombia Trench
Colombian Plain
Colombia Basin
Cumbre de Cayman
Colon-Ecuador Ridge
Colón-Ecuador Ridge
Cariaco Trench
Campeche Escarpment
Banco de Campeche
Banco Campeche
Cameron Basin
Beata Escarpment
Prominencia de Aves
Alamo Mound
Lucas Mound
San Jacinto Mound
Tunica Mound
Nueces Dome
Curripaco Valley
Aracataca Hill
Calarca Reef
Quitasueno Gap
Roncador Spur
Roncador Canyon
Roncador Valley
Soplador Spur
Turmeque Knoll
Turmeque Reef
Fundian Valley
Banco Sars
Sala Y Gomes Ridge
Sala Y Gómes Ridge
Sala y Gomez Ridge
Quirós Fracture Zone
Arica Trench
Atacama Trench
Mendana Fracture Zone
Chilien Allas
Villalobos Seamount
Tres Marias Basin
Tamayo Fracture Zone
Soquel Canyon
Santa Rosa-Cortez Ridge
Santa Rosa-Cortes Ridge
Santa Monica Canyon
Santa Lucia Valley
Santa Lucia Escarpment
San Salvador Knoll
San Pedro Sea Valley
San Pedro Valley
San Pedro Escarpment
San Pedro Sea Scarp
San Nicolas Basin
San Miguel Gap
San Gabriel Canyon
San Clemente Escarpment
Salsipuedes Basin
Sal Si Puedes Trench
Rodriguez Dome
Rodriguez Seamount
Quebrada Fracture Zone
Pioneer Escarpment
Petacalco Canyon
Pescadero Canyon
Orozco Fracture Zone
Navarro Canyon
Murray Escarpment
Mendoza Seamount
Mendosa Seamount
Mendocino Seascarp
Mendocino Escarpment
Marquesas Fracture Zone
Marquesa Fracture Zone
Magdalena Escarpment
Lasuen Seamount
Guide Seamount
Guadalupe Arrugado
Fuerte Canyon
Farallon Escarpment
Espinoza Seamount
Espinosa Seamount
Descartes Seamount
Coronado Escarpment
Coronado Canyon
Cedros Trench
Cedros Escarpment
Cedros Sea Scarp
Carmen Basin
Cabrillo Seamount
Bauer Escarpment
Arguello Plateau
Arguello Terrace
Arguello Deep-Sea Fan
Arguello Canyon
Lazaro Cardenas Canyon
Vacquier Seamount
Gora Junion
Cascadia Seamount
Sovanco Fracture Zone
Oregon Escarpment
Mendocino Canyon
Punta Gorda Submerged Valley
Juan de Fuca Rise
Juan de Fuca Ridge
Juan de Fuca Fracture Zone
Juan de Fuca Submarine Canyon
Juan de Fuca Canyon
Heceta Escarpment
Guide Submarine Canyon
Guide Canyon
Explorer Median Valley
Esperanza Canyon
Esperanza Submarine Canyon
Escanaba Ridge
Cascadia Plain
Blanco Saddle
Blanco Gap
Blanco Fracture Zone
Recif de la Ebrill
Recif de la Minerve
Central Pacific Basin
Volador Spur
Volador Seamount
Tuscaloosa Seamount
Serrano Tablemount
Seadragon Ridge
Pensacola Seamount
Mendocino Fracture Zone
Huddel Seamount
Horizon Guyot
Solide Seamount
Arago Reef
Sedna Fracture Zone
Sargo Plateau
Pamplona Ridge
Aja Fracture Zone
Ravin des Kermadec
Valerie Guyot
Paremo Hill
Antipodes Fracture Zone
Rodriguez Fracture Zone
Atacama Trench
Atacama Graben
Gora Kol'co
Cana de Nazarre
Banco Brategg
Usan Escarpment
Central Basin
Alamo Mound
Benicarlo Canyon
Banco Hancock
Arago Reef
La Coruna Seamounts
La Coruña Seamount
La Coruña Seamounts
La Coruna Seamount
Coruna Seamount
Coruña Seamount
