Bosc de Villar
Bosc de la Vall del Riu
Bosc de la Trava
Bosc del Tossal de les Poselles
Bosc del Tosquer
Bosc del Tosquer
Bosc de la Tosca
Bosc de la Tosa
Bosc de la Tarterosa
Bosc de la Tallada Nova
Bosc de Solobre
Bosc del Soleador
Bosc del Solanyo
Bosc de la Solana
Aspres del Sola de Nadal
Bosc del Sigarro
Aspres de la Serrera
Bosc de la Senyoreta
Bosc de la Salvata
Bosc del Sabater
Bosc del Roc Gros
Bosc de la Roca
Bosc del Riambert
Bosc de la Rasa
Bosc de la Rabassa
Bosc de la Quera
Bosc de Puntal
Bosc del Prat de l'Estel
Bosc de la Pollentia
Bosc de la Pleta
Bosc de Planavilla
Bosc de la Planassa
Bosc de Plana en Blanca
Bosc de la Plana
Bosc del Pla de Rodo
Bosc del Pla de Miretes
Bosc del Pla de la Cot
Bosc de la Pixistella
Bosc de la Pinosa de Llumeneres
Bosc de la Pinosa
Bosc de la Pinosa
Conreu de la Peguera
Bosc de la Peguera
Bosc de Pedres Blanques
Bosc del Pas de la Clau
Bosc de l' Obaga de Gali
Bosc de l' Obac de Salla
Bosc del Mulassar
Bosc de la Mollera
Bosc del Menadis
Bosc de la Mata
Bosc de la Mata
Bosc de la Mandurana
Bosc dels Llacs
Bosc de la Juberrussa
Bosc del Jou
Bosc de la Gonarda
Bosc de la Gargallosa
Bosc de la Font del Pi
Bosc de la Font del Pascol
Bosc de la Font del Mallol
Bosc de la Font del Gripal
Bosc de la Font del Bisbe
Bosc de la Fita
Bosc de la Finestra
Bosc del Felegrill
Bosc dels Estanyons
Bosc de l' Estall Serrer
Bosc d' Escalluquer
Bosc de l' Entrada
Bosc d' Entor
Bosc de l' Ensegur
Aspres de l' Ensegur
Bosc d' Enclar
Bosc de la Devesa
Bosc del Cubol
Bosc de la Costassa
Bosc de la Corruga
Bosc de Comes Becoses
Bosc de la Coma dels Llops
Bosc de Coll Pa
Bosc de la Collada
Bosc de la Colija
Aspres de la Cebollera
Bosc de la Caulla
Bosc de la Cauba
Bosc del Carpider
Bosc de la Canya
Bosc de la Canal Llisa
Bosc del Campea
Bosc del Camp de la Finestra
Bosc de la Cabeca
Boigues de Borro
Bosc de la Borda del Rauquet
Boiga del Bony
Boiga del Bony
Bosc de la Boixera
Bosc de Boiga Plana
Bosc de la Beixellosa
Bosc del Becet
Bosc de la Bartra
Bosc del Barrer d'Areny
Bosc de l' Assalador
Bosc de l' Assalador
Bosc de l' Assalador
Bosc Gran de l' Any de la Part
Bosc dels Amorriadors
Bosc de l' Airola
Bosc d' Aigues Juntes
Al Barqā’
Cacande
Balacoco
Quena
Cacongo
Chana Sueca
Lonundo
Ngueve
Londa
Calucanda
Camutombuena
Monte de San Isidro
Monte Ojeda Cue
Monte Mojon
Monte Mburucuya
Monte del Indio Muerto
Monte Ibirá Sacá
Monte Ibirá-zaca
Monte Ibira Saca
Espadanal de Danta
Monte de Cuay Chico
Monte Claro
Monte Caa Carapa
Monte de Yalan
Monte de la Viruela
Monte de la Vieja
Monte del Toro
Montes de Quebracho Colorado
Monte del Chancho
Monte Caseros
Monte de las Barrancas
Monte de la Avispa Colorada
Monte del Aguila
Bosque De Los Constituyentes
Bubreg
Luporicin Val
Bois de la Viree Madame
Hambresart
Bois de Grimbiemont
Bois de Grimbiemont
Grande Huquenie
Grande Huqueny
Bois del Core
Cloese Bos
Bois de la Cambre
Monte El Lavadero
Pampa Vilacollo
Pampa de Tagua
Pampa de Leguesana
Pampa de Lequesena
Pampas de Lequesapa
Diableza Pampa
Pampa de Culpina
Parque Florestal da Tijuca
Floresta Nacional de Irati
Floresta de Gericinó
Floresta de Santa Ines
Bois de Saraguay
Foret de la Dogodou
Vega del Toro
Vegas Rucapillan
Vegas de Piuquenes
Los Pajonales
Vegas de La Flecha
Vegas de la Flecha
Vegas de La Canada
Mallin de los Castillos
Mallin de los Carallos
Vegas Blancas
Isla Orrego
Bosque valdiviano
Gibbon Experience
Sabanas de Yucuana
Sabana de Tuquerres
Sabanas del Totumo
Sabanas del Totumo
Sabanas del Toro
Sabanas de Santa Rita
Sabana de Santa Marta
Sabanas de San Rafael
Sabanas de San Antonio
Sabana del Algarrobo
Caserio Sabana del Algarrobo
Sabanas del Rincon
Sabanas Los Placeres
Sabana Los Placeres
Sabana de los Novillos
Sabanas de Murure
Sabanas de Mundonuevo
Sabana de Morichal
Sabanas de Manacal
Sabanas de Majaguillal
Sabanas de Maico
Sabana de Macaguan
Sabanas Los Chinos
Sabana del Limbo
Sabana de La Vieja
Sabana La Vieja
Sabana de la Vieja
Sabanas Las Clavelinas
Sabana La Forzosa
Sabana del Jobal
Sabanas de Horizonte
Sabanas de Guachiria
Sabanas de Florida Blanca
Sabanas de la Esmeralda
Sabanas El Venado
Sabana El Clarito
Sabanas del Despacho
Sabana la Derrota
Sabanas de Corinto
Sabana de Sisivito
Sabana de Cicibito
Sabanas de Chaparral
Sabanas de Cascajal
Sabanas de Carroquemado
Sabanas de Camuara
Sabanas de Camuara
Sabanas de Campoalegre
Sabanas de Buenos Aires
Sabanas de La Aurora
Sabanas de Araguato
Sabanas de las Angosturas
Sabana de Altagracia
Sabanas del Algarrobo
Sabanas de Aguaclara
Sabanas de Aguaclara
Sabanas de Acapulco
Sabana Los Coclises
Sabanas de Barlin
Sabanas Los Entierros
Sabana Rincon de Lagunas
Sabanas Rincon de Las Dantas
Sabanas de Culata
Selva El Melon
Sabanas El Salitre
Selva de Manacacias
Selva de Sacrificio
Sabana La Venturosa
Sabanas del Temblor
Sabanas de Guachajumena
Sabanas de Cachicamo
Sabana del Cedro
Sabanas El Turpial
Sabanas El Viboral
Sabanas La Conquista
Sabanas La Esperanza
Sabanas de La Mansion
Sabanas de La Pura
Sabanas de Lorena
Sabanas de Macanal
Sabanas de Marne
Sabanas de Merecure
Sabanas de Rincon de Alcides
Sabanas de San Jorge
Sabanas de Santa Rita
Sabanas de Varital
Bajos de Palagua
Bajos de La Judea
Bajos de La Tirana
Bajos de Tirana
Bajos de Tirana
Bajos de Chilongo
Bajos de Campamento
Bajos de Arrieta
Bajos de Arrieta
Bajos de Canchano
Sabanas de Bautista
Sabanas de Los Alpes
Bosque Puna Puna
Sabana de Vicha
Sabana de Godoy
Sabanas del Algarrobo
Sabana Rincon de Trujillo
Sabanas de Concordia
Sabana de La Busaca
Sabanas de Tres Matas
Sabanas Los Placeres
Sabana de La Vieja
Sabanas Comunales
Sabanas de Corocito
Sabanas de Marrero
Sabanas La Perra
Sabanas de Aguaclara
Sabanas de Borra
Sabanas de San Rafael
Sabanas de Las Delicias
Sabanas del Vergel
Sabanas de Malabares
Sabanas El Aceital
Sabanas Altagracia
Selva del Manacacias
Parque Nacional Natural El Tuparro
Sabana de los Yamales
Sabana de los Yanales
Sabanas de Tibisial
Sabana de Palo Seco
Sabanas Nuevas
Sabanas Nuevas
Sabanas Nueva
Sabanas del Medio
Sabanas de Martín López
Sabanas de Martin Lopez
Sabana de Martin Lopez
Sabana de Maria Antonia
Sabana de la Mar
Sabanas del Maizal
Sabana del Mizal
Pinales de Jutinicu
Pinales de Jutinico
Pinales de Jutinicú
Sabana de los Joberos
Sabanas de Corojo
Sabana de Cazones
Sabanas de Cazones
Sabana Cayo Joca de la Beata
Sabanas del Campamento
Sabanas de Ajicon
Ayios Yeoryios Forest
Apostolos Andreas Forest
Platino Platsa Forest
Ayios Pandeleimon Forest
Salach
Parrig
Nadel
Espenloh
Espenleu
Espan Wald
Espan
Els
Eleonorenwald
Edelburg
Barras
Madou
Darradarra
Ojeso Plantage
Hjortaenaes
Fosdal Plantage
Estvadgard Plantage
Sabana de la Vuelta
Sabana del Valle
Sabana de la Vaca
Sabana de Tosa y Brujuelas
Sabana de Tolentino
Sabana Tierra Colorada
Tierra Colorada
Sabana de La Teta
Sabana de la Teta
Sabana del Soco
Sabana del Silencio
Sabana del Silencio
Sabana de Santiago
Sabana de San Francisco
Sabana Rincón
Sabana Pincón
Sabana Rincon
Sabana de Los Ranchos
Sabana de los Ranchos
Sabana de la Primera Yerba
Sabana del Primer Alto
Sabana del Plato
Sabana de Piedra Blanca
Sabana de Pedro
Sabana Palos de Sen
Sabana de Palomino
Sabana de Palmarejo
Sabana de La Palma
Sabana de Ofille
Sabana en Medio
Sabana del Medio
Sabana al Medio
Sabana Almedio
Sabana de Mata San Juán
Sabana de Mata de San Juan
Sabana de Maniel
Sabana de Los Martinez
Sabana de los Martinez
Sabana de Los Martínez
Sabana de los Indios
Sabana de Los Indios
Sabana de Los Germanes
Sabana Los Bolos
Sabana de Las Reyes
Sabana de La Mata de Agua
Sabana de Lajas
Sabana La Barranca
Sabana de la Araña
Sabana La Araña
Subida La Arana
Subida La Araña
Sabana de la Arana
Sabana Juan de Lino
Sabana Juan de Limo
Sabana del Jobo
Sabana Icacos Blancos
Sabana Hoyo La Cotorra
Sabana de Hato de Cabra
Sabana del Hato
Sabana Guarentén
Sabana Guarenten
Sabana del Candelon
Sabana de Genaro
Sabana del Estado
Sabana del Botado
Sabana Esperon
Sabana El Guarapo
Sabana de Guarapo
Sabana de El Estudio
Sabana del Estudio
Sabana de la Cuna del Arbol
Sabana de Corral Falso
Sabana de Chacuey
Sabana el Cerro
Sabana de la Canca
Sabana de la Canoa
Sabana de Cacheo
Sabana de Cocheo
Sabana de Buenavista
Sabana del Barrero
Sabana Barrero
Sabana de Barranca
Sabana de Baron
Sabana de Altamira
Sabana del Algodon
Foret de Ras el Youdi
Foret de la Mahouna
Rhaba Hadjar es Sîh
Rhaba Grine el Foula
Foret Domaniale d' El Kala
El Merdja
Marguab el Ayane
El Haouia
El Djdir
Ardh el Guentour
Zid el Male
Zdarate el Matmore
El Djana
El Nadja
El Kharrar
El Mandjou
El Argoub
El Merdja
Haci el Frid
Feid el Atach
El Arabat
El Hariga
El Djedri
El Ouadjel
Maṭbaq el-Ṣûfân
Matbaq el-Sufan
El-Midauwara
El-Mustagidda
El Tamathil el Bid
El-Wâṭîya
El Watya
El Waṭya
El-Maqbara
La Mesa
Las Mesas
Rana de la Laguna
El Chaparral
Monte de Alcol
Bosc de Xurriguera
Montes de Torozo
Monte de Torrozos
Montes de Torozos
Monte de la Reina
Pinar de la Plana
Monte Nariga
Bosque del Mormejar
Monte del Pardo
Bosque del Pardo
Monte de El Pardo
Monte de los Cabezos
Fageda del Samont
Montes de Malaga
Bodegas del Somontano
Carrascal de Villanua
Habert Valombre
Bois de Valambrey
Foret de Valdo-Niello
Foret Domaniale de la Tremblade
Foret de Quenecan
Bois de Perticajo
Bois de las Mounjos
Bois de la Mejarie
Bois de la Madeleine
Bois de la Madeleine
Foret de Luccio
La Huniere
Foret de La Ferte-Vidame
Bois de las Coronas
Clos-Vougeot
Bois de Campillos
Forêt de Calenzana
Bois de la Bruyere
Parc des Dryades
Balmacaan Forest
Pembrey Forest
Savanes de Pariacabo
Savane de Counamama
Mata Umpacaca
Mata de Cataba
Gusta Meda
Vidacevac
Gyor-erdo
Bela-erdo
Tarala Forest
Bela Forest
Estalu
Estalū
Naden-e Bala
Mardestan
Yengī Esperan
`Eyn os Sadat
Barri
Ardesar
Gidarreh
`Aliabad-e Pa'in
la t
Mey Valū
Hrífunesheði
El Qassam el Gharbi
El Huleila
El ‘Ārda
El `Arda
El ‘Abhara
El `Abhara
Mlaba Forest
Zqâq el Qoubab
Zaqouq el Mifdi
Zâqoûq el Mifdi
Sehâm el Aïn
Ard es Saouda
Sahl el Qarramé
Sahl el Qarrame
Qsar el Mir
Qabr el Badaoui
El Maouchi
Maqial en Njâssa
Horch el Manzalé
Horch el Malqa
Ard el Mellâha
Kroûm el Laouz
Hqoûl el Biyâd
Haqel es Sîri
Haqel es Siri
Haql el Halal
Haql el Halâl
Haql el Badaouîyé
Haql el Âgha
Haql el Agha
Deïr el Qantara
Deir el Qantara
Baidar el Haoura
Baïdar el Haoura
Ez Zrabe el Qobliye
Et Tarqa el Faouqa
Es Soueidiye
Es Soûs
Es Smaïrîyé
Es Slaïaa
Es Saouda
Es Saouda
As Saqy
Es Saqi
Es Salâmîyé
Es Seaaïdé
Es Safoue
Es Safoué
Es Safrâ
Es Safra
Es Safra
Es Saade
Arz el Blad
Arz el Barouk
En Rami
En Nqaïri
El Yarzé
El Ouaqf
El Aouanïni
El Aouanini
El Aaouaïni
El Aaouaini
El Qnaideh
El Qnaïdeh
El Qâreh
El Qareh
El Mzaïblé
El Mzaïbé
El Mzaibe
El Mzaible
El Mouchi
El Mhammadîyé
El Maaïsra
El Mazbar
El Mehfara
El Midane
El Masnaa
El Mechâraa
El Mecharaa
El Massara
El Massarra
El Martini
El Marjé
El Mqécher
El Majdoûb
El Majdoub
El Mahfara
El Mhariq
El Maghâssel
El Mghâyer
El Lejane
El Lejâne
El Kroum
El Kroûm
El Kroum
El Kroûm
El Kroum
El Kroûm
El Ksâr
El Ksar
El Ksâr
El Ksar
El Khouaibe
El Khodr
El Kharab
El Kharâb
Al Jarrar
Ej Jdide
El Hraïchi
El Hedoud
Al Ḩudūd
El Hédoûd
El Hmariet
El Haouch
El Haouarit
El Hâtoûm
El Hatoum
El Hanafe
El Hanafîye
El Hanafé
El Hamrâ
El Hamra
El Ghzaïyel
El Ghouaibe
El Ghouaïbé
El Ghaïdar
El Ghaidar
El Ghaïda
El Faida
El Ghaida
El Gharbîyé
El Ghabat
El Ftah
El Ftâh
El Berdaouniye
El Berdaounîyé
El Bir
El Bîr
El Bsatine
El Barouqïyé
El Berraniye
El Berrahiye
El Berrâhîyé
El Barqroûq
El Barqrouq
El Baranes
El Balouaa
El Bâloûaa
El Bahloûlîyé
El Baghlé
El Bedqa
El Aatîq
El Aardi
El Aaradi
El Aarâdi
El Aardi
El Aarâqîb
El Aaradi
El Aardi
El Hedaf
El Hedâf
Horch el Aabri
Haql el Mansab
El Derraniyat
En Nouqar
El Ghouaibe
El Ghabe
El Baal
El Hair
El Marj
El Khandaq
El Biadar
El Marj
El Haouta
Faouq el Ain
El Kharroube
El Aasfoura
El Ouata
El Mghariq
El Hamamir
El Ghouata
El Fane
El Marj
El Kroum
El Hamar
El Marj
El Bār
El Bar
El Bat
El Ksra
El Hamrat
Boustane el Bayad
El Horch
El Lamaa
El Haouarat
El Himi
Ras el Waar
El Khalle
Ard es Sabbane
El Horch
Daouaouir el Ouadi
El Fotm
El Ouata
El Khasfe
El Maqtane
El Hanouch
El Hmairi
El Matarih
El Mrouj
El Bass
El Mrah
El Friz
El Baidar
El Blata
El Mall
El Kroum
Jrane el Baqbouq
El Gharb
El Hamra
El Mrouj
El Masroud
El Aamair
El Meouchi
Es Saifi
Es Saouad
El Houat
Es Sidr
El Gharb
El Qateaa
El Aouad
El Aouad
El Aaqbe
El Marj
El Khandaq
El Hadire
El Mtaouij
El Qbai
El Mghariq
El Ghabe
El Aatol
El Bahouat
El Qanater
El Mtaoui
El Mjarr
El Hsain
El Mdaoura
El Kaf
El Mouaqed
Es Sanad
El Malloul
Jouar el Aarab
Haql el Fai
El Maqatem
El Ghabe
El Qacha
El Kroum
El Aarid
Haql Mostafa
El Lejne
Haql es Saouda
El Mislane
El Aaoude
El Hiara
El Ouata
El Hariqa
El Marj
El Mqassat
Jall el Qana
Ouadi es Sbar
Borj el Qoble
El Mrasrass
El Bouaidra
Es Sana
El Ouaar
El Marj
El Fendqaya
El Meqsassi
El Baqs
El Ghareq
El Maqalea
El Bahje
Es Saouda
El Ouastat
El Marje
Es Salalem
El Ghodrane
El Bsatine
El Msatih
Souq el Establ
El Ouatiye
El Midane
El Hamari
El Bat
El Mdaouara
El Mdaouar
El Bouaidrat
Oura el Harf
Haql el Mehfara
El Fkhit
El Msil
El Homsi
El Hallal
El Qarie
Es Saouane
El Ghouabi
El Hemi
El Ouata
Souede
El Horch
Haql el Qobbe
El Ghouaibe
El Bir
Es Sous
El Boustane
El Qarqouf
El Horch
El Marrane
Baidar el Hourani
El Qacha
El Kroum
El Kroum
El Aardane
El Qobrissiye
El Barraniyat
El Himi
El Qasbi
El Ksar
Ard el Baida
El Haouch
El Assil
El Midane
El Halabloub
El Ouaqf
El Boustane
Baidar el Melk
Es Saqi
El Mantara
El Khasfat
El Mtaifha
El Ghouabi
El Malzaq
El Mouassi
El Mostah
Ain el Rihane
El Aarbe
El Haqle
El Hariqa
El Ghabe
El Hiarat
Haql el Farah
El Hafafi
El Ghabe
Ain el Qotn
El Hiarat
El Biader
El Bssal
El Msil
El Qerrami
El Malqa
El Menqara
El Ftouh
El Maramed
El Biara
El Manqabe
Rbaa Faouq el Haouch
El Qerram
El Hmai
El Maqbara
El Aaouj
El Mdaouara
El Qeraaouni
El Mlaqqah
El Qatouaa
Borj el Ain
El Hemi
El Hamrat
El Araneb
Es Saouane
El Mray
El Qerrami
El Aaouje
El Hamra
El Quassayet
El Manzoul
El Aardi
El Qaous
El Ghiad
En Naqbe
El Hariqa
En Naqbe
El Baidar
El Ksar
El Aaouaj
El Kroum
El Maasra
El Bir
Ard el Msalib
Haql el Aabd
El Kroum
Ed Deqrane
El Fotm
El Qacha
Maqial el Qold
Haql el Ain
El Horch
El Baale
El Ouati
El Qorne
El Ghilane
El Qasser
Haql el Baida
Haql el Faras
El Baleaa
El Qiriaqi
El Aaesri
El Hameri
El Harayeq
El Aarid
El Bsatine
El Massiade
El Kharabne
El Hamra
El Boustane
Ard el Bouabe
El Maghariq
El Marj
El Mighraqa
Horj el Assouad
El Marqad
El Mahbas
El Aafsa
El Hyour
Tlal Ain el Qouq
El Kroum
El Msil
El Malzaq
El Maghari
Jilal el Michti
Erradi
El Marj
El Borj
El Qabouat
El Bellane
El Aazaqi
Jouar el Aamoud
El Baal
El Hbaichiye
El Aarmouta
El Aazzaqi
El Kroum
Es Souanat
El Ouata
El Bsatine
El Midane
El Aouaini
El Fesqine
El Mossar
El Hmaira
El Aaqbat
El Haouch
El Mellah
El Ftaira
En Nqari
El Aarbi
El Blatat
El Marje
El Hariqa
Zaroub el Ain
El Bqaiaa
El Biader
El Bsatine
El Aatayeq
El Marje
El Gharb
El Aaouainat
El Mtoll
El Hamra
El Marrouj
El Aarbi
El Mijar
El Manchra
El Ghabat
El Fouar
El Aallouch
Ard el Ghabe
El Fraidis
Saint Isadore's
Eluapola
Nurmenes Mezs
Nicgales Mezs
Madonas Mezs
Lacplesis Mezs
Cenas Tirelis
Got es-Sófna
El-Gubba
El-Gùbba
El-Glaa
El-Galáa
El-Magàl
El-Magal
Got el-Mgarín
El-Mlezz
Got Gióua
Carmùs el Bàar
Carmus el Baar
Carmuset el-Huadeg
Guet el-Fágar
Got el-Beiada
Es-Seniúra esc-Scerghia
Got el-Arca
El-Auelia
El Megzaha
Gsur esc-Sciaír
Gaba el Araich
Gaba el Araïch
Gaba del Araix
Ghaba el Araich
Rhaba el Araich
Ghaba el Araïch
Rhaba el Araïch
Alan’ Esetra
Alan' Esetra
Andolobe
Corridor forestier de Fandriana Vondrozo
Aguidouel
El Goueira
El Melga
Seminario San Jose
Planicie do Impamputo
Planicie Gamende
Guezaoua
Edese Bos
Brestbos
Baronie Cranendonck
Pampa Acuyauca
Pajonal Mencoriani
Pampa Dolores
Ginalas Forest
Lucero Forest
Sinacdoran Forest
Lala Musa Protected Forest
Ilaqa Nambla Forest
Haidarabad Forest
Sargala Forest
Sosal Forest
Sarri
Doctor Fazal Mango Farm
Las Rogalice
Grande Bouillee de la Cascade
Bosque Estatal Los Morillos
Bosque Estatal de Bosqueron
Bosque Estatal de Guajataca
Bosque Estatal de Guanica
Bosque Estatal de Guilarte
Bosque Estatal de Pinones
El Yunque National Forest
El Qarāwa el Fauqa
El Muraba‘a
El Muraba`a
El `Asharin
Pinhal de El-Rei
Mata Nacional do Urso
Mata de Pindela
Mata de Lavos
Mata de Labruge
Yerbales del Yuqueri
Montes de Tatucua
Montes de Tacuati de la Forestal Paraguaya
Montes de Tacuatí
Monte de Tacuati
Monte de Tacuatí
Montes de Tacuati
Montes de Tacuatí de la Forestal Paraguaya
Yerbales de Santa Teresa
Yerbales del Salto Guaira
Yerbales del Pirapyta
Yerbales del Pira-Piuta
Yerbales del Pirá-Piutá
Yerbales del Pirapytá
Yerbales del Pirapytay
Yerbales del Payaguary
Yerbales del Itabo
Yerbal Cerrito
Yerbal Carrillo
Montes de Capiibary
Montes Añaretá
Montes Anareta
Monte Añaretá
Yerbales Afluentes del Monday
Padure Hoslagu
Padure Comunala
Padure Lascu
ocna mures
ocna-mures
Les Pridorozhnyj
Les Pridorozhnyy
Les Pridorozhnyj
Les Pridorozhnyy
Les Molodoj
Les Sidorov
Les Afanas'yev
Gicaca
Taras el Qteab
Es S‘mer
Es S`mer
El May‘a
En Naqu
En Naqu
Ed Den es Salam
El Barqa
Qabat es Salama el Mahgoza
Horna Fure
Ber Funuccia
Mactaa el Hajar
Ard el Mabroûd
Arḑ al Mabrūd
Ard el Mabroud
El Zahoura
El Mactaa
El Malek
El Beïda
El Beida
El Bâqilli
El Baqilli
El Amir
El Mrite
Ard el Ajoun
Ard el Majdel
Loro
Aloro
Jubiya Forest
Bugondo Hill
Escambia National Experimental Forest
Elmgrove
Eno Pines
Barre Municipal Forest
Barre Municipal Forest
Fair Haven Municipal Forest
Lyndon Municipal Forest
Montpelier Municipal Forest
Proctor Village Municipal Forest
Proctor Village Municipal Forest
Vergennes Municipal Forest
Sierra Ancha Experimental Forest
Buena Vista Grove
Los Padres National Forest
El Palo Alto
San Dimas Experimental Forest
San Joaquin Experimental Range
El Bosque
Espanola Ranger District
Cascade Head Experimental Forest
Mauna Loa Forest Reserve
Vinedo de los Vientos
Sabana El Rincon
Sabana de Piedra
Sabanas de Jabillar
Sabana de Chapure
Sabana Los Boches
Sabanas de Soropo
Sabanas de San Rafael
Sabanas de San Miguel
Sabanas de Las Ramirenas
Sabanas del Polvo
Sabanas de Los Panches
Sabanas del Paguey
Sabanas de Padreno
Sabanas del Olivo
Sabanas de Los Mitiaos
Sabanas de Las Mercedes
Sabanas de Menudito
Sabanas de Martinero
Sabana Las Maracas
Sabana de Jacoa
Sabanas de Garzas
Sabanas de Erica
Sabanas Las Cruces
Sabanas de Las Cocuizas
Sabanas de Ciruelito
Sabanas El Cerrito
Sabanas Los Carroas
Sabanas de Carrao
Sabanas de Buenos Aires
Sabanas de Belen
Sabanas de Anime
Sabana Venado
Montanas de Turen
Montana de Turen
Selva de Ticoporo
Montanas del Tablantero
Montana del Supamo
Montanas de San Pedro
Montana de San Jose
Selvas de San Camillo
Selva de San Camilo
Sabana de Quererepa
Sabana de Quereparo
Sabana de Perucho
Sabana de Paparo
Montanas del Palmar
Sabana de Murucuti
Sabana de Mumuche
Mata de Morrocoy
Sabana de Morillo
Montanas de Monterralo
Montanas de Merecuron
Montana Melendrero
Montana de Mata Rala
Montana de Maribisi
Montanas de Madre Vieja
Sabana Los Muertos
Montanas Los Canitos
Monte de Los Banos
Sabana del Lindero
Montana de La Veguita
Montanas de Las Peleteras
Montanas de La Pica
Montanas de La Marranera
Montanas de La Erica
Montanas de La Danta
Montes de La Cuchara
Montanas de La Cruces
Sabana del Jobo
Montana de Jacoa
Montanas de Hojas Blancas
Sabana de Guadalupe
Montanas de Guacharaquero
Sabana del Grito
Montana El Zapatero
Montanas El Muerto
Montanas El Clavo
Montanas de Cordero
Montana del Choco
Sabana de Chicaramoa
Montana de Carvajal
Sabana de Carorita
Sabana de Carora
Sabana de Corora
Sabanas del Caribe
Montanas de Caparo
Sabana de Cagua
Montana de Buena Vista
La Montana de Buena Vista
Montaña de Buena Vista
La Montaña de Buena Vista
Montanas de Bejuquero
Sabanas de Barrancas
Montanas de Anaro
Sabanas Los Blancos
Sabanas del Caiman
Montana de Santa Agueda
Sabanas El Caiman
Sabanas de La Miel
Sabanas Gallardero
Sabanas de San Rafael
Sabanas de Los Venados
Sabanas de Carrao
Sabana del Socorro
Sabana Camachero
Sabana de La Valla
Sabanas de Pueblo Nuevo
Potreros El Caiman
Sabanas de La Mata
Sabanas de Cuatro Alambres
Selva de Margua
Montanas de Guayabal
Sabanas El Crisol
Sabana del Potrero
Sabana de Santa Rita
Sabanas del Leon
Sabanas Los Morrocoyes
Sabanas de Cariben
Sabanas de Carutal
Sabana del Porvenir
Sabanas de La Culebra
Sabana del Tigre
Montanas de Santa Anita
Montana de Mata Rala
Sabanas de Nuevo
Sabana de Higuito
Sabanas del Blanco
Sabanas de Boqueron
Sabanas El Canito
Sabanas El Cangrejo
Sabanas del Caruto
Sabanas de Chucuto
Sabana de Lavieri
Sabana Los Leones
Sabanas Morro Mocho
Sabanas de La Pena
Sabana de Rubio
Sabana de La Salineta
Sabanas de La Sutilera
Sabanas de La Tabarera
Sabanas del Tapiz
Sabana de Torrealbero
Sabanas El Isleno
Sabanas Las Micaela
Sabanas El Rosario
Sabanas La Villa
Sabana de Mumuche
Sabana de Piedra
Sabanasdel Rodeo
Sabana de Ventura
Sabana de Calceta
Sabana de Escoba
Sabanas de Llano Largo
Potrero El Aljibe
Sabanas del Cura
Sabana Potrera
Sabanas El Vegon
Sabana de Campeche
Sabanas de Venturini
Sabanas de Venturini
Sabanas Las Cabras
Sabanas de Flor Amarillo
Sabanas La Gloria
Sabanas de Morrocoy
Sabanas Los Mostrencos
Sabanas de Las Uvitas
Sabana del Viento
Sabanas de Jobito
Sabanas del Pinero
Sabanas del Plan
Sabana del Socorro
Sabanas de Las Yemas
Sabanas de Charco Azul
Sabanas del Corral Viejo
Sabanas de Curitero
Sabana de Mata Larga
Sabana de Peonia
Sabana Acevedena
Sabana de Oro
Sabanas de Acapulco
Sabanas de Las Alcancia
Sabanas de Alcornocal
Sabanas de El Artahomero
Sabanas de Buenos Aires
Sabanas de Cardonal
Sabanas de El Caribe
Sabanas de Chaparral
Sabanas de La Coromoto
Sabanas de Coronero
Sabanas de La Esperanza
Sabanas de Las Esperanza
Sabanas de Las Flores
Sabana de La Guanota
Sabanas de Laguneta
Sabanas de Lagunota
Sabana de Macanillal
Sabanas de Macanillal
Sabanas de Merecuron
Sabanas de La Miel
Sabanas Monoseros
Sabanas de Morichito
Sabanas de Morrocoy
Sabanas Nacionales
Sabanas de Palambra
Sabanas de Pastora
Sabanas de Pinero
Sabana del Porvenir
Sabanas Las Pradena
Sabanas del Progreso
Sabanas de Punta Brava
Sabanas Queseras del Medio
Sabanas de San Antonio
Sabanas de San Antonio
Sabanas de San Felipe
Sabanas de San Gregorio
Sabanas de San Jose
Sabanas de San Pablo
Sabanas de San Pedro
Sabanas de Santa Elena
Sabanas de Santa Fe
Sabanas del Temblador
Sabanas de Temblor
Sabanas de La Victoria
Sabanas del Yopal Nuevo
Sabana del Pegon
Sabana de San Ramon y Majomote
Sabana de los Caballos
Sabana de Capachales
Sabana de Carrizales
Sabana Corocito
Sabana de La Laja
Sabana de Palometas
Sabana del Roble
Gounabos
Goesabos
