Xixerella
Vedat dels Plans
Veda del Castellar
Vall del Riu
Tosa d'Incles
Sorteny
Solanes de la Peguera
Solana del Forn
Solana de l'Estall Serrer
Solana de la Baronia
Sola de Soldeu
Sola d'Erts
Sola de Riambert
Sola de Ramio
Sola d'Engordany
Sola d'Enclar
Sola d'Encamp
Sola de Mossers
Sola del Tarter
Sola dels Sulls
Sola dels Plans
Sola del Quart Mitger
Sola del Pui
Sola de la Moixella
Sola de l'Aldosa
Sola de la Farga
Sola d'Arcavell
Sola d'Andorra
Sola d'Aixovall
Sobre dels Camps de la Cortinada
Siscaro
Setut
Seturia
Parroquia de Sant Julia de Loria
Rocs Negres
Rocafort
Riu del Seig
Riba Escorjada
Rialb
Rep
Racons
Prat Primer
Pla de l'Ingla
Pla de l'Estany
Percanela
Perafita
Pas de la Casa
Partida de l'Any de la Part
Partida de la Grella
Palomer
Ortafa
Parroquia d'Ordino
Obaga d'Enclar
Obaga de l'Estall Serrer
Obaga de la Gonarda
Obaga de Juberri
Obaga de Fontverd
Obaga d'Ansalonga
Obaga d'Andorra
Obac d'Incles
Obac de Soldeu
Obac de Sispony
Obac d'Envalira
Obac d'Encamp
Obac del Tarter
Obac dels Cortals
Obac de Canillo
Obac d'Anyos
Montmantell
Montmalus
Montaup
Mereig
Mas d'Alins
Lloset
L'Hospital
Les Tallades
Les Planes
Les Neres
Les Deveses
Les Costes
Les Agols
L'Ensegur
La Uina
La Solana
La Senyoreta
L'Armiana
La Rabassa
La Rabassa
La Portella
La Peguera
L'Angonella
La Molina
Parroquia de la Massana
La Margineda
La Mandurana
La Llosada
La Llonga
La Gonarda
La Coruvilla
La Cabanella
La Bor
La Bartra
Juclar
Juberrussa
Gargantillar
Galliner
Francoli
Fontverd
Feritxet
Estall Serrer
Espeluga
Escalluquer
Envalira
Entor
Ensagents
Engolasters
Engait
Encampadana
Parroquia d'Encamp
Emportona
El Vedat
Els Plans
Els Pessons
Els Graus
Els Fenerals
Els Estanys
El Seig
Els Cortals
Els Colells
El Saquet
El Riguer
El Pardal
El Noguer
El Mas
El Maia
El Madriu
El Jou
El Griu
El Forn
El Cubil
El Cresper
El Confos
El Castellar
El Brossos
Costa de les Neres
Coma Pedrosa
Coma Obaga
Comallempla
Coma Estremera
Coma de Ransol
Coma dels Llops
Clots de Massat
Clots de l'Os
Claror
Casamanya
Canolic
Parroquia de Canillo
Cabana Sorda
Bosc del Coll d'Ordino
Bordes de Ramonet
Besali
Beixalis
Aubinya
Anrodat
Principality of Andorra
Parroquia d'Andorra la Vella
Aixas
Parroquia d'Escaldes-Engordany
United Arab Emirates
Umm al Qaywayn
Ra's al Khaymah
Dubayy
Ash Shariqah
Al Fujayrah
`Ajman
Abu Zaby
Wilayat-e Zabul
Wilayat-e Wardak
Wilayat-e Takhar
Wilayat-e Sar-e Pul
Wilayat-e Samangan
Wilayat-e Parwan
Wilayat-e Paktika
Wilayat-e Paktiya
Wilayat-e Uruzgan
Wilayat-e Nimroz
Wilayat-e Nangarhar
Wilayat-e Logar
Wilayat-e Laghman
Wilayat-e Kunduz
Wilayat-e Kunar
Wilayat-e Kapisa
Wilayat-e Kandahar
Wilayat-e Kabul
Wilayat-e Jowzjan
Wilayat-e Herat
Wilayat-e Helmand
Gelan
Wilayat-e Ghor
Wilayat-e Ghazni
Faryab Province
Wilayat-e Farah
Wilayat-e Bamyan
Wilayat-e Balkh
Wilayat-e Baghlan
Wilayat-e Badghis
Wilayat-e Badakhshan
Islamic Republic of Afghanistan
Velayat-e Khowst
Velayat-e Nurestan
Wilayat-e Daykundi
Panjshir
Arghanj Khwah
Argo
Baharak
Darayim
Darwaz-e Bala
Darwaz-e Pa'in
Faizabad
Ishkashim
Jurm
Khash
Khwahan
Kiran wa Munjan
Kishim
Kohistan
Kuf Ab
Raghistan
Shahr-e Buzurg
Shighnan
Shiki
Shuhada
Tagab
Tashkan
Wakhan
Warduj
Yaftal-e Sufla
Yamgan
Yawan
Zaybak
Ab-e Kamari
Ghormach
Jowand
Muqur
Murghab
Qadis
Qal`ah-ye Now
Andarab
Baghlan-e Jadid
Burkah
Dahanah-ye Ghori
Deh-e Salah
Doshi
Firing wa Gharu
Guzargah-e Nur
Khinjan
Khost wa Firing
Khwajah Hijran
Nahrin
Pul-e Hisar
Talah wa Barfak
Kahmard
Panjab
Sayghan
Shaybar
Waras
Yakawlang
Anar Darah
Bakwah
Bala Buluk
Gulistan
Khak-e Safed
Lash-e Juwayn
Pur Chaman
Pusht-e Rod
Qal`ah-ye Kah
Shayb Koh
Khan-e Chahar Bagh
Almar
Andkhoy
Bal Chiragh
Dowlatabad
Gurziwan
Khwajah Sabz Posh
Kohistan
Maimanah
Pashtun Kot
Qaisar
Qaram Qol
Qurghan
Shirin Tagab
Ab Band
Ajristan
Andar
Bahram-e Shahid
Deh Yak
Ghazni
Giro
Jaghuri
Khwajah `Omari
Malistan
Muqer
Nawah
Nawur
Qarah Bagh
Rashidan
Waghaz
Wali Muhammad Shahid Khugyani
Zanakhan
Chaghcharan
Chahar Sadah
Du Lainah
Dowlatyar
La`l wa Sar Jangal
Pasaband
Saghar
Shahrak
Taywarah
Tulak
Baghran
Dishu
Garm Ser
Kajaki
Lashkar Gah
Musa Qal`ah
Nad `Ali
Nahr-e Saraj
Nawah-ye Barakzai
Now Zad
Reg-e Khan Neshin
Sangin
Washer
Adraskan
Chisht-e Sharif
Farsi
Ghoriyan
Gulran
Injil
Karukh
Kuhsan
Kushk
Kushk-e Kuhnah
Guzarah
Obeh
Pashtun Zarghun
Shindand
Zindah Jan
Bagrami
Chahar Asyab
Deh-e Sabz
Farzah
Gul Darah
Istalif
Kalakan
Khak-e Jabar
Mir Bachah Kot
Musahi
Paghman
Qarah Bagh
Sarobi
Shakar Darah
Alah Say
Hisah-ye Awal-e Kohistan
Hisah-ye Duwum-e Kohistan
Koh Band
Mahmud-e Raqi
Nijrab
Tagab
Shah Wali Kot
Azrah
Baraki Barak
Charkh
Kharwar
Khoshi
Muhammad Aghah
Pul-e `Alam
Achin
Bati Kot
Bihsud
Chaparhar
Darah-ye Nur
Deh Bala
Dur Baba
Goshtah
Hisarak
Jalalabad
Kamah
Khugyani
Kot
Kuz Kunar
La`lpur
Mohmand Darah
Naziyan
Pachir wa Agam
Rodat
Sherzad
Shinwar
Surkh Rod
Chahar Burjak
Kang
Khash Rod
Zaranj
Arghandab
Arghistan
Daman
Ghorak
Khakrez
Ma`ruf
Maywand
Mya Neshin
Nesh
Panjwa'i
Registan
Shorabak
Spin Boldak
Zharey
`Aliabad
Dasht-e Archi
Chahar Darah
Imam Sahib
Khanabad
Qal`ah-ye Zal
Baharak
Bangi
Chah Ab
Chal
Darqad
Dasht-e Qal`ah
Farkhar
Hazar Sumuch
Ishkamish
Kalafgan
Khwajah Bahawuddin
Khwajah Ghar
Namak Ab
Rustaq
Taluqan
Warsaj
Yangi Qal`ah
Chak-e Wardak
Daymirdad
Hisah-ye Awal-e Bihsud
Jaghatu
Jalrayz
Maidan Shahr
Markaz-e Bihsud
Nerkh
Sayyidabad
Arghandab
Atghar
Daychopan
Kakar
Mizan
Now Bahar
Shah Joy
Shamulzai
Shinkai
Tarnek wa Jaldak
Bermal
Dilah
Giyan
Gomal
Jani Khel
Muta Khan
Nikeh
Omnah
Urgun
Sar Rowzah
Sarobi
Sharan
Terwo
Wazah Khwah
Wur Mamay
Yahya Khel
Yosuf Khel
Zarghun Shahr
Ziruk
Chahar Bolak
Chahar Kent
Chimtal
Dehdadi
Dowlatabad
Kaldar
Khulm
Kishindeh
Marmul
Nahr-e Shahi
Shahrak-e Hairatan
Sholgarah
Shor Tepah
Zari
Aqchah
Darzab
Faizabad
Khamyab
Khanaqa
Khwajah Du Koh
Mardian
Mingajik
Qarqin
Qush Tepah
Shibirghan
Aibak
Darah-ye Suf-e Bala
Darah-ye Suf-e Pa'in
Fayroz Nakhchir
Hazrat-e Sultan
Khuram wa Sar Bagh
Ruy Du Ab
Balkhab
Gosfandi
Kohistanat
Sangcharak
Sar-e Pul
Sayad
Sozmah Qal'ah
Asadabad
Bar Kunar
Chapah Darah
Tsowkey
Dangam
Darah-ye Pech
Ghaziabad
Khas Kunar
Marawarah
Narang
Nari
Nurgal
Sar Kani
Shigal wa Sheltan
Watahpur
`Alingar
`Alisheng
Dowlat Shah
Mehtar Lam
Qarghah'i
Ahmadabad
Tsamkani
Dand Patan
Gardez
Jaji
Jani Khel
Lajah Ahmad Khel
Sayyid Karam
Shwak
Dzadran
Zurmat
Bak
Gurbuz
Jaji Maidan
Khost
Manduzai
Musa Khel
Nadir Shah Kot
Qalandar
Sabari
Shamul
Sperah
Tanai
Terayzai
Barg-e Matal
Du Ab
Kamdesh
Mandol
Nurgaram
Parun
Wama
Waygal
Chorah
Deh Rawud
Khas Uruzgan
Shahid-e Hasas
Tarin Kot
Bagram
Charikar
Jabal us Saraj
Koh-e Safi
Salang
Sayyid Khel
Shaykh `Ali
Shinwari
Siyahgird Ghorband
Surkh-e Parsa
Gayti
Gizab
Ishtarlay
Kajran
Khadir
Mir Amor
Nili
Sang-e Takht
Shahristan
`Unabah
Bazarak
Darah
Khinj
Parian
Rukhah
Shutul
Mihtarlam
Dara-I-Suf
Qala-I-Zal
Qala-i-Naw
Ragh
Kabul
Hisa-I-Awali Panjsher
Kunduz
Reg
Chakhansur
Farah
Bamyan
Bahrami Shahid
Puli Khumri
Surobi
Qalat
Shahrak
Chawkay
Kuran Wa Munjan
Shibar
Surkhi Parsa
Dih Bala
Garmsir
Nawa-i-Barakzayi
Nahri Shahi
Sholgara
Dih Yak
Day Mirdad
Alishing
Chahar Dara
Tani
Azra
Sirkanay
Marawara
Qarghayi
Kushk-e Kuhnah
Daykundi
Markazi Bihsud
Hisa-I-Awal Bihsud
Nirkh
Dand
Parish of Saint Philip
Parish of Saint Peter
Parish of Saint Paul
Parish of Saint Mary
Parish of Saint John
Parish of Saint George
Redonda
Barbuda
Antigua and Barbuda
Anguilla
Komuna e Dropullit i Siperm
Vllahat
Komuna e Vergojes
Komuna e Dropullit i Poshtem
Bashkia e Sarandes
Rrethi i Sarandes
Muzine
Komuna e Mesopotamit
Komuna e Livadhjes
Lefterohor
Bashkia e Konispolit
Grave
Gjashte
Fitore
Komuna e Finiqit
Bashkia e Delvines
Cerkovice
Rrethi i Delvines
Bashkia e Bilishtit
Zvarisht
Zonja Curre
Zogjaj
Zogas
Zogaj
Zherke
Zhepove
Komuna e Zhepes
Komuna e Zerqanit
Zenisht
Zdrajsh
Komuna e Zavalines
Komuna e Zapodit
Komuna e Zall-Recit
Komuna e Zall-Dardhes
Zajs
Komuna e Xibrit
Komuna e Voskopojes
Vlad
Komuna e Vithkuqit
Vishocice
Vidhan
Vicidol
Verzhezhe
Verri
Verri
Komuna e Vendreshes
Komuna e Velcanit
Komuna e Ujmishtit
Komuna e Udenishtit
Komuna e Tunjes
Tucep
Komuna e Leshnjes
Tropoje
Komuna e Tropojes
Rrethi i Tropojes
Tregtan
Komuna e Trebinjes
Trebicke
Tplan
Komuna e Topojanit
Topojan
Komuna Tomin
Bashkia e Tepelenes
Tac
Komuna e Surrojit
Komuna e Sukes
Strikcan
Strelce
Komuna e Stravajt
Komuna e Stebleves
Srriqje
Spac
Sovjan
Sopot
Sojnik
Komuna e Slloves
Sllatine
Slabinje
Rrethi i Skraparit
Komuna e Skenderbegasit
Komuna e Shushices
Komuna e Shupenzes
Shumice-Ahmataj
Shtylle
Komuna e Shtiqenit
Shtike
Shtermen
Shoshan
Shmil
Komuna e Shishtaveci
Komuna e Shirgjanit
Shikaj
Shemrize
Shemri
Komuna e Selishtes
Selenice
Selcke
Komuna e Roshnikut
Radokal
Radesh
Radanj
Komuna e Qukesit
Qinam-Radovicke
Qafzez
Rrethi i Pukes
Psar
Bashkia e Perrenjasit
Prrenjas
Komuna e Progerit
Komuna e Rukajt
Komuna e Potomit
Komuna e Porocanit
Komuna e Polisit
Bashkia e Policanit
Komuna e Pogonit
Polene
Komuna e Pojanit
Bashkia e Pogradecit
Rrethi i Pogradecit
Pleshisht
Plase
Piste
Piskal
Komuna e Pishajt
Komuna e Pirgut
Komuna e Picarit
Komuna e Petranit
Bashkia e Peshkopise
Bashkia e Permetit
Rrethi i Permetit
Papaj
Pac
Pac
Komuna e Ostrenit
Osnat
Komuna e Oroshit
Komuna e Orenjes
Okshtun
Ogren
Odrican
Komuna e Novoseles
Nje Maj
Komuna e Zagorit
Myhejan
Komuna e Mollasit
Komuna e Mollasit
Mocan
Rrethi i Mirdites
Komuna e Mirasit
Mican
Mertinj
Komuna e Melanit
Mbrakull
Rrethi i Matit
Mashkullore
Mashan
Komuna e Martaneshit
Markaj
Maricaj
Komuna e Margegaje
Komuna e Margegajt
Komuna e Maqellares
Bashkia e Maliqit
Malind
Komuna e Macukullit
Lusen
Komuna e Lures
Komuna e Lunikut
Komuna e Lumasit
Lumalas
Komuna e Llugajt
Komuna e Liqenasit
Bashkia e Librazhdit
Rrethi i Librazhdit
Bashkia e Libohoves
Bashkia e Leskovikut
Komuna e Leniasit
Komuna e Lekasit
Komuna e Lazaratit
Laktesh
Komuna e Labinotit Fushe
Kurdari
Komuna e Kukurit
Rrethi i Kukesit
Kryezi
Bashkia e Krumes
Krickove
Kreshove
Krastes Qyteti i
Sylaj
Kosine
Bashkia e Korces
Rrethi i Korces
Komuna e Kolshit
Rrethi i Kolonjes
Komuna e Kodovjatit
Rrustemaj
Klos
Komuna e Klosit
Komuna e Trebishtes
Kerrnaje
Bashkia e Kelcyres
Komuna e Luznit
Komuna e Kastriotit
Karkanjoz
Kamenice
Komuna e Kalisit
Kalimash
Komuna e Kalajes e Dodes
Kajce
Hoxhaj
Komuna e Hotolishtit
Hormove
Komuna e Hocishtit
Helshan
Helmes
Gurshqipe
Komuna e Gurres
Gurkuq
Guri i Bardhe
Grunjas
Grepcke
Rrethi i Gramshit
Gostivisht
Komuna e Gostimes
Gostil
Gorice e Madhe
Komuna e Golajt
Gojan i Eperm
Komuna e Gjorices
Bashkia e Gjirokastres
Rrethi i Gjirokastres
Komuna e Gjinarit
Komuna e Gjinajt
Komuna e Gjergjanit
Komuna e Gjerbesit
Komuna e Gjegjanit
Fushe-Peshtan
Komuna e Muhurit
Komuna e Fushe-Cidhnes
Bashkia e Fushe-Arrezit
Komuna e Gryke Cajes
Komuna e Frasherit
Flet
Fitore
Komuna e Fajzes
Bashkia e Ersekes
Bashkia e Elbasanit
Rrethi i Elbasanit
Dunice
Drize
Drithas
Komuna e Drenoves
Dragot
Dragostunje
Dovolan
Dorez
Domgjon
Dobrenj
Dishnice
Rrethi i Dibres
Komuna e Derjanit
Darzeze
Dardhe
Bashkia e Corovodes
Komuna e Clirimit
Cidhen
Ceruje
Komuna e Cepanit
Komuna e Carshoves
Komuna e Buzit
Komuna e Bushtrices
Bashkia e Burrelit
Bashkia e Bulqizes
Komuna e Bujanit
Komuna e Bucimasit
Bucaj
Bubes
Brozdovec
Komuna e Funarit
Borje
Blinisht
Komuna e Blerimit
Komuna e Bicajt
Berzeshte
Rrethi i Beratit
Bellove
Begaj
Komuna e Barmashit
Bargullas
Bardhoc
Bardhaj
Barc
Komuna e Ballabanit
Bajram Curri
Babine
Asim Zeneli
Arst
Komuna e Arrenit
Arre-Molle
Republic of Albania
Mejdan
Rrethi i Hasit
Rrethi i Bulqizes
Rrethi i Devollit
Komuna e Cepojes
Komuna e Leskovikut
Bashkia e Bajram Curri
Komuna e Fierzes
Komuna e Fierzes
Komuna e Bytycit
Komuna e Malzit
Komuna e Qafa e Malit
Bashkia e Kukesit
Komuna e Terthores
Komuna e Fanit
Komuna e Selites
Komuna e Arrasit
Komuna e Lisit
Komuna e Sucit
Komuna e Shengjergjit
Komuna e Fushe Bulqizes
Komuna e Qender Librazhdit
Corraj
Demaliaj
Sinanaj
Gosturan
Qarku i Beratit
Qarku i Dibres
Qarku i Elbasanit
Qarku i Gjirokastres
Qarku i Korces
Qarku i Kukesit
Komuna e Lukoves
Bashkia e Ballshit
Zhitom
Komuna e Zharrezit
Zhapokike
Zgjane
Komuna e Zejmenit
Komuna e Zall-Herrit
Zall-Dajt
Komuna e Zall-Bastarit
Vrap
Komuna e Vranishtit
Bashkia e Vores
Bashkia e Vlores
Rrethi i Vlores
Verri
Komuna e Velipojes
Veleshnje
Komuna e Vaqarrit
Vajze
Uznove
Bashkia e Ures Vajgurore
Komuna e Ungrejit
Komuna e Ulezes
Trevllazer
Toshkez
Bashkia e Tiranes
Rrethi i Tiranes
Komuna e Terpanit
Komuna e Terbufit
Rrethi i Tepelenes
Tarazh
Komuna e Kelmendit
Synej
Bashkia e Sukthit
Komuna e Strumit
Starove
Sorave
Komuna e Sinjes
Komuna e Lopesit
Komuna e Shoshit
Komuna e Shllakut
Bashkia e Shkodres
Rrethi i Shkodres
Shkalle
Bashkia e Shijakut
Komuna e Shezes
Shesh
Sherishte
Sheqez
Komuna e Shengjinit
Shengjergj
Komuna e Shalesit
Komuna e Shales
Komuna e Sevasterit
Seman
Bashkia e Selenices
Saver
Komuna e Farkes
Bashkia e Rubikut
Bashkia e Rrogozhines
Bashkia e Rreshenit
Komuna e Rrashbullit
Komuna e Rrases
Bashkia e Roskovecit
Risili
Komuna e Remasit
Rehove
Ramice
Komuna e Qesaratit
Komuna e Qerretit
Qeparo
Komuna e Qelezes
Bashkia e Pukes
Prosek
Komuna e Kurveleshit
Priske e Madhe
Komuna e Prezes
Komuna e Poshnjes
Pog
Komuna e Pezes
Komuna e Petreles
Peshkepi
Komuna e Perparimit
Perlat
Komuna e Perondit
Bashkia e Peqinit
Bashkia e Patosit
Komuna e Paperit
Komuna e Pajoves
Paftal
Bashkia e Orikumit
Komuna e Ana e Malit
Nuaj
Komuna e Novoseles
Komuna e Nikles
Ngurrez
Komuna e Ndroqit
Nderfushaz
Narte
Munaz
Mullet
Mjede
Komuna e Milotit
Komuna e Postribes
Mertur
Bashkia e Memaliajt
Mavrove
Bashkia e Manzes
Bashkia e Mamurrasit
Komuna e Maminasit
Malaj
Komuna e Luzit i Vogel
Bashkia e Lushnjes
Rrethi i Lushnjes
Lulezim
Llakatund
Komuna e Libofshes
Bashkia e Lezhes
Rrethi i Lezhes
Lezhan
Komuna e Levanit
Levan
Komuna e Lekbibajt
Komuna e Lekajt
Lapardha
Lalez
Lalar
Lajthize
Bashkia e Lacit
Komuna e Kutes
Komuna e Kutallit
Komuna e Kurjanit
Komuna e Kumanit
Bashkia e Kucoves
Komuna e Kryevidhit
Kryemedhenj
Kryekuq
Komuna e Krutjes
Bashkia e Krujes
Rrethi i Krujes
Kerrabes Qyteti i
Komuna e Kozares
Komuna e Kotes
Korthpule
Bashkia e Koplikut
Komuna e Komesit
Kocul
Kercukaj
Kemishtaj
Bashkia e Kavajes
Komuna e Katundit i Ri
Komuna e Kasharit
Komuna e Karines
Bashkia e Kamzes
Komuna e Kallmetit
Kalivac
Kalivac
Komuna e Kajanit
Komuna e Kacinarit
Kabash
Izvor
Ishull-Lezhe
Komuna e Ishmit
Komuna e Iballes
Bashkia e Himares
Komuna e Helmasit
Komuna e Hekalit
Komuna e Gurit i Zi
Grude e Re
Grizhe
Gril
Komuna e Grekanit
Komuna e Qendres
Komuna e Gracenit
Komuna e Grabjanit
Gorre
Gorican
Gllave
Gjorm
Komuna e Gjocajt
Komuna e Gjepalajt
Germenj
Gegaj
Gallate
Bashkia e Fushe-Krujes
Komuna e Frakulles
Fierze
Komuna e Fier-Sheganit
Fier-Seman
Bashkia e Fierit
Rrethi i Fierit
Bashkia e Durresit
Rrethi i Durresit
Dukat
Komuna e Qendres
Dukaj
Donofrose
Dobrac
Bashkia e Divjakes
Dhermi
Komuna e Dermenasit
Dames
Komuna e Dajcit
Komuna e Dajcit
Daias-Barbas
Clirim
Bashkia e Cerrikut
Cerme
Komuna e Cakranit
Bushkash
Bushat
Komuna e Bushatit
Burizane
Bugjon
Komuna e Bubullimes
Bruz
Borsh
Bolene
Komuna e Blinishtit
Bishan
Komuna e Bubqit
Komuna e Berzhites
Berishe
Bashkia e Beratit
Bashkia e Belshit
Komuna e Bazit
Komuna e Barbullushit
Balldren
Komuna e Ballagatit
Komuna e Balldushkut
Komuna e Kastratit
Babice
Komuna e Armenit
Komuna e Aranitasit
Agim
Rrethi i Kavajes
Rrethi i Kucoves
Rrethi i Kurbinit
Komuna e Kerrabes
Komuna e Dajtit
Komuna e Balldrenit i Ri
Komuna e Qenderit
Komuna e Gruemires
Komuna e Shkrelit
Komuna e Pultit
Komuna e Temalit
Komuna e Rrethines
Komuna e Berdices
Bashkia e Vau i Dejes
Komuna e Vig-Mneles
Komuna e Hajmelit
Komuna e Rrapes
Komuna e Kthelles
Komuna e Kolcit
Komuna e Shenkollit
Komuna e Fushe-Kuqejes
Komuna e Koder Thumanes
Komuna e Cudhit
Komuna e Xhafzotajt
Komuna e Berxullit
Komuna e Paskuqanit
Rrethi i Mallakastres
Rrethi i Malesia e Madhe
Rrethi i Peqinit
Qarku i Durresit
Qarku i Fierit
Qarku i Lezhes
Qarku i Shkodres
Qarku i Tiranes
Qarku i Vlores
Kortocaj
Memiaj
Tella e myhejanit
Tella e Begaje
Lera e Begaje
Lera e Zeqanis
Lera e Myhejanit
Vorri i mire (Tyrbja e Shkelzenit)
Shkolla e Kerrnajes
Kocanaj
Shkolla e Margegaja
Gelaj
Margegaj
Spitali i Bajram Currit
Ara e Rexhep Mals
Shkolla e Murat Pacit
Ura e Baram Uks
Lagjia e Imeraje
Spitali i Pacit
Ukshaj
Yeghegnadzori Shrjan
Sisian
Meghru Shrjan
Masisi Shrjan
Kapani Shrjan
Gorisi Shrjan
Vayk'i Shrjan
Artashati Shrjan
Republic of Armenia
Ararati Shrjan
Ararati Marz
Syunik'i Marz
Vayots' Dzori Marz
Ararat K'aghak
Artashat K'aghak'
Goris K'aghak'
Jermuk K'aghak'
Kapan K'aghak'
Yerevan
Vardenisi Shrjan
T'umanyani Shrjan
T'alini Shrjan
Step'anavani Shrjan
Spitaki Shrjan
Spandaryanskiy Rayon
Arabkir
Shaumyanskiy Rayon
Taushi Shrjan
Sevani Shrjan
Hrazdani Shrjan
Ordzhonikidzevskiy Rayon
Armaviri Shrjan
Noyemberyani Shrjan
Nairii Shrjan
Myasnikyanskiy Rayon
Martuni
Leninskiy Rayon
Krasnoselski Shrjan
Tashiri Shrjan
Kamoyi Shrjan
Imeni Dvadtsati Shesti Komissarov Rayon
Ijevani Shrjan
Ashots'k'i Shrjan
Gugark'i Shrjan
Ejmiatsni Shrjan
Ashtaraki Shrjan
Art'iki Shrjan
Aragatsi Shrjan
Aparani Shrjan
Anii Shrjan
Amasiayi Shrjan
Akhuryani Shrjan
Kotayk'i Shrjan
Aragatsotni Marz
Armaviri Marz
Geghark'unik'i Marz
Kotayk'i Marz
Lorru Marz
Shiraki Marz
Tavushi Marz
Abovyan K'aghak'
Alaverdi K'aghak'
Art'ik K'aghak'
Ashtarak K'aghak'
Baghramyani Shrjan
Ch'arents'avan K'aghak'
Dilijan K'aghak'
Ejmiatsin K'aghak'
Gyumri K'aghak'
Hoktemberyan K'aghak'
Ijevan K'aghak'
Kamo K'aghak'
Metsamor K'aghak'
Sevan K'aghak'
Spitak K'aghak'
Step'anavan K'aghak'
Vanadzor K'aghak'
Achtarak
Municipio Saurimo
Provincia da Lunda Sul
Lunda Norte Province
Municipio Lucapa
Municipio Chitato
Municipio Cambulo
Municipio Rivungo
Municipio Muconda
Provincia do Moxico
Municipio Moxico
Municipio Mavinga
Municipio Lumege
Municipio Lumbala N'guimbo
Municipio Luau
Municipio Luacano
Municipio Leua
Municipio Dirico
Municipio Dala
Provincia do Kuando Kubango
Municipio Camanongue
Municipio Alto Zambeze
Provincia do Zaire
Municipio Xa-Muteba
Municipio Viana
Provincia do Uige
Uige Municipality
Municipio Tomboco
Municipio Soyo
Municipio Songo
Municipio Sanza Pombo
Municipio Santa Cruz
Quitexe Municipality
Municipio Quimbele
Municipio Quiculungo
Municipio Quicama
Municipio Quela
Municipio Puri
Municipio Pango Aluquem
Municipio N'zeto
Municipio Noqui
Negage Municipality
Nambuangongo Municipality
Municipio Mucari
Municipio Mucaba
Municipio M'banza Congo
Municipio Massango
Municipio Marimba
Muniipio Maquela do Zombo
Malanje Province
Malanje Municipality
Municipio Lucala
Municipio Lubalo
Luanda Province
Luanda Municipality
Municipio Landana
Municipio Kunda-dia-Baze
Municipio Kiwaba N'zogi
Municipio Icoloe Bengo
Municipio Gonguembo
Municipio Golungo Alto
Municipio Dembos
Dande Municipality
Municipio Damba
Municipio Cuimba
Municipio Cuilo
Cuanza Norte Province
Municipio Cuango
Cazengo Municipality
Municipio Caungula
Municipio Capenda-Camulemba
Municipio Caombo
Municipio Cambambe
Municipio Calandula
Municipio Cacuso
Cacuaco Municipality
Provincia de Cabinda
Municipio Cabinda
Municipio Bungo
Municipio Bula Atumba
Municipio Buengas
Municipio Buco Zau
Municipio Bolongongo
Bengo Province
Municipio Bembe
Concelho do Bembe
Municipio Belize
Municipio Banga
Ambuila Municipality
Municipio Ambriz
Municipio Ambaca
Municipio Alto Cauale
Municipio Waku Kungo
Municipio Virei
Municipio Ukuma
Municipio Tombua
Municipio Tchindjenje
Municipio Tchikala-Tcholohanga
Municipio Sumbe
Municipio Seles
Municipio Quirima
Municipio Quipungo
Municipio Quilengues
Municipio Quilenda
Municipio Quibala
Municipio Porto Amboim
Municipio Ombadja
Municipio N'harea
Municipio Nankova
Namibe Province
Municipio Namibe
Municipio Namacunde
Municipio Mussende
Municipio Mungo
Municipio Menongue
Municipio Matala
Municipio Luquembo
Municipio Luchazes
Municipio Lubango
Municipio Longonjo
Municipio Londuimbali
Municipio Lobito
Municipio Libolo
Municipio Kuvango
Municipio Kuito
Municipio Katchiungo
Municipio Jamba
Municipio Humpata
Huila Province
Provincia do Huambo
Municipio Huambo
Municipio Ganda
Municipio Ekunha
Municipio Ebo
Municipio Cuvelai
Municipio Curoca
Municipio Cunhinga
Cunene Province
Municipio Cuito Cuanavale
Municipio Cuemba
Municipio Cuchi
Municipio Cubal
Provincia do Kwanza Sul
Municipio Cuanhama
Municipio Cuangar
Municipio Conda
Municipio Chongoroi
Municipio Chitembo
Municipio Chipindo
Municipio Chinguar
Municipio Chicomba
Municipio Chibia
Municipio Chiange
Municipio Catabola
Municipio Cassongue
Municipio Cangandala
