Andorra la Vella Heliport
Aeropuerto Internacional de Abu Dabi
Aeroporto Internacional de Abu Dhabi
Aeroport Internacional d'Abu Dhabi
Aeropuerto Internacional de Dubái
Aeropuerto Internacional de Dubai
Aeroport Internacional de Dubai
Dubaja Internacia Flughaveno
Aeroporto Internacional de Dubai
Aeropuerto Internacional de Sharjah
Aeroport Internacional de Sharjah
Aeroporto Internacional de Sharjah
Aeropuerto Internacional de Kabul
Aeroporto Internacional de Kabul
Aeroporto Internacional de Cabul
EVN
Monbaca Benguela
Mbanza Congo Airport
Menongue Airport
Soyo Airport
Aeroporto de Luau
Aeroporto de Luena
Luena Airport
Cafunfo Airport
Cuito Cuanavale Airport
Marambio Base
Marambio Base (Argentina)
Marambio-basen (Argentina)
Orcadas Base (Argentina)
Orcadas-basen (Argentina)
Santa Rosa
San Miguel del Monte
San Ignacio West
San Clemente del Tuyu
San Antonio East
Rincon de Mercedes
Puesto Maria Luisa
Piedras Blancas
Mar Del Plata
Los Ranchos
Los Manantiales
Los Carpincho
Los Cardos
La Tunas
Las Marias
Las Armas
La Portena
La Plata
La Moderna
La Merced
Laguna Blanca
La Emilia
La Elsa
La Costa
Estancia La Corina
La Concepcion
La Azucena
La Atlantida
La Arboleda
Guaycolec
General Conesa
General Balgrano
Estancia Toldos Chicos
Estancia Tierra Gaucha
Estancia Tandileofu
Estancia Sol de Mayo
Estancia Santa Rosa
Estancia Santa Maria
Estancia Santa Bella South
Estancia Santa Ana
Estancia San Simon
Estancia San Rogue
Estancia San Ramon East
Estancia San Ramon
Estancia San Pablo East
Estancia San Narciso
Estancia San Martin
Estancia San Lorenzo Nueva
Estancia San Juan South
Estancia San Jose South
Estancia San Jose del Boqueron
Estancia San Jose
Estancia San Francisco
Estancia San Eloy
Estancia San Bernardo
Estancia Rosita
Estancia Manantiales
Estancia Malal Tuel
Estancia Los Talas
Estancia Los Platanos
Estancia Los Medanos
Estancia Los Manantiales
Estancia Los Dos Alimos
Estancia Loma Blanca
Estancia Loma
Estancia Le Fe
Estancia La Totoro South
Estancia La Tolderia
Estancia La Tehuelche
Estancia Las Tres Lomas South
Estancia Las Lagunas
Estancia La Peregrina
Estancia La Pastoral
Estancia La Martina
Estancia La Franca
Estancia La Esperanza
Estancia La Espadana
Estancia La Dormida
Estancia La Barrancosa
Estancia La Ballenera
Estancia La Argentina
Estancia Huinca
Estancia Ferreyra
Estancia Espuela Verde
Estancia El Rincon
Estancia El Recuerdo
Estancia El Premol
Estancia El Palomar
Estancia El Moro Chico
Estancia El Bonete
Estancia El Biznaga
Estancia Chico
Estancia Chacabuco West
Estancia Chacabuco
Estancia Cari Lauquen
Estancia Analuisa
Estancia Acelain Castillo Larreta
Establecimiento San Martin de La Sierra
Establecimiento Rodeo Pampa
Espil
El Vecino
El Pinalto
El Pinal
El Morro
El Galpon
El Campamento
El Boqueron
Concepcion de la Sierra East
Concepcion de la Sierra
Concepcion
Co La Paja
Cerro Los Manantiales
Cataratas del Iguazu
Carlos Beguerie
Canuelas
Cabana La Querencia
Bernardo de Irigoyen
Benquerencia
Barrere Hermanos
Ajncon del Salto
Tres Arroyos
Trece de Diciembre
Sol de Mayo
Sarmiento
Aerodromo Santa Fe
Santa Clara
San Nicolas
San Miguel
San Francisco
Estancia San Claudio
San Carlos
Aeropuerto Internacional Rosario
Punta del Agua
Puesto Bourdeiu
Puerto Belgrano Naval Air Base
Pueblo Esther
Pico Truncado
Pedro Luro
Pampa del Castillo
Nueve de Julio
Media Luna
Marcos Juarez
Arroyo Manantiales
Los Toros
Los Toldos
Los Ranchos
Los Gauchos
Los Chanares
La Trinidad North
Las Canas
La Pelada
La Paloma
Estancia La Larga
Laguna de Gomez
La Graciela
Lago Musters
La Erica
La Danesa
La Corona
La Carlota
La Blanca
La Aurora
Haras El Pelado
Granja Arguelles
Fabrica La Argentina
Estancia y Cabana Orion
Estancia Tierra Linda
Estancia Santa Rosa Central
Estancia Santa Maria
Estancia Santa Juana
Estancia Santa Ines East
Estancia Santa Ines
Estancia Santa Clara
Estancia San Rafael
Estancia San Pablo
Estancia San Miguel North
Estancia San Miguel North
Estancia San Miguel
Estancia San Miguel
Estancia San Luis
Estancia San Juan
Estancia Maria Laura
Estancia Los Surgentes
Estancia Los Recovecos
Estancia Los Manantiales
Estancia Los Leones
Estancia Los Hoyos
Estancia Los Chanares
Estancia Los Cerritos
Estancia Los Alamos
Estancia La Zoila
Estancia La Trinidad
Estancia Las Silvas
Estancia Las Playas
Estancia Las Palmas
Estancia Las Lomas
Estancia Las Cortaderas
Estancia La Sarah
Estancia Las Aguilas
Estancia La Portena
Estancia La Pepita
Estancia La Paz
Estancia La Maya
Estancia La Marne
Estancia La Maria Amelia
Estancia La Lidia
Estancia La Leontine
Estancia La Legua
Estancia La Laura
Estancia La Fortena
Estancia La Esther
Estancia La Cecilia
Estancia La Adolfina
Estancia Julianas
Estancia Isla Verde
Estancia Fortin 24 de Mayo
Estancia El 5
Estancia El Reducto
Estancia El Recuerdo
Estancia El Quebracho
Estancia El Polomo
Estancia El Haras
Estancia El Destino
Estancia Cerro de la Cruz
Estancia Ayerza
Esperanza
El Zorro
El Tropezon
El Trebol
El Trébol
El Socorro
El Rincon
El Puentecito
El Picazo
El Mataco
El Lucero
El Junquillo
El Cerro
El Cencerro
Comando V Cuerpo Ejercito
Chacabuco
Carlos Casares
Canadon Seco
Canada de la Gomez
Cambaceres
Camarones
Balneario Monte Hermosa
Bajo Los Leones
Arrecifes
Alvear/Aeroparque Rosario
Almafuerte
Gualeguaychu Aerodrome
Aeropuerto de Sauce Viejo
Aeroporto de Sauce Viejo
Sauce Viejo Airport
Buenos Aires Observatorio
Cordoba Aerodrome
Gobernador Gordillo
EZE
Malargue Aerodrome
San Rafael Aerodrome
Santiago Del Estero Aero.
Aeropuerto de Villa Reynolds
Aeropuerto Mercedes
Corrientes Aero.
Resistencia Aero.
Paso De Los Libres Aerodrome
Monte Caseros Aerodrome
Presidencia Roque Saenz Pena Aerodrome
Tartagal Aerodrome
Las Lomitas
Reconquista, SF
Esquel Aerodrome
EQS
San Antonio Oeste Aerodrome
Puerto Madryn, CHT
Puerto Deseado Aerodrome
Rio Gallegos Aerodrome
Gobernador Gregores Aerodrome
Neuquen Aerodrome
Aeropuerto de Villa Gesell
San bay quoc te Villa Gesell - Pinamar
Aeroparque Bs. As. Aerodrome
San Fernando, BA
El Palomar Airport
El Palomar Aerodrome
EHL
El Bolson Aerodrome
Aeropuerto Chapelco
El Calafate Airport
Rincon De Los Sauces Airport
Goya Airport
Las Heras Airport
Colonia Catriel Airport
La Cumbre Airport
Caviahue Airport
Las Termas Airport
ELO
El Dorado Airport
Mercedes Airport
El Maiten Airport
EMX
Sierra Grande Airport
Rio Mayo Airport
28 De Noviembre Airport
Loncopue Airport
Los Menucos Airport
General Villegas Airport
Aeropuerto de Morón y Base Aérea
Aeropuerto de Moron y Base Aerea
Vienna International Airport
Aeropuerto de Innsbruck
Aeroporto de Innsbruck
Launceston Airport
Adelaide Airport
Ceduna Airport
Camden Airport
Benalla Airport
Cobar Airport
ECH
EMD
Esperance Airport
EPR
EVH
Leonora Airport
Lismore Airport
Mallacoota Airport
Narrabri Airport
Aeropelican Airport
Biloela Airport
Wiluna Airport
Armidale Airport
Coonabarabran Airport
Coen Airport
ELC
Narrandera Airport
Aramac Airport
Borroloola Airport
Canobie Airport
Caiguna Airport
Coorabie Airport
Caloundra Airport
Cudal Airport
Cue Airport
EDD
EDR
EIH
EKD
Elkedra Airport
Eneabba Airport
ENB
Ernabella Airport
ERB
ERG
ETD
Etadunna Airport
EUC
Eucla Airport
EVD
EXM
Glenormiston Airport
Balcanoona Airport
Laura Airport
Monto Airport
Moomba Airport
Marla Airport
Naracoorte Airport
Nullabor Motel Airport
Tarcoola Airport
Undara Airport
Tara Airport
EFMA
Gyanca Airport
Gabala Airport
Comilla Airport
EBAW
EBBE
EBBL
EBBR
EBBT
EBBX
Aeropuerto de Bruselas Sur
EBCI
EBCV
EBFN
EBFS
EBLG
EBOS
EBSP
EBST
EBSU
EBTN
EBWE
EBZW
EBMB
EBKT
EBNM
EBZR
EBZH
Leo Airport
Zabre Airport
Nouna Airport
Varna Airport
Santa Rosa del Sara West
Santa Rosa del Sara North
Santa Rosa del Sara
San Ignacio de Velasco
Quebrada Cotoca
Presto
Pocitas
Nueva Moca
Monos Arana
La Esperanza
Huachacalla
Hacienda San Miguelito
Hacienda San Jorge
Hacienda La Purisima
Hacienda Cabadonga
Estancia San Diego
Estancia Chapu Coya
Estancia Bolpebra
El Remate
eestancia kjtun
Corque
Copacabana
Comunidad Villa Copacabana
Buena Vista
La Petas Noreste 1
Buena Hora
Inglaterra Sudoeste
San Jose
Ascencion De Guarayos
Concepcion
Aeropuerto El Trompillo
El Trompillo Airport
Santa Cruz / El Trompillo
Capitan de Av. Emilio Beltran Airport
Capitán de Av. Emilio Beltrán Airport
Puerto Suarez
Rurrenabaque
San Ignacio De Velasco
San Ignacio De Moxos
Monteagudo Airport
Puerto Rico Airport
Capitan Av. Vidal Villagomez Toledo Airport
EUX
Sobral
Simplicio Mendes
Santa Cruz Do Capibaribe
Princesa Isabel
Pentecoste
Marrecas
Marrecas
Independencia
Dix Sept Rosado
Concelcao
Cedro
Juazeiro Do Norte
Campos Sales
Barro
Aeroporto de Bauru
Barra Do Garcas
Porto Alegre Canoas Ab Aeropuerto
Caravelas
Presidente Prudente
Aeroporto de Presidente Prudente
Presidente Prudente Airport
Aeroporto Internacional Hercilio Luz
Aeroporto Internacional Hercílio Luz
Aeropuerto de Fernando de Noronha
Aeroporto Internacional de Viracopos
Macae
Macae Airport
Montes Claros
Porto Nacional Aeroporto
Recife Aeroporto
Aeroporto Santos Dumont
Santos Dumont Airport
Aeroporto de Santa Maria
Santos Aeroporto
Aeroporto Internacional de Salvador
Aeroporto Eurico de Aguiar Salles
Eurico de Aguiar Salles Airport
Aeroporto Internacional Tancredo Neves
Antonio Carlos Jobim International Airport
Manaus Aeroporto
Barra
Sorocaba Airport
Aeroporto de Sorocaba
Aeroporto Estadual de Sorocaba
Aeroporto de Jacarepagua
Jacarepaguá Airport
Jacarepagua Airport
Aeroporto de Aracatuba
Aracatuba Airport
Cascavel Airport
Aeroporto de Chapeco
Aéroport de Chapecó
Aeroporto de Chapecó
Aeroport de Chapeco
Aeroporto de Santo Angelo
Aeroporto de Santo Ângelo
Santo Angelo Airport
Aeroporto de Avare-Arandu
Aeroporto de Apucarana
Apucarana Airport
Aeroporto de Erechim
ERM
Santa Rosa Airport
Marilia Airport
Governador Valadares Airport
Hotel Transamerica Airport
Aripuana Airport
Belmonte Airport
Confresa Airport
Canarana Airport
Costa Marques Airport
ERN
Franca Airport
Guadalupe Airport
Santa Izabel do Morro Airport
Jacobina Airport
Jequie Airport
Juina Airport
Juruena Airport
Labrea Airport
Regional Orlando Villas Boas Airport
Maues Airport
Monte Alegre Airport
Nanuque Airport
Niquelandia Airport
Pimenta Bueno Airport
Picos Airport
Canela Airport
Curitibanos Airport
Dracena Airport
Montenegro Airport
Piracicaba Airport
Melio Viana Airport
Mococa Airport
General Leite de Castro Airport
Valenca Airport
Vila Rica Airport
Cacador Airport
Maturaca Airport
ELH
Andros Central
San Salvador Airport
San Salvador
Maun Airport
Serondela Airstrip
Gomel Airport
Punta Gorda Airstrip
Independence Airport
Cerros Airstrip
Placencia
Aeropuerto de Grise Fiord
Aeropuerto de Baker Lake
Aeropuerto de Cambridge Bay
Cambridge Bayn lentoasema
Cambridge Bay
Aeropuerto de Nanaimo
Aeropuerto de Arviat
Aeropuerto de Edson
Aeropuerto de Iqaluit
Aeropuerto de Fort Simpson
Aeropuerto de Fort Good Hope
Aeropuerto de La Grande Rivière
La Grande Riviere
Aeropuerto de La Grande Riviere
La Grande Rivieren lentoasema
La Grande Riviere Airport
Aeropuerto de Gaspé
Gaspe
Aeropuerto de Gaspe
Aeropuerto de Igloolik
Aeropuerto de Quaqtaq
Aeropuerto de Gjoa Haven
Aeropuerto de Hay River
Aeropuerto de Ivujivik
Aeropuerto de Pond Inlet
Aeropuerto de Schefferville
Aeropuerto de Akulivik
Aeropuerto de Waskaganish
Aeropuerto de Moosonee
Aeropuerto de Old Crow
Aeropuerto de High Level
Aeropuerto de Paulatuk
Aeropuerto de Powell River
Aeropuerto de Yarmouth
Aeropuerto de Kenora
Kenora Airport
Aeropuerto de Grande Prairie
Aeropuerto de Roberval
Aeropuerto de Rankin Inlet
Aeropuerto de Sanikiluaq
Aeroport de Sanikiluaq
Aeropuerto de Nanisivik
Aeropuerto de Cape Dorset
Aeropuerto de Repulse Bay
Aeropuerto de Hall Beach
Aeropuerto de Val-d'Or
Val-d'Or Airport
Aeropuerto de Kuujjuaq
Aeropuerto de Norman Wells
:Aeropuerto de Wabush
Aeropuerto de Medicine Hat
Aeropuerto de Sioux Lookout
Aeropuerto de Whale Cove
Aeropuerto de Smithers
Aeropuerto de Fort Nelson
Aeropuerto Internacional de Victoria
Aeropuerto de Lynn Lake
Aeropuerto de Kapuskasing
Aeropuerto de Yellowknife
Aeropuerto de Sandspit
Sarnia Airport
Aeropuerto de Coral Harbour
Aeropuerto de Port Hardy
Aeropuerto de Sept-Îles
Aeropuerto de Sept-Iles
Aeropuerto de Eastmain River
Aeropuerto de Berens River
Iles de la Madeleine
Aeropuerto de Kamloops
Aeropuerto de Fort McMurray
Valcartier Airport
Aeropuerto de Inukjuak
Aeropuerto de Quesnel
Aeropuerto de Sherbrooke
Aeropuerto de Sachs Harbour
Aeropuerto Internacional de Vancouver
Aeroport Internacional de Vancouver
Aeroporto Internacional de Vancouver
Edmonton Municipal Alta.
Aeropuerto de Pangnirtung
Aeropuerto de Churchill Falls
Aeropuerto Municipal de Fort Frances
Fort Frances Municipal Airport
Aeropuerto de Attawapiskat
Aeropuerto de Uranium City
Aeropuerto de Tadoule Lake
Aeropuerto de Brochet
Aeropuerto de Fort Albany
Hornepayne Municipal Airport
Aeropuerto de Chevery
Aeropuerto de Points North
Aeropuerto de God's Lake Narrows
Aeropuerto de Rainbow Lake
Aeropuerto de Peawanuck
Aeropuerto de Red Sucker Lake
Aeropuerto de Saint Theresa Point
Aeropuerto de Alma
Aeropuerto de Bonaventure
Webequie Airport
Aeropuerto de Rimouski
Aeropuerto de York Landing
Aeropuerto de God's River
Aeropuerto de Kashechewan
Aeropuerto de Masset
Aeropuerto de Sandy Lake
Aeropuerto de Shamattawa
Ignace Municipal Airport
Aeropuerto de Wollaston Lake
La Tabatiere Airport
La Sarre Airport
Ndolo Airport
Gbadolite Airport
Ikela Airport
Punia Airport
Moba Airport
Luiza Airport
Tunta Airport
Bouca Airport
Lague Airport
Locarno Airport
Guiglo Airport
Seguela Airport
Bouna Airport
Enua Airport
Aerodromo Vallenar
Tres Marias
Aerodromo San Pedro de Atacama
Aerodromo Potrerillos
Pedro de Valdivia
Pan de Azucar
Aerodromo Oficina Victoria
Oficina Victoria
Nochaco
Mantos de Punitaqui
Los Codores
Base Los Condores
Los Códores
Los Cerrillos
Aerodromo Lo Castillo
La Porfiada
Aerodromo La Florida
Hornito de Antofagasta
Aerodromo General Diego Aracena
El Tuqui
El Tofo
El Salvador Bajo
El Salvador
ESR
El Pleito
Aeropuerto Internacional El Loa
El Loa Airport
El Loa Airdrome
Aerodromo El Loa
El Carmen
Aerodromo El Buitre
El Bosque
El Belloto
Aeródromo Chañaral
Chañaral
Aerodromo Chanaral
Aeródromo Chacalluta
Aerodromo Chacalluta
Chacalluta
Cerro Sombrero
Aeropuerto Cerro Moreno
Aeropuerto Cerrillos
Carrizal Bajo
Aerodromo Barriles
Barriles
Aeródromo Barriles
Aeropuerto Arturo Merino Benitez
Balmaceda Airport
Iquique / Diego Arac
Concepcion
La Serena
Aerodromo Las Marias
Aeropuerto Guardiamarina Zañartu
Aéroport Guardia Marina Zañartu
Aeropuerto Guardiamarina Zanartu
Aeropuerto de Pucón
Aeropuerto de Pucon
Pucon Airport
Capitan Fuentes Martinez Airport Airport
Tte. Julio Gallardo Airport
De La Independencia Airport
Victoria Airport
Vina del mar Airport
Alto Palena Airport
El Avellano Airport
El Mirador Airport
Municipal de Linares Airport
El Bosque Airport
Douala Obs.
EBW
Aeropuerto Internacional de Pekín
Aeroport Internacional de Pequin
Aeroport Internacional de Pequín
Pekín Capital Airport
Aeropuerto Internacional de Pekin
Aeroporto Internacional de Pequim
ENY
Aeropuerto Internacional Pudong
Aeroporto Internacional de Xangai Pudong
Aeroport Internacional de Xangai-Pudong
Qiemo Airport
ENH
Venecia de Guanapalo
Vargas Caso
Valbuena
Aeropuerto Trinidad
Tablón de Tamare
Tablon de Tamare
Alberto Lleras Camargo Airport
San Pedro 1
San Pedro de Jagua
San Nicolas
San Luis de Gaceno
San Jose de Guaviare
San Jose del Guaviare
San Jose de Chaparral
San Jacinto de Achi
San Carlos
Sampues
Regencia
Punta de Garza
Puerto Mosquitos
Puerto Lopez
Puerto Lopez
Puerto Estrella
Puerto Carreno
Pueblo Bello
Providencia
Plato Las Flores
Paz de Ariporo
Paso Real de Ariporo
Negritos
Monterrey
Monterrey
Montelargo
Marrero
Marrero
Los Sabalos
Los Cardones
La Victoria-Sucre
La Victoria
Las Mercedes
Las Margaritas 1
Las Margaritas Uno
Las Delicias
Las Cruces
Las Camazas
Las Camazas
Las Acacias 2
La Realidad
La Quebradita
La Prevencion
La Pradera
La Mercedes
La Libertad
La Hermosa
La Graciela
La Fe
La Esterlina
La Esperanza
La Cordialidad
La Candelaria
La Barquerena
La Aurora
La Atravesada
La Argentina
Juan de Tupe
Jesus del Rio
Crespo Airfield
Aereopuerto de Crepo
Aeropuerto Internacional de Crespo
Crespo
Hacienda Vizerta
Hacienda La Libertad
Hacienda Buritaca
Aeropuerto Santiago Vila
Aeropuerto de Girardot
Santiago Vila Airport
Gamarra
Fundo San Jose
Fundo Las Pampas
Fundacion
El Yopal
El Viso del Toro
El Viento
El Troncal
El Trompillo
El Tigre
El Tapon
El Socorro
El Sinai
El Secreto
El Rosario
El Rosario
El Peligro
El Paraiso
El Limon
El Jeton
El Dificil Pueblo
El Dificil
El Diamante
El Copey
El Champan
Aeropuerto El Banco
ELB
El Banco
El Bagre
EBG
Coveñas
Aeropuerto Las Brujas
Carmen de Bolivar
Carmen de Bolívar
Campo Nuevo
Campo Ele
Aeropuerto Gabriel Vargas Santos
Camilo Torres
Buenos Aires/Santander
Buenos Aires
Ariguani
Aracataca
Algarrobo Efa
La Cigarra Este 2
La Cigarra Este Dos
Canada Los Churros
Cañada Los Churros
El Banco Sur Suroeste Dos
Cañada La Paloma
El Banco Sur Suroeste 2
Canada La Paloma
Quebrada La Clara
La Cigarra Este 4
La Cigarra Este Cuatro
Quebrada Peñaoscura
Quebrada Penaoscura
San Vicente Del Caguan Sudeste
San Vicente Del Caguan Este
Las Vegas Suroeste
Mata de Barrio
Puerto Palermo 2
Puerto Palermo 1
El Guayabo
El Salada
El Salada 2
Estacion Doima
El Salado
El Totuma
El Guamo/Barzales
Hacienda Reyes West
El Salada 1
Potrerito
Buenos Aires
La Elvira
La Herrera
Aerodromo Las Magaritas
Cano Los Araguatos Este
Marrero Este
Hato Las Margaritas
Cano La Esmeralda
El Martirio
Cano Manantiales Norte
Los Colonizadores Airport
Aeropuerto Los Colonizadores
El Panche
Cano Manantiales Este
Cano Los Araguatos
La Alegria
Cano Los Aracos
Cano Juriepe
El Carmen
Los Pozuelos Este
La Mitad Oeste
La Yaguita Este
Las Delicias
Cano Juriepe Este
El Chivero
La Esmeralda
La Vaneguera Sur
La Vaneguera Suroeste
Arauquita
Aeropuerto Arsenio Valderrama
Aeropuerto Santiago Perez Quiroz
Aeropuerto Santiago Pérez Quiróz
El Danubio Oeste
Cano Mocho
Cano Manantiales Nordeste
Cano Juriepe Norte
Cano La Esmeralda Norte
La Mitad
Cano Manantiales Sur
Las Delicias
Los Laureles Suroeste
La Esperanza
Algarrobo
La Graciela Noroeste
Cano Las Tres Matas
El Amparo
Estero El Laurel
El Quiteve
San Nicolas
La Esperanza
La Hermosa Noroeste
La Cigarra Oeste Suroeste
Puerto Rondon West
Los Laureles Norte
Planetarrica
Yopal Este
EYP
El Yopal
Ariporo
El Tigre Noroeste
La Cigarra Nordeste
El Quiteve Noroeste
La Plata
Los Laureles Noroeste
La Graciela Norte Noroeste
El Tigre Norte
La Esperanza
Armenia / El Eden
Puerto Asis
Aeropuerto Internacional de Palonegro
Aeropuerto El Dorado
El Dorado International Airport
Bogota / Eldorado
Buenaventura
Aeropuerto Yariguíes
Yariguíes Airport
Barrancabermeja / Yariguies
Yariguies Airport
EJA
Aeropuerto Yariguies
Perales Airport
Apartado / Los Cedros
Alfredo Vasquez Cobo International Airport
EOH
Monteria / Los Garzones
Los Garzones Airport
Benito Salas Airport
Puerto Carreno / A. Guauquea
El Embrujo Airport
Providencia Isla / El Embrujo
Aeropuerto Internacional José María Córdova
José María Córdova International Airport
Aeropuerto Internacional Jose Maria Cordova
Almirante Padilla Airport
San Andres Isla / Sesquicentenario
El Caraño Airport
El Carano Airport
Quibdo / El Carano
Vanguardia
Aeropuerto Barranquillita
Centro Aéreo de Combate No. Seis Tres Esquinas
Puerto Rico
Aeropuerto Eduardo Falla Solano
Eduardo Falla Solano Airport
El Retiro
Jorge Gonzales Torres
Aeropuerto Internacional El Dorado
Guaymaral Airport
Aeropuerto Guaymaral
Mariquita
Mendez Este
Mendez Este Sudeste
Base Aérea de Apiay
Base Aérea Capitán Luis Fernando Gómez Niño
Captain Luis Fernando Gómez Niño Air Base
Puerto Asis - 3 de Mayo
Rio Mecayo
El Tigra 2
Alcides Fernandez Airport
Aeropuerto José Celestino Mutis
Aeropuerto Jose Celestino Mutis
Jose Celestino Mutis Airport
La Florida Airport
Caucaya Airport
La Pedrera Airport
La Nubia Airport
Aeropuerto Reyes Murillo
Reyes Murillo Airport
Orocue Airport
Cofa Montenegro Heliport
Araracuara Airport
Yaguara Airport
Beneficencia Del Tolima Heliport
Carimagua Airport
Cimitarra Airport
Capurgana Airport
Chaparral Airport
ECO
EST
Estacion De Bomberos Heliport
Fiscalia General De La Nacion Heliport
Fundacion Oftalmologica De Santander Heliport
La Jagua Airport
La Chorrera Airport
Miraflores Airport
Colonel Luis Arturo Rodríguez Meneses Air Base
Colonel Luis Arturo Rodriguez Meneses Air Base
Montelibano Airport
Puerto Nare Airport
Palacio Municipal Heliport
Puerto Berrio Airport
Tarapaca Airport
Villa Garzon Airport
Aguachica Fabel
Buturama
Puerto Mosquito Nordeste
Medios Caños
Medios Canos
La Sabana
La Sabana Este
Caño La Pola
Montecitos Oeste
Chacarita
Palmar Sur Airport
Tobias Bolanos International
Barra del Colorado Airport
Carrillo Airport
Quepos Managua Airport
Buenos Aires Airport
Guapiles Airport
Los Chiles Airport
Nosara Airport
Puerto Jimenez Airport
San Vito De Java Airport
Upala Airport
Arenal Airport
Codela Airport
Victoria de Las Tunas
Venecia
Vazquez
Santa Marta Airport
Union de Reyes
Ulacia
Senado
Santa Rosa
Santa Lucia North
Santa Lucia
Santa Elena
Santa Cruz del Sur
San Carlos
Sagua la Grande
Sabana Nueva
Rambalazon de Reyes
Punta Alegre
Puerto Padre
Nueva Gerona
Media Luna
Marcane
Manacas
Macareno
Los Toros
Los Tamarindos
Los Palacios
Los Negros
Los Mangos de Baragua
Los Ingleses
Los Galleguitos East
Los Galleguitos
Los Cochinos
La Vega de Uvero
Las Glorias
Las Cruces
Las Cruces
Las Crisis
Laguna del Algodonal
La Francia
La Esperanza
Juan de la Cruz
Jaronv Central
Guerrero
Francisco
Esmeralda
El Yarual
El Pinar
El Mango
El Mamoncillo
El Jibaro
El Frances
El Dormitorio
El Cenizo
El Carmen
El Caribe
El Caney
Cnas Marie
Ciego de Ávila
Ciego de Avila
Cayo Jicotea
Cascajal
Cardenas
Campechuela
Camino Cienfuegos
Caibarien
Caibarién
Cabrera
Amparo Caballero
Aguada de Pasajeros NE
Baracoa, Oriente
Cienfuegos, Las Villas
Cayo Largo Del Sur
Camaguey Aeropuerto
Santiago De Cuba, Oriente
Guantanamo, Oriente
Aeropuerto Jose Marti, Rancho-Boyeros, Habana
Nueva Gerona, Isla De Pinos
Pinar Del Rio, Pinar Del Rio
Varadero, Matanzas
Las Tunas, Las Tunas
Cayo Coco
Alberto Delgado
San Nicolas De Bari Airport
La Coloma Airport
Playa Baracoa Airport
Francisco Mendes
Aeropuerto Internacional Hato
Aeropuerto Hato
Aeropuerto Internacional de Lárnaca
Larnaca International Airport
Larnaca
San bay quoc te Larnaca
Aeroport international de Larnaca
Aeropuerto Internacional de Larnaca
ECN
Ercan
EDNV
EDKD
EDLB
Dusseldorf International Airport
EDDL
EDLH
EDLC
EDKL
EDLM
EDKZ
EDLN
EDLT
EDKW
EDKN
EDSA
EDSH
EDPB
EDMC
EDNE
EDTH
EDTK
ETHL
EDTM
EDTN
EDSP
EDTU
EDDS
EDTW
EDXD
EDWC
ETND
EDDV
EDVH
EDXI
EDVY
EDVR
EDWV
ETNW
EDMW
EDPD
EDME
EDPG
EDNA
EDML
EDMY
EDNP
EDPS
EDQF
EDQB
ETEJ
EDQD
EDNC
EDND
EDMH
EDQH
EDQI
EDQN
EDGJ
EDQZ
EDQP
ETHR
EDPH
EDFQ
ETHF
EDGK
EDVG
EDEM
EDGN
EDVA
EDVN
EDVF
EDLJ
ETUO
EDVI
EDKM
EDLO
EDLR
EDLP
EDGQ
EDKR
EDCQ
EDCB
EDAM
EDAO
EDFK
EDQL
EDQO
EDFS
EDKA
EDKB
EDKV
ETNG
EDKH
ETNN
EDGA
EDRA
EDKI
EDRW
EDRK
Montabaur
EDFJ
EDGT
EDFY
Elz
EDFG
EDGR
EDFI
EDFT
EDFP
EDFB
EDGS
EDDW
EDDH
EDHI
EDWQ
EDXU
EDWK
EDXZ
EDHU
EDWD
ETMN
EDXN
EDWH
EDXS
EDHS
EDWM
EDHO
EDPA
EDPT
EDNG
EDMT
EDMA
EDMD
EDMQ
EDPE
ETSE
ETSF
EDMI
ETSI
EDMJ
ETSA
ETSL
EDMN
EDDM
ETSN
EDNJ
EDNS
EDNU
EDNT
EDNW
EDVL
EDXA
EDWN
EDXE
EDWZ
EDXL
EDWR
EDWE
EME
ETNJ
EDWJ
EDWL
EDWS
EDWY
EDWG
EDWX
EDWI
EDWA
EDXF
EDXH
ETNH
EDXJ
EDHN
EUM
EDXR
EDXO
ETNS
EDXC
EDXY
EDVE
ETHC
EDVC
ETHS
EDVS
EDVJ
EDVU
EDOC
EDCA
EDCU
ETNL
EDCV
EDBY
Berlin Aeropuerto Schönefeld
EDDB
EDBK
EDAY
EDBW
Berlin Aeropuerto Tegel
EDDT
EDSW
EDSL
EDTG
EDNY
EDSK
EDTL
EDNL
EDSN
EDTO
EDTP
EDNH
EDMK
EDXP
EDRB
EDEL
EDRN
EDRD
EDRO
EDDR
EDRJ
EDHM
ETMK
ETSH
EDOD
EDDC
Dresden Airport
EDAK
EDOQ
EDDP
EDCT
EDAD
EDUZ
EDHL
EDHW
EDAN
EDBP
EDTC
EDRI
ETHT
EDCD
EDAP
EDBX
EDCM
EDAT
EDHB
EDNM
EDNR
EDPQ
EDPF
EDBH
EDCP
EDRL
EDEH
EDFX
EDRF
EDGZ
EDFV
EDFZ
EDFE
EDGP
EDGX
EDRY
EDTX
EDGM
EDGI
ETHN
EDGU
EDEW
EDFU
ETEU
EDGH
EDFC
EDDF
EDAC
EDAH
EDBM
ERF
EDDE
EDDG
Colonia/Bonn
EDDK
EDDN
Fráncfort-Hahn
EDFH
EDFM
EDHK
EDLV
EDLW
EDMO
EDQM
EDRZ
EDSB
EDTD
EDVK
EDXW
ETAD
ETAR
ETAS
ETHB
ETHE
ETHM
ETIC
ETIH
ETIN
ETNT
ETNU
ETOU
ETSB
ETOR
EDLE
ESS
EDJA
EDOL
EDWU
EKVL
EKVB
EKTD
EKAH
EKSD
EKSN
EKRN
EKRR
EKRS
EKRD
EKNS
EKMB
EKLS
Laeso
EKHO
EKLV
EKPB
EKCH
EKKA
EKKL
EKHG
EKEB
EBJ
EKYT
EKAE
EKAV
EKBI
EKOD
EKSB
EKSP
EKSV
EKTS
EKVD
EKVJ
EKRK
San Juan de La Maguana
Aeropuerto Internacional Punta Cana
Aeropuerto Internacional La Union
Puerto Plata Airport
Las Mercedes
Santo Domingo/De Las Americas
Aeropuerto Internacional Punta Caucedo
Aeropuerto Internacional de Las Américas
Las Américas International Airport
Aeropuerto Internacional de Las Americas
La Jagua
La-Icabela
Hato Nuevo
Guerra
El Portillo
Expedición 14 de Junio National Airport
Expedicion 14 de Junio National Airport
Arroyo Barril
EPS
Sabana de Mar Airport
Oran/Es Senia
El Guerar
El Djebil
Aeropuerto de Tindouf
ELG
El Golea Airport
El Golea
El Oued
ELU
In Aménas Airport
Oran / Es Senia
J.M. Velasco Ibarra
Aeropuerto Eloy Alfaro
Bahia De Caraquez
Cuenca / Mariscal Lamar
ESM
Esmeraldas-Tachina
Aeropuerto Simon Bolivar Guayaquil
Catamayo / Camilo Ponce Enriquez
General Ulpiano Paez Airport
Salinas / General Ulpiano Paez
San Cristóbal Airport
Tulcan / El Rosal
Reales Tamarindos Airport
Coronel E Carvajal Airport
Sucua Airport
EETU
EETN
EPU
EEPU
EENI
EEKA
EEKE
EECL
El Arish
Alexandria Borg El Arab
ELT
El Tor
El-Tor Airfield
EGH
El Gora Airport
El Kharga Airport
EUN
Aeropuerto de Dajla
Base Aérea de Torrejón de Ardoz
Aeropuerto de Torrejón
Base Aerea de Torrejon de Ardoz
Aeropuerto de Torrejon
Torrejon de Ardoz Air Base
Aeropuerto del Parayas
Aeropuerto de El Prat
Barcelona Airport
Aeroport de Barcelona - el Prat
Aeropuerto del Prat
Aeropuerto Internacional de Alicante - El Altet
Fuerteventura Airport
Fuerteventura / Aeropuerto
Hierro / Aeropuerto
Aeropuerto de Palma
La Palma Airport
Gran Canaria Airport
Lanzarote Airport
Lanzarote / Aeropuerto
Aeropuerto de Tenerife Sur
Aeropuerto de Tenerife Norte
Norte Los Rodeos Airport, Tenerife
Albacete / Los Llanos
Almeria / Aeropuerto
Cordoba / Aeropuerto
Aeropuerto de Bilbao
Aeropuerto de Sondica
Aeropuerto de Loiu
Burgos / Villafria
A Coruña Airport
A Coruña / Alvedro
Granada / Aeropuerto
Ibiza / Es Codola
Jerez De La Frontera / Aeropuerto
Murcia / San Javier
Barajas
Aeropuerto de Madrid
Aeropuerto de Málaga
Aeroport de Malaga
Aeropuerto de Malaga
Aeropuerto de Menorca
Aeroport de Menorca - Maó
Menorca Airport
Aeropuerto de Menorca - Mahón
Aeroport de Menorca
Aeropuerto de Menorca - Mahon
Moron de la Frontera
Aeropuerto de Palma
Palma de Mallorca Airport
Palma de Mallorca / Son San Juan
Pamplona Airport
Salamanca Airport
Aeropuerto de Fuenterrabía
EAS
Aeropuerto de San Sebastián
Aeropuerto de San Sebastian
Aeropuerto de Fuenterrabia
Aeropuerto de Santiago de Compostela
Santiago de Compostela Airport
Valencia / Aeropuerto
Valladolid Airport
Aeropuerto de Vitoria
Aeropuerto de
Aeropuerto de Vitoria-Gasteiz
Sevilla / San Pablo
Madrid / Torrejon
Madrid / Cuatro Vientos
Zaragoza / Aeropuerto
Don Quijote
Aeropuerto Central Ciudad Real
Aeropuerto de Ciudad Real
La Gomera Airport
El Berriel GCLB
Huesca-Pirineos / Airport
Mafe - Gibraleon Airport
Debremarcos
EGL
El Suga
El Abred
Lalibela Airport
Dembidollo Airport
Humera Airport
Waca Airport
EFLP
EFET
ENF
EFHA
EFHF
EFIV
EFJO
EFJY
EFKA
EFKE
EFKI
EFKK
EFKS
EFKT
EFKU
EFMI
EFOU
EFPO
EFPU
EFRO
EFSA
EFSO
EFTP
EFTU
EFUT
EFVA
EFVR
EFHK
EFSI
EFKJ
EFHV
EFIT
EFYL
EFFO
EFLA
EFHE
Aeropuerto Internacional de Nadi
Lambasa Airport
Moala Airport
Cicia Airport
EGYP
EKVG
Aeropuerto París-Orly
Aeropuerto Paris-Orly
París - Charles de Gaulle
EGC
Montlucon-Gueret
Aeropuerto de Pau-Pirineos
Aeroporto di Tarbes-Lourdes-Pyrenees
Aeropuerto de Rodez-Marcillac
Rodez-Marcillac Airport
Bandar Udara Rodez-Marcillac
Aéroport de Rodez-Marcillac
Aeroport de Rodez-Marcillac
Rodez-Marcillac
ETZ
Ajaccio-Napoleon-Bonaparte
Grenoble-Isere Airport
Aurillac
Aeroport de Lyon-Bron
EBU
Niza Aeropuerto
EVX
Alencon-Valframbert
Rouen Airport
Villacoublay-Velizy
EDM
Aeropuerto de Nantes Atlantique
Basilea-Mulhouse
EAP
ENC
Nimes-Arles-Camargue
Castres-Mazamet
Montendre-Marcillac
Sainte-Foy-la-Grande
Fumel-Montayral
Clamecy
Salon-Eyguieres
Carpentras
La Baule-Escoublac
Ploermel-Loyat
EPL
Arcachon - La Teste-de-Buch
Lambarene
Gamba Airport
Aeropuerto de Londres-Heathrow
EGLL
EGFF
EGOS
EGAA
EGAC
EGAE
EGBB
EGBE
EGBJ
Aeropuerto de Mánchester
EGCC
Aeropuerto de Manchester
EGDC
EGHQ
EGDK
EGDL
EGDM
EGDP
Culdrose
EGDR
EGDX
EGEC
EGFH
EGGD
EGGP
EGGW
EGHE
Aeropuerto Internacional de Bournemouth
EGHH
EGHI
EGJA
ESH
EGKA
EGKB
EGKK
Aeropuerto de la Ciudad de Londres
EGLC
EGLF
EGMC
EGMD
EGMH
EGNC
EGNH
EGNJ
EGNL
EGNM
EGNR
EGNT
Aeropuerto del Valle de Durham Tees
EGNV
EGNX
EMA
EGOD
EGOV
EGOW
EGPA
EGPB
EGPC
EGPD
EGPE
EGPF
Aeropuerto de Edimburgo
Aeroporto de Edimburgo
EDI
EGPH
EGPI
EGPK
EGPL
EGPM
EGPN
EGPO
EGPT
EGPU
EGQK
EGQL
EGQM
EGQS
EGSC
Cambridge
EGSH
Londres Aeropuerto Stansted
EGSS
EGTC
EXT
EGTE
EGTG
EGUA
EGUB
EGUL
EGUO
EGUP
EGUW
EGUY
EGVA
EGVG
EGVN
EGVO
EGVP
EGWC
EGXC
EGXD
EGXE
EGXG
EGXH
EGXN
EGXP
EGXT
EGXU
EGXW
EGYC
EGYD
EGDY
EGHD
EGUN
EGVI
EGVJ
EGWU
EGWZ
EGXJ
EGXZ
EGYE
EGYM
EGND
EGTK
EGCD
EGHK
EGCN
EGEW
EGEP
EGBK
EGBN
EOI
EGED
EGEF
EGEN
EGEO
EGER
EGES
EGET
EGEY
EGFE
EGHC
EGHJ
EGHL
EGKR
EGLK
EGSU
EGTO
ETR
EGTR
EGUD
EGTN
EGEL
EGEH
EGVL
EGHR
EGQB
EGVT
EGWA
ENK
EGAB
Carriacou
Sauel
Aeroport de Guernesey
Guernsey Airport
EGJB
Aeropuerto Internacional de Kotoka
Aeropuerto de Gibraltar
Aeroport de Gibraltar
Gibraltar Airport
Base aérea de Thule
Narsaq Heliport
Aeropuerto Internacional de Yundum
Aeroport international de Banjul
Macenta
Macenta
Macenta Airport
La Desirade
Anchialos Airport
Chios Airport
EFL
Santorini Thira Airport
Milos
Leros
Pueblo Viejo
Guatemala Aeropuertola Aurora
Aeropuerto de Puerto Barrios
Puerto Barrios
Puerto Barrios Airport
Melchor de Mencos Airport
Dos Lagunas Airport
ENJ
El Naranjo Airport
Las Vegas Airport
Paso Caballos Airport
Playa Grande Airport
El Peten Airport
Santa Amelia Nordeste
Mactun
Mactún
Carmelita Nordeste
Pendeco
Campo de Aviacao de Lala
Bubaque Airport
La Ceiba Airport
La Mesa San Pedro Sula
Coronel Enrique Soto Cano Air Base
Tela Airport
Tegucigalpa
Brus Laguna Airport
Copan Ruinas Airport
Sulaco Airport
Utila Airport
Gasinci
Orubica
Cacinci East
Oresac
Pula Airport
Gyor-Per Repueloter
EWI
Enarotali
Kasiguncu Airport
Cilacap
Supadio Airport
Ende Airport
ENE
Tarempa Airport
Dobo Airport
EWE
Masalembo Airport
Buol Airport
Aeropuerto de Cork
EICK
Aeropuerto de Dublín
Aeropuerto de Dublin
EIDW
Aeroporto de Dublin
EIKN
EIME
Aeropuerto Internacional de Shannon
EINN
Aeropuerto de Galway
EICM
EIBT
EIDL
EIIM
EIIR
EIKK
EIKY
EISG
EIWF
EIBN
EICA
EICB
EICD
EILT
ETH
Ovda Airfield
EIY
EGNS
Bilaspur Airport
Indore
Agartala Airport
Car Nicobar
Aeropuerto Internacional de Bangalore
Vadodara Airport
Zero Airport
Aeropuerto Internacional de Calicut
Guna Airport
EBL
Hamadán
Parsabad Airport
Fasa Airport
Hesa Airport
EGS
Aeropuerto de Catania
Papola Casale Airport
Lampedusa Airport
Aeropuerto de Pantelleria
Aeropuerto Bergamo
Bergamo / Orio Al Serio
Ferrara
Ferrare
Ferraria
Verona Airport
Verona-Villafranca Airport
Ancona Airport
Arezzo
Guidonia
EBA
Latina Airport
Cagliari Elmas Airport
Aerotre
Ceraso
EGJJ
Aeropuerto Internacional Sir Donald Sangster
Aeroporto Internacional Sangster
Puerto Seco Airstrip
Aeropuerto Internacional Norman Manley
Moneague
Elim
Boscobel
Aeropuerto Internacional de Narita
San bay quoc te Narita
Aeroport Internacional de Narita
Aeroporto Internacional de Narita
Internacia Flughaveno Narita
Fukue Airport
EDL
Eldoret
EYS
Mara Lodges
Arorae Airport
Moheli Bandar Es Eslam Airport
Aeropuerto Internacional de Incheon
Aeroporto Internacional de Incheon
Incheon Internaciona Aeroportuo
Aeropuerto Internacional Owen Roberts
EKB
EYSA
EYRK
EYPP
EYPA
EYND
Lenciunai
EYKL
EYKD
EYKA
EYKT
EYDR
EYAL
EYVI
ELLX
EVFA
EVTA
EVRA
Riga Central
EVLA
EVGA
EVEA
Cesis
EVCA
La Abraq Airport
Marsa Brega Airport
Guercif
ESU
ERH
El Teradid
El Kelaa des Mgouna
El Hajeb
Casablanca
Ifni
Aéroport de Casablanca - Mohamed V
Aeroport de Casablanca - Mohamed V
L'Esperance Airport
Sodeca
EBO
ENT
EAL
EJT
EYL
Henzada Airport
Dalanzadgad Airport
Mandalgobi Airport
Aeroporto Internacional de Macau
Aeroporto Internacional de Macau
San Jose Airport
EMN
Luqa Airport
Rodrigues
Villa Hermosa
Aeropuerto Internacional de Tapachula
Santa Elena
San Pedro Tabasco
San Miguelito
San Jose de Leones
Rancho Tierra Rica
Rancho Santa Fe
Rancho Nuevo
Rancho Los Anenos
Rancho Las Carreras
Rancho El Tecolote
Rancho El Molcajete
Rancho Ellagarto
Presa del Azucar
Nuevo Laredo West
Nuevo Laredo International
Morelos
Madero
Los Mirasoles
Los Ebanos
Liberacion
La Pesca
La Parra
Laguna West
La Esperanza
Aeropuerto Internacional General Francisco Javier Mina
Bandar Udara Internasional General Francisco Javier Mina
El Pichon
El Peso
El Paral
El Olivo
El Ojo de Agua
El Ixcan
El Garateno
El Estribo
El Coyote
El Control
El Cedro
El Canelo
Cuesticitas East
Ciudad Victoria
Charco del Nido
Chaparral
Arroyitos
Torreon Municipal
Tenacatita
Tanque Magueyal
Talpa de Allende
Sierra Hermosa Ranch
Santa Rosa
Santa Rosa
Santa Maria de Cuevas
Santa Elena
Santa Ana de Bavicora
San Pedro de Las Colonias
San Pedro de la Cueva
San Nicolas
San Miguelito
San Miguel
San Miguel
San Lucas
San Juan de los Charcos
San Jose de Raices
San Jose de Bavicora
San Jeronimo
San Ignacio
San Franciscos de Borja
San Francisco
Rosario Sonora
Rodriguez
Rio Del Fuente
Ricardo Flores Magon
Rancho Valladolid
Rancho Soledad Las Palmas
Rancho Sierra del Medio
Rancho Santa Teresa
Rancho Santa Rosa
Rancho Santa Clara
Rancho San Jose de Mahoma
Rancho San Joaquin
Rancho San Francisco
Rancho San Antonio De Zaragoza
Rancho Salto de Ojo
Rancho Pozo Los Apaches
Rancho Poso de Villa
Rancho Pico Etereo Dos
Rancho Pico Etereo
Rancho Palos Altos
Rancho Nuevo
Rancho Nuevo
Rancho Nopalera de Cepeda
Rancho Maria del Carmen One
Rancho Maria del Carmen
Rancho Los Pescados
Rancho Los Pescados
Rancho Los Ojos
Rancho Los Nogales
Rancho Los Moscos
Rancho Los Lamentos West
Rancho Los Junos
Rancho Los Hechizos
Rancho Los Chacuales East
Rancho Los Chacuales
Rancho Los Buras
Rancho Los Alisos
Rancho Llano Colorado
Rancho Llano Blanco
Rancho Las Palmas
Rancho La Soledad
Rancho Las Esperanzas
Rancho La Salada
Rancho La Piramide
Rancho La Pena
Rancho La Pasion
Rancho La Mextena
Rancho La Jaralito
Rancho La Esperanza
Rancho La Boquilla
Rancho Hacienda La Nesta
Rancho Hacienda El Fortin
Rancho Encino Solo
Rancho El Venado
Rancho El Vado
Rancho El Tule
Rancho El Treinta
Rancho El Socorro
Rancho El Saucito
Rancho El Sahaural
Rancho El Rodeo
Rancho El Riito
Rancho El Retiro
Rancho El Represito
Rancho El Remolino
Rancho El Pozo De Obregon
Rancho El Porvenir
Rancho El Oso
Rancho El Muchacho
Rancho El Jeco
Rancho El Huerigo
Rancho El Fenix
Rancho El Espia
Rancho El Delirio
Rancho El Datil
Rancho El Coyote
Rancho El Coyote
Rancho El Consuelo North
Rancho El Consuelo
Rancho El Compa
Rancho El Cibolo
Rancho El Chilicote
Rancho El Carrizal
Rancho El Caracol
Rancho El Capadero
Rancho El Bosque
Rancho El Becerro
Rancho El Barril
Rancho El Alamito
Rancho El Abanico
Rancho de la Iglesia
Rancho de Cruces
Rancho Corralitos
Rancho Cocospera
Rancho Cerros Prietos
Rancho Cerros Blancos
Rancho Cerro de Leija
Rancho Cascajal
Rancho Barrancas
Rancho Asuncion
Ranchio El Corral de Emmedio
Punta Tormento
Punta El Tecuan
Punta de Agua West
Punta de Agua
Puerto Santo Tomas
Puerto Magdalena
Puerto Libertad
Puerto de Lobos
Puerto Adolfo Lopez Mateos
Puertecitos
Puente de Camotlan
Pueblito
Presidio San Carlos
Presa Rodriguez
Presa Obregon
Presa Miguel Hidalgo
Presa
Plomo
Pericos
Parral
Pablo L. Sidar
Ocota de la Sierra
Nuevo Casas Grandes
Nacozari
Nacori
Naco East
Naco
Aerocentro de Monterrey
Montelargo
Minero Tinado
Mina El Burro
Mina El Apache
Mina Dealena
Mexicali
Mesa del Veinte
Mesa Colorada
Medanos Ondulados
Medano Amarillo
Manga del Colorado Tres
Manga del Colorado Dos
Manga del Colorado Cuatro
Los Terreros
Los Tascales
Los Sabinos
Los Molinos
Los Mochis
Los Hoyos
Los Angeles
Llano Grande
La Virgen
La Virgen
Rancho La Vieja Mires
La Trece
Las Vacas
Las Mestenas
Las Margaritas
Las Glorias
Las Delicias
Las Bocas
La Ruana
La Reforma
La Mesa del Huracan
La Mesa
La Huerfana
Laguna Verde
Laguna de Salinillas
La Fabrica
La Encantada
Ixtlan del Rio
Hacienda Valle Colombia
Hacienda Sierra Morena
Hacienda Santo Domingo
Hacienda Santa Rosa South
Hacienda Santa Rosa
Hacienda Santa Anita
Hacienda San Francisco
Hacienda Pedro Prieto
Hacienda Ojo Sierra Almoloya
Hacienda Nueva Encinas
Hacienda La Mora
Hacienda Guadalupe Uno
Hacienda El Carrizalejo
Hacienda El Capulin
Hacienda El Berrendo
Hacienda Corralitos
Hacienda Casa de Adobe
Hacienda Carretas
Francisco Sarabia
Estero San Gregorio
Estacion Villaldama
Estacion Mata Ortiz
Estacion Bella Vista
Esqueda
Esmeralda
El Tuido
El Rosario Valley
El Rosario
El Rancho Nuevo
El Rancho
El Ranchito
El Plomito
El Pinal
El Palmito
El Pajarito
El Oro
El Ojo
El Nuevo Mercurio
El Novillo
El Mosco
El Mirador
El Llano
El Grullo
El Gavilan
El Fuerte
El Dorado
El Desemboque
El Consuelo
El Cipres
El Carrizo
El Bonito
El Alamo
El Aguacate
Ejido San Miguel South
Ejido San Miguel
Ejido La Tinaja
Ejido La Potasa
Ejido La Luz
Ejido Jaboncillos
Ejido El Triunfo
Ejido El Porvenir
Ejido El Claro
Ejido El Aguila
Ejido Boquillas del Carmen
Corral
Colonia Morelos New
Colonia Lazaro Cardenas East
Colonia Lazaro Cardenas
Colonia de Torreoncitos North
Colonia de Torreoncitos
Ciudad Obregon New
Ciudad Lerdo
Ciudad Juarez
Ciudad Guzman
Ciudad Guerrero
Ciudad de Durango
Ciudad Cuauhtemoc
Ciudad Camargo
Ciudad Acuna
Chupadero del Caballo
Cerros Rayados
Cerro San Carlos
Cerro Prieto
Cerro del Sasabe
Cerro del Ombligo
Cedrito
Ceballos
Casa Madero
Carmen
Cardenas
Cantera
Canon de Nueva York
Campo Garza
Cabo San Miguel
Benavides Dos
Barranca de Cobre
Bahia de Los Angeles
Bacerac
Arroyo el Infante
Arriba
Angostura Lake Resort
Angel de la Guarda
Agua Caliente
Aerodeportes
Aeropuerto Lopez Portillo
Aerop. Internacional Monterrey, N. L.
Cuernavaca, Mor.
Ciudad Del Carmen
Ciudad Obregon
Ciudad Victoria Airport
Durango Airport
Aeropuerto Nacional de Lázaro Cárdenas
Bandar Udara Lazaro Cardenas
Lazaro Cardenas
Lazaro Cardenas Airport
Aeropuerto Nacional de Lazaro Cardenas
Bandar Udara Lázaro Cárdenas
Lázaro Cárdenas Airport
Del Bajio / Leon
Merida / lic Manuel Crecencio
Puebla International Airport
Puerto Escondido
San Jose Del Cabo
Toluca / Jose Maria
Veracruz / Las Bajadas / General Heriberto Jara
Zacatecas Airport
Lencero
Aeropuerto MEX - terminal nacional
Aeropuerto MEX - terminal internacional
San Ignacio Airport
Aeropuerto Nacional Capitán Rogelio Castillo
Aeropuerto Nacional Capitan Rogelio Castillo
Ciudad Constitucion Airport
Guerrero Negro Airport
Aeropuerto Internacional de San Felipe
Ciudad Mante National Airport
Isla Mujeres Airport
Palenque International Airport
San Cristobal De Las Casas Airport
Playa del Carmen Airport
Pinotepa Nacional Airport
Aeropuerto Internacional de la Ciudad de México
Aeropuerto Internacional de la Ciudad de Mexico
Mexicali
Bario Airport
Pamol Airport
Mueda
Diaca
Cobue
Tenente Valadim
Ancuabe
Furancungo
Meloco
Entre Rios
Nacaroa
Uncualo
Alto Molocue
Nauela
Antonio Enes
Tacuane
Larde
Estacatira
Vilanculos
Aeroporto Internacional de Mavalane
Aeroporto Internacional de Maputo
Cuamba Airport
Montepuez Airport
Ruacana Airport
Eros Airport
ERS
Mueo Airport
Lagos Airport
Lagos International Airport
Enugu Airport
ENU
Aeropuerto de Yola
Yola Airport
Zaria Airport
Aeropuerto Internacional Nnamdi Azikiwe
Puerto Cabezas Airport
Puerto Cabezas
Aeropuerto Internacional de Managua
Rosita Airport
San Pedro Airport
Nueva Guinea Airport
San Carlos
EHAM
EHBK
EHDB
EHDL
EIN
EHEH
EHGG
EHGR
EHKD
Aeropuerto de Lelystad
EHLE
EHLW
EHRD
EHTW
ENS
EHVB
EHVK
EHWO
EHTE
EHTL
ENKR
ENTY
ENGM
ENAN
ENAL
ENAT
ENBL
ENBM
ENBN
ENBO
ENBR
ENBS
ENBV
ENCN
ENDI
ENDR
ENDU
ENEV
EVE
ENFG
ENFL
ENFR
ENGC
ENHD
ENHE
ENHF
ENHK
ENHV
ENKB
ENLI
ENLK
ENMH
ENML
ENMS
ENNA
ENNK
ENNM
ENNO
ENOA
ENOL
ENOV
ENRA
ENRM
Røros Airport
ENRO
Roros Airport
ENRS
ENRY
ENSD
ENSG
ENSH
ENSK
ENSN
ENSO
ENSR
ENSS
ENST
ENTC
ENTO
ENVA
ENVD
ENZV
ENHA
ENVR
Vaeroy Heliport
ENKL
Dolpa Airport
Lamidanda Airport
Nepalgunj Airport
Aeropuerto Internacional de Nauru
Aeroporto Internacional de Nauru
Tocumen Internacional
Aeropuerto de Tocumen
Santa Fe Numero Dos
Santa Clara
Rio Viejo de Las Rodriquez
Puerto Tebario
Paracote Dos
Paracote 2
Nombre de Dios
Aeropuerto Marcos A. Gelabert
Calzada Larga
Aerodromo Madden
Los Uveros
Las Tablas Tres
Las Tablas 3
La Pintada
La Palma
La Mesa Los Santos
La Mesa
Base Militar Howard de la Aviacion
Base Militar Howard de la Aviación
El Volcan
El Quiteno
El Cortezo
El Cacao
Pista de Aterrizaje Chame
Calobre
Buenes Aires
Boca de la Honda
Arenas Tres
Base Militar Albrook de la Aviacion
Agua Caliente
El Real
Jaque Airport
Puerto Armuelles Airport
Santa Clara
San Pedrillo
Pueblo Nuevo
Peca Blanca
Pampa Elera
Palo Blanco
Limon Carro
Las Lomas
Hacienda Santa Rey
Hacienda Santa Filomena
Hacienda Sancor
Hacienda Ocoto Bajo
Hacienda Mirador
Hacienda Laqueprada West
Hacienda La Capilla
Hacienda El Retiro
Hacienda Angostura
Garita Garcia
El Puente
El Pato
Cerrado El Pato
El Cuadrada
El Carmen
El Barrosa
Capitan Carlos Martinez de Pinillos
Cajamarca
Yauricocha
Aeropuerto de Yauca
Aeropuerto Carlos Ciriani
San Juan de Marcona
San Jacinto
Pueblo Nuevo
Moquegua
Juliaca
Aeropuerto Internacional Jorge Chávez
Aeroporto Internacional Jorge Chavez
Aeroporto Internacional Jorge Chávez
Aeropuerto Internacional Lima-Callao
Aeropuerto Internacional Jorge Chavez
Hacienda San Jose
Hacienda Huanaco
Hacienda Hoja Redonda
Hacienda Caudivilla
Aviacion Pampa
Aeropuerto Teniente General Gerardo Pérez Pinedo
Aeropuerto Teniente General Gerardo Perez Pinedo
Lieutenant General Gerardo Perez Pinedo Airport
Lieutenant General Gerardo Pérez Pinedo Airport
Pucallpa
Aeropuerto Internacional Inca Manco Cápac
Aeropuerto Internacional Inca Manco Capac
Cajamarca
Puerto Maldonado
Aeropuerto Juan Simon Vela
Aeropuerto FAP Grupo Aereo Cuarenta y Dos
Aeropuerto FAP Grupo Aereo 42
Francisco Secada Vigneta
Aeropuerto Rodriguez Ballon
Aeropuerto de Caballococha
Caballococha Airport
Francisco Carle Airport
Aerodromo Maria Reiche
Huallaga Airport
Moyobamba Airport
San Nicolas Airport
Santa Maria Airport
San Francisco Airport
Lae Nadzab Airport
Santos Lopez
Santa Rosa Airfield
Santa Rosa
EUQ
San Jose de Buena Vista
Puerto Princesa
Palaridel
Marinduque Airport
Lucena
Lepanto Mines Airfield
Hermana Menor
Hacienda Labilabi
Fuga
Corregidor Airfield
Basco Airfield
Badas Placer
San Jose
Villamor Air Base
Sugpo Airfield
Cuyo Airport
Labo Airport
Francisco B. Reyes Airport
General Santos International Airport
ENI
El Nido Airport
Hyderabad Airport
Aeropuerto Internacional Benazir Bhutto
Muzaffarabad Airport
Campbellpore Airport
Olsztyn
EPNT
Lososina Dolna
EPKR
EPBP
EPZG
EPWR
EPPW
EPPO
EPMB
EPLU
Lubien
EPLL
Legnica
EPLE
EPLK
EPKN
EPGD
EPEL
Elblag
EPKK
EPKT
EPRZ
EPSC
EPSK
EPWA
EPBY
Adjuntas Airport
Aeropuerto Borinquen
Aeropuerto International de Isla Verde
Mercedita Airport
Aeropuerto Mercedita
Aeropuerto Santa Isabel
Aeropuerto de Dorado
Aeropuerto de Isla Grande
Aeropuerto de Salinas
Baxter-Carolina Heliport
Boqueron Airport
Diego Jimenez Torres Airport
Eugenio Maria de Hostos Airport
Fajardo Harbor Seaplane Base
Fernando Luis Ribas Dominicci Airport
Labadie Airport
Jose Aponte de la Torre Airport
Squibb Heliport
Camp Garcia Vieques Airport
Palmas del Mar Airstrip
Boqueron Airport
Antonio Rivera Rodriguez Airport
Flores Acores
Lajes Acores
Ponta Delgada / Nordela Acores
Tancos Mil.
Vila Real
Santa Maria Acores
Aeroporto Internacional da Portela
Aeropuerto de Pico
Graciosa Airport
Uno de Marzo
San Pedro Del Parana
San Juan Nepomuceno
Requera
Puerto Recife
Puerto Presidente Stroessner
Puerto D M de Irala West
Ganadera Salitre Cue
Felix de Azara
Estanzuela
Estancia Zarza
Estancia Toro Paso
Estancia Soledad
Estancia Sarubi
Estancia Sapara
Estancia Santa Teresa
Estancia San Solano
Estancia San Miguel
Estancia San Geronimo South
Estancia Salto Cue
Estancia Pindura
Estancia Nu Pyahu
Estancia Molina Cue
Estancia Maria Veronica West
Estancia Maria Veronica
Estancia La Perla
Estancia La Negra
Estancia La Milagrosa
Estancia Doldan
Estancia de Bernardi
Estancia Compania Copacar
Estancia Belen
Estancia Barrios Canal
Estancia Algarrobo
Estable Santa Isabel
Establecimiento Santa Ana
Establecimiento Kenneth
Culantrillo
Costa Pucu
Carmen Del Parana
Buena Vista
Arroyo Y Esteros
Aero Club del Paraguay
Asuncion / Aeropuerto
Concepcion
ENO
Encarnacion
Aeropuerto Guarany
Mariscal Estigarribia
ESG
Carlos Miguel Gimenez Airport
Filadelfia Airport
Fuerte Olimpo Airport
Puerto Leda Airport
Puerto La Victoria Airport
Aeropuerto Internacional de Bucarest-Henri Coandă
Aeropuerto Internacional de Bucarest-Henri Coanda
Aeroporto Internacional Henri Coandă
Beograd / Surcin
EIE
ESL
Elista Airport
Penza Airport
Inta Airport
EZV
EGO
EYK
Tunoshna Airport
Plastun Airport
ELQ
EAM
EWD
EJH
Mono Airport
EGM
Geva Airport
EGN
ELF
EBD
El Debba Airport
EDB
Galegu Airport
ESNP
ESNQ
ESUK
ESNJ
ESNG
ESUV
ESNV
ESMX
ESGO
ESCM
ESST
EVG
ESND
ESKU
ESKC
ESNB
ESMY
ESVS
ESNT
ESIB
ESDF
ESUR
ESPC
ESMO
ESNR
ESNM
ESKO
ESKM
ESMS
ESSG
ESUL
ESDA
ESSH
ESSP
ESVK
ESMQ
ESGJ
ESSX
ESGH
ESUT
ESOW
ESMT
ESNA
ESMV
Lunda Airfield
ESKA
ESVG
ESMG
ESMF
ESME
Esloev
EKT
ESSU
ESMA
ESSC
ESKD
ESSB
ESSD
ESMB
Boras/Viared
ESGA
ESVA
ESUS
ESKV
ESSA
ESQO
ESDB
ESMP
ESGI
ESCF
ESGG
ESGP
ESGR
ESGT
ESKN
ESMK
ESNK
ESNL
ESNN
ESNO
ESNS
ESNU
ESOE
Örebro Airport
ESOK
ESPA
ESPD
ESPE
ESSF
ESSK
ESSL
ESSQ
ESSV
ESCL
ESTA
ESNX
ESUP
ESOH
ESUE
Ljubljana Brnik Airport
ENAS
ENBJ
ENJA
ENSB
Lucenec
Bosaso Airport
Candala Airport
Gardo Airport
ERA
Tepoe
Ladoeani
Aeropuerto Internacional El Salvador
Providenciales
Middle Caicos Airport
Guereda
Udon
Aeropuerto Internacional de Phuket
Aeropuerto Internacional Qurghonteppa
EBM
El Borma
Sfax El-Maou
EUA
ESB
ESK
Isparta
EZS
ERC
ERZ
EDO
Lan-yu Airport
Hua-lien Airport
Dar Es Salaam Airport
Aeropuerto Internacional del Kilimanjaro
Seronera Airport
Borispol Airport
ERD
EBB
Moyo Airport
Caleb Heliport
Brundidge Municipal Airport
Camden Municipal Airport
Centre Municipal Airport
Clayton Municipal Airport
Demopolis Municipal Airport
ETS
Enterprise Municipal Airport
Eutaw Municipal Airport
Florala Municipal Airport
Foley Municipal Airport
Gadsden Municipal Airport
Geneva Municipal Airport
Grove Hill Municipal Airport
Lakeside Airport
Merkel Field Sylacauga Municipal Airport
Pine Hill Municipal Airport
Riviera Airport
St Elmo Airport
EET
Talladega Municipal Airport
Troy Municipal Airport
Tuscaloosa Municipal Airport
EUF
Almyra Municipal Airport
Bald Knob Municipal Airport
Bates Memorial Hospital Heliport
Bentonville Municipal Airport
Carlisle Municipal Airport
Central Arkansas Hospital Heliport
Clarendon Municipal Airport
Clinton Municipal Airport
ELD
Hampton Municipal Airport
Hazen Municipal Airport
Helena Hospital Heliport
Hope Municipal Airport
Jonesboro Municipal Airport
Lakeside Airport
Lawrence Memorial Heliport
Manila Municipal Airport
Morrilton Municipal Airport
Mount Ida Municipal Airport
Pocahontas Municipal Airport
Osceola Municipal Airport
Paris Municipal Airport
Penrose Airport
Prides Airport
Vilonia Airport
Waldron Municipal Airport
Aeropuerto Regional de Walnut Ridge
Warren Municipal Airport
Chandelle Estates Airport
Laurel Airport
EVY
Aeropuerto del Condado de Sussex
Academy Heliport
Aero Acres Airport
Airglades Airport
Alachua General Hospital Heliport
Alico Airport
Apalachicola Municipal Airport
Arcadia Municipal Airport
Camino Real Centre Heliport
Cape Coral Hospital Heliport
Capra Farms Heliport
Cedar Lane Airport
Punta Gorda Airport
Delta Airport
EMS Heliport
Falcon Heliport
Gadsden Memorial Hospital Heliport
Gulf Aerospace Heliport
Holmes Regional Medical Center Heliport
Aeropuerto Internacional de Cayo Hueso
EYW
LGH Heliport
Lake Suzy Estates Airport
Lucerne Medical Center Heliport
Marianna Municipal Airport
Aeropuerto Internacional de Miami
San bay quoc te Miami
Aeroport Internacional de Miami
Aeroporto Internacional de Miami
Mosquito Control Heliport
Naples Hospital Heliport
Naples Municipal Airport
EVB
EGI
Ocala Heliport
Aeropuerto Internacional de Orlando
San bay quoc te Orlando
Aeroporto Internacional de Orlando
Orlando Regional Medical Center Heliport
Pierson Municipal Airport
Placid Lakes Airport
Port Everglades Heliport
Quincy Municipal Airport
Santa Rosa Medical Center Heliport
Sebastian Municipal Airport
Aeropuerto Internacional Southwest Florida
Tampa General Hospital Heliport
Teco Plaza Heliport
Venice Municipal Airport
Vero Beach Municipal Airport
Aeroport municipal de Vero Beach
Wauchula Municipal Airport
Aeroport municipal de Wauchula
Orlampa Inc Airport
Baxley Municipal Airport
Dalton Municipal Airport
Darla's Airport
Douglas Municipal Airport
Dresden Airport
EZM
Egleston Hospital Heliport
Fargo Airport
Hamilton Medical Center Heliport
Lace Airport
Lenora Airport
Madison Municipal Airport
Mc Lendon Airport
Memorial Hospital Heliport
Metro Heliport
Panacea Airport
Pegasus Run Airport
Smyrna Hospital Heliport
The Coca-Cola Company
Coca-Cola Company
Trico Heliport
Valdosta Regional Airport
Veterans Medical Center Heliport
Aero Estates Airport
Benton Municipal Airport
Carmi Municipal Airport
Casey Municipal Airport
Centralia Correctional Center Heliport
Centralia Municipal Airport
ENL
Flora Municipal Airport
Hillsboro Municipal Airport
Lawrence Co Memorial Hospital Heliport
Medical Center Heliport
Memorial Medical Center Heliport
Metropolis Municipal Airport
Mount Carmel Municipal Airport
Our Lady Immaculata Airport
Taylorville Municipal Airport
Tuscola Airport
Vandalia Municipal Airport
E-Z Acres Airport
EYE
EVV
Freeman Municipal Airport
Aeropuerto Internacional de Indianápolis
Aeropuerto Internacional de Indianapolis
Madison Municipal Airport
Abilene Municipal Airport
Augusta Municipal Airport
Clay Center Municipal Airport
Colonel James Jabara Airport
Council Grove Municipal Airport
Edna Municipal Airport
EDK
EMP
Fredonia Airport
Gardner Municipal Airport
Harper Municipal Airport
Horton Municipal Airport
Independence Municipal Airport
Jetmore Municipal Airport
Lakeside Airport
Lawrence Municipal Airport
Lincoln Municipal Airport
Lucas Airport
Marion Municipal Airport
McMullen Airport
Mesa Verde Airport
Moundridge Municipal Airfield
Neodesha Municipal Airport
EWK
Norton Municipal Airport
Oxford Municipal Airport
Providence Airport
Salina Municipal Airport
Seneca Municipal Airport
Trabue Airport
Leo's Place Airport
Wamego Municipal Airport
EKX
Cambron Field
Estes Airport
Falcon Heliport
Fulton Airport
Glasgow Municipal Airport
EHR
Lourdes Hospital Heliport
Madisonville Municipal Airport
WLKY-TV Studios Heliport
EKQ
Acadiana Regional Airport
Alexandria Esler Regional Airport
ESF
Cameron Texaco Heliport
Cocodrie Heliport
Era Heliport
Exxon Heliport
Homer Municipal Airport
Jena Airport
LSR Medical Center Heliport
La Dotd Headquarters Heliport
Le Gros Memorial Airport
Maeora Airport
Mobil Cameron Heliport
Moosa Memorial Hospital Heliport
Odeco Cocodrie Heliport
Olla Airport
Rapides General Hospital Heliport
Thibodaux Municipal Airport
Transco Delcambre Heliport
West Calcasieu Cameron Hospital Heliport
Easton Municipal Airport
ESN
Evapco Heliport
Grimes Properties Heliport
Mexico Farms Airport
Jerry Sumners Sr. Aurora Municipal Airport
Bel-Voir Acres Airport
Boonville Municipal Airport
Buell Airport
Cal Acres Airport
Camdenton Memorial Airport
Cameron Memorial Airport
Carl Ensor Airport
Carrollton Memorial Airport
Clarion Heliport
Cuba Municipal Airport
Dexter Municipal Airport
El Dorado Springs Memorial Airport
Eldon Model Airpark
Ferros Ranch-Aero Airport
Festus Memorial Airport
Gideon Memorial Airport
Hermann Municipal Airport
Independence Memorial Airport
Jesse Viertel Memorial Airport
Aeropuerto Internacional de Kansas City
Lamar Municipal Airport
Lexington Municipal Airport
Lincoln Municipal Airport
Madison Memorial Heliport
Malden Regional Airport
Marceline Municipal Airport
Mexico Memorial Airport
EOS
Nevada Municipal Airport
Osceola Municipal Airport
Perryville Municipal Airport
Piedmont Municipal Airport
Samuel L. Clemens Memorial Airport
Sedalia Memorial Airport
Sikeston Memorial Municipal Airport
Va Medical Center Heliport
Tupelo Regional Airport
E E Lane Airport
Eupora Airport
Farmco Field
Fundarosa Airport
Giles Airport
Grenada Municipal Airport
Macon Municipal Airport
Mantachie Airport
Philadelphia Municipal Airport
Tunica Airport
Union Municipal Airport
Waynesboro Municipal Airport
Allen Airport
Bladenboro Airport
Edenton Municipal Airport
EDE
ECG
Elkin Municipal Airport
Enterprise Airport
EYF
Gastonia Municipal Airport
Aeropuerto Internacional Piedmont Triad
EXX
Lumberton Municipal Airport
EQY
Pamlico Airport
Sampson Memorial Hospital Airport
EHO
EWN
Ventosa Plantation Airport
ASH Personal Heliport
Bertino Heliport
Emmanuel Airport
WJRZ Radio Heliport
Alexander Salamon Airport
Baisden Airport
Cambridge Municipal Airport
General Electric Airport
Glade Airport
Medical Center Heliport
Medical Center Hospital Heliport
Petro Heliport
Plasco Field Heliport
Valley Vista Airport
Ada Municipal Airport
Altus Municipal Airport
Alva Municipal Airport
Ardmore Municipal Airport
Carnegie Municipal Airport
Clarence E Page Municipal Airport
Clinton Municipal Airport
Crazy Horse Municipal Airport
El Reno Airport
El Reno Regional Airport
ELK
Eufaula Municipal Airport
Grove Municipal Airport
Healdton Municipal Airport
Hillcrest Medical Center Heliport
Holdenville Municipal Airport
Hugo Municipal Airport
Jones Memorial Airport
Laverne Municipal Airport
Lawton Municipal Airport
Madill Municipal Airport
Medford Municipal Airport
Municipal Airport
Municipal Airport
Pauls Valley Municipal Airport
Perry Memorial Hospital Heliport
Perry Municipal Airport
Petra Heliport
Prague Municipal Airport
Sayre Municipal Airport
Sulphur Municipal Airport
Tahlequah Municipal Airport
Talihina Municipal Airport
Tipton Municipal Airport
END
Vici Municipal Airport
Delta Airport
Aeropuerto Internacional de Filadelfia
Aeroporto Internacional de Filadélfia
Aeroporto Internacional de Filadelfia
Rena-Vera Airport
Aiken Municipal Airport
Campobello Airport
Clarendon Memorial Hospital Heliport
Falcon Airport
Lamar Airport
Orangeburg Municipal Airport
Piedmont Medical Center Heliport
Providence Hospital Heliport
Sumter Municipal Airport
Walterboro Municipal Airport
Cambron Field
Elizabethton Municipal Airport
Lebanon Municipal Airport
Aeropuerto Internacional de Memphis
Aeroporto Internacional de Memphis
Murfreesboro Municipal Airport
Aero Estates Airport
Aero Estates Airport
Albany Municipal Airport
Amoco Heliport
Barton Memorial Airport
Bridgeport Municipal Airport
E30
Caddo Mills Municipal Airport
Cameron Airport
Castroville Municipal Airport
Center Municipal Airport
Chaparrosa Ranch Airport
Cisco Municipal Airport
Coleman Municipal Airport
Conoco Heliport
Corralitos Airport
Cuero Municipal Airport
Dallas CBD Vertiport
De Leon Municipal Airport
Denton Municipal Airport
Devine Municipal Airport
Dibrell Airport
Dos Arroyos Ranch Airport
El Campo Airpark
El Paisano Airport
Elgin Intracontinental Airport
EFD
Ennis Municipal Airport
Guadalupe Hospital Heliport
Hamilton Municipal Airport
Hempstead Gliderport
Herradura Lodge Airport
Hillsboro Municipal Airport
Horizon Airport
Jacksboro Municipal Airport
Jacobia Field
Puesta Del Sol Airport
La Esperanza Ranch Airport
La Porte Municipal Airport
La Porte Plant Heliport
Ladue Ranch Heliport
Aeropuerto Internacional de Laredo
Lempa Airport
Llano Municipal Airport
Los Ebanos Ranch Airport
Madisonville Municipal Airport
Medical Center Heliport
Medical Center Hospital Heliport
Medical Center Hospital Heliport
Memorial Medical Center Heliport
Memorial Medical Center Heliport
Moulton Municipal Airport
Munday Municipal Airport
Navasota Municipal Airport
Navsta Ingleside Heliport
Nocona Airport
Palacios Municipal Airport
Palestine Municipal Airport
Patco Heliport
Pierce Airport
Placid Heliport
Pleasanton Municipal Airport
Progreso Airport
Prudential Heliport
Puesta Del Sol Airport
Quanah Municipal Airport
Rancho Buena Vista Airport
Rancho Del Lago Heliport
Resaca Airstrip
Saint Lukes Episcopal Hospital Heliport
Salado Airport
San Benito Municipal Airport
San Marcos Municipal Airport
Sartor Heliport
Seymour Municipal Airport
Stinson Municipal Airport
Superior Airport
Superturf Heliport
Taylor Municipal Airport
Teague Municipal Airport
Vac Heliport
ERV
Van Es Ranch Airport
Varisco Airport
Wharton Municipal Airport
Winnsboro Municipal Airport
Aqualon Heliport
Aviacres Airport
Bundoran Airport
Culpeper Memorial Hospital Heliport
EMV
Giles Memorial Hospital Heliport
Grundy Municipal Airport
Hospital Heliport
Loudoun Hospital Center Heliport
Mannboro Medical Center Heliport
Providence Airport
Aeropuerto Nacional Ronald Reagan de Washington
Roseland Rescue Squad Heliport
Sentara Hampton General Hospital Heliport
EZF
Warrenton-Fauquier Airport
Aeropuerto Internacional Washington-Dulles
Alloy Heliport
EKN
Aeropuerto Municipal de Abbeville
Atmore Municipal Airport
General Electric Heliport
Lakeside Airport
Medical Center Heliport
Meriden Markham Municipal Airport
USSC Heliport
Union Carbide Corp Heliport
Ackley Municipal Airport
Aero-Lane Airport
Akron Municipal Airport
Albia Municipal Airport
Algona Municipal Airport
Allen Memorial Hospital Heliport
Allison Municipal Airport
Ames Municipal Airport
Atlantic Municipal Airport
Belmond Municipal Airport
Boone Municipal Airport
Cedar Rapids Municipal Airport
Chariton Municipal Airport
Clarion Municipal Airport
Clinton Municipal Airport
Creston Municipal Airport
Davenport Municipal Airport
Decorah Municipal Airport
Denison Municipal Airport
Des Moines General Hospital Heliport
Dubuque Regional Airport
Edgren Airport
Eldora Municipal Airport
Garner Municipal Airport
Grundy Center Municipal Airport
Hampton Municipal Airport
Harlan Municipal Airport
Independence Municipal Airport
EOK
Keosauqua Municipal Airport
Knoxville Municipal Airport
Le Mars Municipal Airport
Maquoketa Municipal Airport
Medical Heliport
Mercy Hospital Medical Center Heliport
Monona Municipal Airport
Myrtue Memorial Hospital Heliport
Nevada Municipal Airport
Osceola Municipal Airport
Perry Municipal Airport
Sibley Municipal Airport
Sioux Center Municipal Airport
Spencer Municipal Airport
Spencer Municipal Hospital Heliport
Toledo Municipal Airport
Traer Municipal Airport
EBS
Aero Estates Airport
Aero Lake Estates Airport
Aurora Municipal Airport
Aero Acres Airport
CGH Medical Center Heliport
Cambier Airport
Chicago Glider Club Gliderport
Colonial Acres Airport
Covenant Medical Center Heliport
Day Aero-Place Airport
Exposition Gardens Heliport
Franciscan Heliport
Galesburg Municipal Airport
Gillen Airport
Hospital Heliport
Macomb Municipal Airport
McDonalds Plaza Heliport
Memorial Heliport
Official Airline Guides Heliport
Pontiac Municipal Airport
Aeropuerto Internacional Quad City
Raeco Heliport
Riverside Medical Center Heliport
Sauerman Heliport
Allen Airport
Anderson Municipal Airport
Dupouy Airport
Elkhart Municipal Airport
EKM
Flora Municipal Airport
La Porte Municipal Airport
Ligonier Airport
Marion Municipal Airport
Barnes Municipal Airport
Digital - Dascomb Road Heliport
Gardner Municipal Airport
Lawrence Municipal Airport
Mundale Airport
EWB
Orange Municipal Airport
Taunton Municipal Airport
USCG Heliport
Cianbro Heliport
Lubec Municipal Airport
Princeton Municipal Airport
Almena Airport
Ann Arbor Municipal Airport
Atlanta Municipal Airport
Capen Airport
Caro Municipal Airport
Clare Municipal Airport
ESC
Evart Municipal Airport
Fremont Municipal Airport
Hillsdale Municipal Airport
Lada Airport
Lakeside Airport
Laszlo Airport
ERY
Macomb Airport
Mancelona Municipal Airport
Mecosta Morton Airport
Munson Medical Center Heliport
Muskegon General Hospital Heliport
Raco Field
Rosedale Airport
Vlachos Acres Airport
Yuba Airport
Aerovilla Airport
Appleton Municipal Airport
Backus Municipal Airport
Bagley Municipal Airport
Barnesville Municipal Airport
Benson Municipal Airport
Brooten Municipal Airport
Budde Airport
Cambridge Municipal Airport
Dupres Airport
Elmer Airport
ELO
Ely Municipal Airport
EVM
Fertile Municipal Airport
Fosston Municipal Airport
Frontenac Airport
Glencoe Municipal Airport
Hallock Municipal Airport
Hector Municipal Airport
Helblad Airport
Herman Municipal Airport
Ingleside Airport
Jacobsen Airport
Karlstad Municipal Airport
Lake Elmo Airport
Lorenz Airport
Maple Lake Municipal Airport
Meadowvale Airport
Milaca Municipal Airport
Mora Municipal Airport
Murdock Municipal Airport
Paynesville Municipal Airport
Princeton Municipal Airport
Reco Field
Remer Municipal Airport
Robco Airport
St James Municipal Airport
Sauk Centre Municipal Airport
Sky Manor Aero Estates Airport
Slayton Municipal Airport
Sleepy Eye Municipal Airport
Staples Municipal Airport
Surfside Airport
Surfside Seaplane Base
Mueller Airport
Tracy Municipal Airport
Tyler Municipal Airport
Warren Municipal Airport
Waseca Municipal Airport
Albany Municipal Airport
Municipal Airport
Trenton Municipal Airport
Cavalier Municipal Airport
Drayton Municipal Airport
Edgeley Municipal Airport
Ellendale Municipal Airport
Gackle Municipal Airport
Hillsboro Municipal Airport
Lakota Municipal Airport
Larimore Municipal Airport
Leonard Municipal Airport
Lisbon Municipal Airport
Maddock Municipal Airport
Mayville Municipal Airport
Mc Ville Municipal Airport
Milnor Municipal Airport
Minto Municipal Airport
Napoleon Municipal Airport
Oakes Municipal Airport
Pembina Municipal Airport
Pruetz Municipal Airport
Sanden Airport
Wyndmere Municipal Airport
Albion Municipal Airport
Arapahoe Municipal Airport
Aurora Municipal Airport
Bil Lo Airport
Cedar Rapids Municipal Airport
Crete Municipal Airport
Fremont Municipal Airport
Genoa Municipal Airport
Hebron Municipal Airport
Hoesel Airport
Immanuel Medical Center Heliport
EAR
Laurel Municipal Airport
Lincoln Municipal Airport
Memorial Hospital Heliport
Oxford Municipal Airport
Pender Municipal Airport
Sargent Municipal Airport
Superior Municipal Airport
Claremont Municipal Airport
Concord Municipal Airport
EEN
Errol Airport
Franconia Airport
Laconia Municipal Airport
Lancaster Heliport
Lebanon Municipal Airport
Tyco Pad Heliport
Albert Guido Memorial Heliport
Edison Square Heliport
Elmport Heliport
Hunterdon Medical Center Heliport
Mercer Medical Center
EWR
Palisades General Hospital Heliport
Rancocas Hospital Heliport
Scardos Heliport
Aeropuerto de Teterboro
Trade Zone Heliport
Trinca Airport
Airlane Enterprises Airport
Astoria Heliport
Canajoharie Airport
Clarence Aerodrome
Cuba Memorial Hospital Heliport
Del Savio Airport
Duflo Airport
Edo Seaplane Base
Hamilton Municipal Airport
ELM
Geneseo Airport
Gibraltar Heliport
James Carl Memorial Heliport
Aeropuerto Internacional John F. Kennedy
La Guardia Airport
Lake Placid Airport
Lockport Cambria Airport
Medical Center Heliport
Mexico Airdrome
Oneonta Municipal Airport
Paradise Airport
Peninsula Hospital Center Heliport
Piseco Airport
Seneca Falls Municipal Airport
Sidney Municipal Airport
Spadaro Airport
Ticonderoga Municipal Airport
Utica Municipal Airport
ELZ
Akron General Medical Center Heliport
Allen Airport
Allen Airport
Au Heliport
Canal Fulton Airport
Cascade Holiday Inn Heliport
Dices Personal Heliport
Elyria Airport
Elyria Memorial Hospital Heliport
Galion Municipal Airport
Lonz Airport
Marion Municipal Airport
Medina Municipal Airport
Meridia Huron Hospital Heliport
Nesta Airport
Planevue Airport
Providence Hospital Heliport
Sidney Municipal Airport
Sun Valley Airport
Timken Mercy Medical Center Heliport
Toledo Hospital Heliport
Aerequus Airport
Bandel Airport
Boden Airport
Carlisle Squadron 305 Civil Air Patrol Airport
Cedar Run Airport
Central Manor Airport
Emlenton Municipal Airport
ERI
Glade Mill Airport
Gravel Run Airport
Jameson Memorial Hospital Heliport
Jones Heliport
Kampel Airport
Lancaster Airport
Lancaster General Hospital Heliport
Logue Airport
Malco Airport
Malmo Airport
Piper Memorial Airport
Pocono Mountains Municipal Airport
Port Roydel Airport
RCA-Lancaster Heliport
Reno Airport
Sagulla Airport
Scranton Municipal Airport
Seneca Airpark
Seneca Airport
Snider Airport
Squirrel Hill Heliport
ESP
Zelienople Municipal Airport
Bowdle Municipal Airport
Canton Municipal Airport
Faulkton Municipal Airport
Groton Municipal Airport
Hoven Municipal Airport
Lake Andes Municipal Airport
Lake Preston Municipal Airport
Madison Municipal Airport
Miller Municipal Airport
EFK
Velco Heliport
Aero Estates Airport
Barron Hospital Heliport
Barron Municipal Airport
Barten Airport
Boscobel Airport
Boyceville Municipal Airport
Buena Vista Airport
Capitol Airport
EAU
Coloma Municipal Airport
Dalonia Airport
Del Monte Airport
Durand Municipal Airport
EGV
Elert Airport
Elroy Municipal Airport
Aeropuerto Internacional General Mitchell
Glidden Municipal Airport
Iola Emergency Heliport
ENW
Aeroporto Municipal de La Crosse
Lancaster Municipal Airport
Memorial Hospital Heliport
Memorial Hospital Heliport
Mercy Medical Center Heliport
Merrill Municipal Airport
EFT
Monroe Municipal Airport
Palmyra Municipal Airport
Rohdes Airport
Saint Francis Medical Center Heliport
Menomonie Municipal Airport-Score Field
Smies Airport
Verona Airport
Waupaca Municipal Airport
ETB
Ohio Valley Medical Center Heliport
Aeropuerto Internacional Bradley
Escalon Airport
Cameron Airport
Casa Grande Municipal Airport
Cascabel Air Park
Colorado City Municipal Airport
Aeropuerto Municipal de Coolidge
Cordes Airport
Douglas Municipal Airport
Duncan Municipal Airport
El Tiro Gliderport
Eloy Municipal Airport
Estrella Sailport
Gila Bend Municipal Airport
Hangar Haciendas Airport
Ina Road Heliport
KPNX-TV Studios Heliport
La Paloma Heliport
Maricopa Medical Center Heliport
Medical Center Heliport
Mesa Hospital Medical Center Heliport
Ora Acres Airport
Page Municipal Airport
Aeropuerto Internacional Sky Harbor
Aeroporto Internacional de Phoenix Sky Harbor
Pierce Airport
Polacca Airport
Puerto Cielo
Rancho Roca Roja Airport
Ranchos de los Caballeros Airport
Redman Residence Heliport
Saguaro Airport
Salome Airport
San Carlos Airport
San Manuel Airport
Sarita Airport
Aeropuerto Municipal de Scottsdale
Sedona Airport
Sun Valley Airport
Superior Municipal Airport
Tombstone Municipal Airport
Aeropuerto Internacional de Tucson
Tucson Medical Center Heliport
Adelanto Airport
Agua Caliente Airport
Aha-quin Airport
Alta Airport
Alta Sierra Airport
Anacapa View Estates Heliport
Arco Plaza Heliport
Avenal Airport
Barton Memorial Hospital Heliport
Barton Heliport
Bermuda Dunes Airport
Borrego Valley Airport
Aeropuerto Municipal Brown Field
Camarillo Airport
Camp 11 Heliport
Camp 14 Heliport
Camp 15 Heliport
Camp 2 Heliport
Camp 8 Heliport
Camp San Luis Obispo Airfield
Catalina Air-Sea Terminal Heliport
Chapin Medical Pad Heliport
Chase Plaza Heliport
Chico Municipal Airport
Childrens Hospital Los Angeles Heliport
Cloverdale Municipal Airport
Coalinga Municipal Airport
Commodore Center Heliport
Corona Municipal Airport
Delano Municipal Airport
Depue Airport
Dos Palos Airport
El Mirage Field Adelanto Airport
El Monte Airport
EMT
El Peco Ranch Airport
El Rico Airport
Emanuel Medical Center Heliport
Enloe Hospital Heliport
Exxon Santa Ynez Vessel Heliport
Aeropuerto Municipal de Fullerton
Fullerton Municipal Airport
Hesperia Airport
Huntington Memorial-Pasadena Heliport
Aeropuerto del Condado de Imperial
Independence Airport
Aeropuerto de Inyokern
Jones Heliport
LAPD Central Facilities Heliport
Lake Riverside Estates Airport
Las Trancas Airport
Livermore Municipal Airport
Lomo Airport
Lompoc Airport
Aeropuerto Internacional de Los Ángeles
San bay quoc te Los Angeles
Los-Andzheles
Aeroportul International Los Angeles
Aeropuerto Internacional de Los Angeles
Aeroporto Internacional de Los Angeles
Aeroport international de Los Angeles
Aeroport Internacional de Los Angeles
Los Angeles Times Costa Mesa Heliport
Los Angeles Times-Los Angeles Heliport
Los Banos Municipal Airport
Los Robles Regional Medical Center Heliport
Madera Municipal Airport
Marian Medical Center Heliport
Maricopa Airport
San Rafael Airport
Marina Municipal Airport
Mariposa-Yosemite Airport
McClellan-Palomar Airport
Memorial Hospital Heliport
Mesa Del Rey Airport
Mesa Heliport
Aeropuerto Monterey Peninsula
EED
Noltas Airport
Aeropuerto Municipal de Oceanside
Aeropuerto de Oxnard
Paradise Airport
Paradise Valley Hospital Heliport
Paso Robles Municipal Airport
Platform Hidalgo Heliport
Aeropuerto de Ramona
Ramona Airport
Rancho Vallecito Airport
Riverside Municipal Airport
Salinas Municipal Airport
Salton Sea Airport
Aeropuerto Internacional de San Bernardino
San Carlos Airport
Aeropuerto Internacional de San Diego
San Diego Police Headquarters Heliport
Aeropuerto Internacional de San Francisco
San bay quoc te San Francisco
Aeroporto Internacional de Sao Francisco
San Joaquin Airport
San Joaquin General Hospital Heliport
San Pedro Peninsula Hospital Heliport
Santa Barbara Municipal Airport
Santa Maria Airport
Santa Monica Municipal Airport
Santa Paula Airport
Santa Rosa Memorial Hospital Heliport
Santa Ynez Airport
Sonoma Valley Airport
Aeropuerto Metropolitano de Stockton
Tehachapi Municipal Airport
Texaco-San Ardo Heliport
Torrey Pines Gliderport
Tracy Municipal Airport
Transamerica Center Heliport
Trona Airport
UCI Medical Center Heliport
Union Eva Heliport
VA Medical Center Heliport
Vaca Valley Hospital Heliport
Valley Medical Center Heliport
Valley Vista Airport
Visalia Municipal Airport
Wells Fargo-El Monte Heliport
Yucca Valley Airport
Arkansas Valley Regional Medical Center Heliport
Aspen Airport
Aspen Valley Hospital Heliport
Blanca Airport
Blue Mesa Heliport
Central Colorado Regional Airport
Chaparral Airport
Aeropuerto Internacional de Denver
San bay quoc te Denver
Aeroport Internacional de Denver
Aeroporto Internacional de Denver
Doral-Telluride Heliport
Eads Municipal Airport
EGE
Eisco Airport
Huerfano Ag Airport
Hugo Municipal Airport
La Junta Municipal Airport
Lama Airfield
Lama Airport
Lamar Municipal Airport
Limon Municipal Airport
Loral Aerospace Heliport
Mack Mesa Airport
Mercy Medical Center Heliport
Mesa Verde Heliport
Monte Vista Municipal Airport
Montrose Memorial Hospital Heliport
Montrose BLM Heliport
Penrose Hospital Heliport
Placerville Heliport
Ponderosa Heliport
Pueblo Memorial Airport
Rico Heliport
Rio Blanco Heliport
Rose Medical Center Heliport
Saguache Municipal Airport
Salida Airport
Salida Hospital Heliport
Telluride Heliport
Tranquila Airport
Val Air Airport
Cimarron Municipal Airport
EHA
Hugoton Municipal Airport
Lenora Municipal Airfield
Meade Municipal Airport
Plains Municipal Airport
Saint Francis Municipal Airport
Aeropuerto Internacional de Albuquerque
Albuquerque International Airport
Alexander Municipal Airport
Artesia Municipal Airport
Bueyeros CO2 Plant Airport
Carrizozo Municipal Airport
Clayton Municipal Airport
Clovis Municipal Airport
Corona Airport
Cubero Airport
El Paso Natural Gas Co Airport
El Vado State Park Airport
ESO
Estancia Municipal Airport
Hacienda Sur Luna Airport
La Mesa Park Airport
Las Vegas Municipal Airport
Los Alamos Airport
Magdalena Airport
Portales Municipal Airport
Pueblo Pintado Airport
Questa Municipal Airport Nr 2
Roy Municipal Airport
Ruidoso Heliport
Ruidoso Municipal Airport
Santa Fe Municipal Airport
Socorro General Hospital Heliport
Socorro Municipal Airport
Taos Municipal Airport
Truth or Consequences Municipal Airport
Aeroporto de Austin
Eldorado Substation Heliport
ELY
EUE
Fallon Municipal Airport
Hacienda Hotel Heliport
Las Vegas Hilton Heliport
Valley Hospital Medical Center Heliport
Beaver Municipal Airport
Guymon Municipal Airport
Municipal Airport
Alpine-Casparis Municipal Airport
Aeroporto Internacional de Amarillo
Crosbyton Municipal Airport
Eagles Aerodrome
ECU
El Paso International Airport
ELP
Eldorado Airport
Floydada Municipal Airport
Gruver Municipal Airport
Iraan Municipal Airport
La Fonda Ranch Airport
La Leona Airport
Lamesa Municipal Airport
Marfa Municipal Airport
Muleshoe Municipal Airport
Ozona Municipal Airport
Palo Duro Airport
Pecos Municipal Airport
Picosa Ranch Airport
Sierra Blanca Heliport
Silverton Municipal Airport
Slaton Municipal Airport
Sonora Municipal Airport
True Airport
Tularosa Airport
Allen Memorial Hospital Heliport
Beaver Municipal Airport
Central Valley Medical Center Heliport
Delta Municipal Airport
Escalante Municipal Airport
Fillmore Municipal Airport
Hurricane Mesa Airport
Sun Valley Estates Airport
Bagdad Airport
Aeropuerto de Klawock
Alturas Municipal Airport
EKA
Mercy Medical Center Heliport
Aeropuerto Municipal de Redding
Boulder Municipal Airport
Carrera Airpark
Colorado Antique Field Airport
Haxtun Municipal Airport
Longmont Municipal Airport
EEO
Memorial Hospital Heliport
Rancho de Aereo Airport
Wray Municipal Airport
Aberdeen Municipal Airport
Albion Municipal Airport
Arco Airport
Atlanta Airport
Buhl Municipal Airport
Burley Municipal Airport
EUL
Council Municipal Airport
Dubois Municipal Airport
Garden Valley Airport
Glider Airport
Homedale Municipal Airport
Kooskia Municipal Airport
Leadore Airport
Malta Airport
Nampa Municipal Airport
Nampa Valley Heliport
Nez Perce Municipal Airport
Picabo Airport
Aeropuerto Regional de Pocatello
Saint Maries Municipal Airport
Anaconda Airport
Aeropuerto Bert Mooney
Laurel Municipal Airport
Lavina Airport
Montana Deaconess Medical Center Heliport
Valier Airport
Bismarck Municipal Airport
Crosby Municipal Airport
Elgin Municipal Airport
Garrison Municipal Airport
Hebron Municipal Airport
Linton Municipal Airport
Mandan Municipal Airport
Mc Clusky Municipal Airport
Ryder Municipal Airfield
Tioga Municipal Airport
Allen Airport
Alliance Municipal Airport
Bar J Lazy V Airport
Cambridge Memorial Hospital Heliport
Cambridge Municipal Airport
Chadron Municipal Airport
Cozad Municipal Airport
El-Co Airport
Gordon Municipal Airport
Grant Municipal Airport
Sidney Municipal Airport
Trego Airport
Trenton Municipal Airport
Wallace Municipal Airport
Elko Regional Airport
EKO
Aeroacres Airport
Aeropuerto de los Banditos
Albany Municipal Airport
Bend Municipal Airport
Burns Municipal Airport
Madras Municipal Airport
Corvallis Municipal Airport
Enterprise Municipal Airport
Florence Municipal Airport
Juntura Airport
La Grande Municipal Airport
Legacy Emanuel Hospital Heliport
EUG
Ontario Municipal Airport
Pendleton Municipal Airport
Providence Hospital Heliport
Rogue Valley Memorial Hospital Heliport
Seaside Municipal Airport
Bison Municipal Airport
EFC
Edgemont Municipal Airport
Herreid Municipal Airport
Isabel Municipal Airport
Lemmon Municipal Airport
Martin Municipal Airport
Mobridge Municipal Airport
Murdo Municipal Airport
Pierre Municipal Airport
Presho Municipal Airport
Aeropuerto Regional de Rapid City
Lucin Airport
Ogden Municipal Airport
Provo Municipal Airport
Aeropuerto Internacional de Salt Lake City
Aeroporto Internacional de Salt Lake City
Tooele Municipal Airport
Vernal Airport
ENV
Aeropuerto de Anacortes
Anacortes Airport
Aeropuerto Internacional de Bellingham
ELN
Buena Airport
Cascade Heliport
Concrete Municipal Airport
ESW
Eliza Island Airport
Elma Municipal Airport
Ephrata Municipal Airport
EPH
Aeropuerto de Friday Harbor
Mason General Hospital Heliport
Moses Lake Municipal Airport
ESD
EAT
Providence Hospital Heliport
Quincy Municipal Airport
Renton Municipal Airport
Rosalia Municipal Airport
Rosario Seaplane Base
Aeropuerto Internacional de Seattle-Tacoma
Sequim Valley Airport
Sunnyside Municipal Airport
Valley Medical Center Heliport
Van de Plasch Airport
Vista Mobile Estate Airport
Camp Guernsey Airport
Dubois Municipal Airport
EVW
EMM
Laramie Regional Airport
Aeroport regional de Laramie
Lusk Municipal Airport
True Heliport
Upton Municipal Airport
ELV
EXI
Lihue Airport
Lucy Henriques Medical Center Heliport
Moanalua Medical Center Heliport
Hana Airport
Hilo Hospital Heliport
Aeropuerto Internacional de Honolulu
Aeroporto Internacional de Honolulu
San bay quoc te Honolulu
EHM
Central Airport
Chena Marina Airport
Doyle Estates Airport
EAA
EEK
EII
EGX
EIL
ELI
Ellamar Seaplane Base
EDF
Elmendorf Hospital Heliport
ENM
EMK
Aeropuerto Internacional de Fairbanks
Gaede Airport
Galena Airport
ENA
Kodiak Municipal Airport
Medfra Airport
ENN
Nenana Municipal Airport
Nulato Airport
Palmer Municipal Airport
Pedro Bay Airport
Philos Airport
Providence Hospital Heliport
Seldovia Airport
Valdez Airport
Beluga Airport
Cabo Cañaveral
Wadena Municipal Airport
Wichita, Colonel James Jabara Airport
Santa Teresa, Dona Ana County Airport at Santa Teresa
Caro, Tuscola Area Airport
Andalusia, Andalusia-Opp Municipal Airport
Cameron Heliport
Base aérea de Columbus
Calexico, Calexico International Airport
Nenana, Nenana Municipal Airport
Mena, Mena Intermountain Municipal Airport
Tunica, Tunica Municipal Airport
Palmer, Palmer Municipal Airport
Pontiac, Pontiac Municipal Airport
Seldovia, Seldovia Airport
Tanana, Calhoun Memorial Airport
Base de la Fuerza Aérea Moody
Base de la Fuerza Aerea Moody
Aeropuerto Regional Northwest Arkansas
Aeropuerto Internacional de Wilmington
El Centro, Naval Air Facility
El Reno Regional Airport
El Reno
Base de la Fuerza Aérea Fairchild
Base de la Fuerza Aerea Fairchild
Tunica, Tunica Municipal Airport
Pollock Municipal Airport
SCE San Joaquin Heliport
SCE El Toro Heliport
CIG 806 Heliport
FLF Gliderport
CBD Heliport
EAB Plaza Heliport
Los Olas Center Heliport
Florida Hospital Lake Placid Heliport
Air Orlando Heliport
Saint Lucie Medical Center Heliport
Florida Hospital Sebring Heliport
ECP
EGP
Sierra Vista Municipal Libby Army Air Field
Elbel Airport
Buena Vista Farm Airport
Viola Farm Airport
McLendon Airport
Santa's Airport
Rigrtona Airport
Cuatros Vientos Airport
Gunden Airport
Skyqueen Airport
Oakes Municipal Airport
Neosho Memorial Regional Medical Center Heliport
Girard Medical Center Heliport
Providence Medical Center Heliport
Menorah Medical Center Heliport
Mount Carmel Regional Medical Center Heliport
EDA
Erb Acres Airport
Mesa 1 Airport
Doctors Mesa Airport
Sprague Airport
Kelgun Airport
Paradise Valley Airport
Edgemont Municipal Airport
Corsica Municipal Airport
Chloride Airport
Rodeo Airport
Amigos Del Cielo Airport
Tierra de Dios Airport
San Miguel Ranch Airport
Geo Jensen Airport
Independence Airport
Planeacres Airport
Fun-Air Airport
Erin Aero Airport
El Capitan Lodge Seaplane Base
Benson Municipal Airport
Glide Aero Airport
Hacienda de Gay Airstrip Airport
Drayton Municipal Airport
Morten Airport
Tengesdal Airport
Sprague Airport
Moen Airport
Pierces Airport
Malta Airport
Lakeside Airport
El Rancho Airport
Coca-Cola Airport
Paradise Lakes Airport
Peoria Airport
Las Serpientes Airport
Los Alamitos Army Airfield
Cibecue Airport
Argonia Municipal Airport
Buena Terra Airport
Esplund Farm Airport
Meade Municipal Airport
Ferraraccio Field Airport
Cedar Glade Aerodrome
Hogue Airport
Central Pad Heliport
Musiel Airport
El Caballero Airport
True Airport
Rancho Verde Airport
Aero Estates Airport
Anderosa Airpark
Addison Municipal Airport
Elsanor Airport
Hinton Municipal Airport
Entropy Airport
Mesa Vista Ranch Airport
Los Cuernos Ranch Airport
Candelaria Airport
Estates Airpark
Rancho Del Cielo Airport
Escape Ranch Airport
Pentecost Airport
Jacobi Airport
Aero Plaines Airport
Marcidale Airport
Francis Airport
Buell Airport
Ferrell Airport
Pigeon Airport
Farrar Airport
Kucera Residence Airport
Songlo Vista Airport
Penderosa Airport
Duclos RLA Airport
Enochville Airport
Bolivar Municipal Airport
Doniphan Municipal Airport
Lakeside Airport
Aire Parque Airport
Malina Airport
Trio Estates Airport
Aeropuerto Nueva Hesperides
Aeropuerto El Jaguel
Aeropuerto Internacional Cerro Chapeu
Aeropuerto Internacional de Carrasco
Aeropuerto Arco
Aerodromo Angel S. Adami
Aeropuerto Internacional de Alternativa de Santa Bernardina
Melo
El Jaguel Airport
Maldonado / Punta Est
Fray Bentos Airport
Fergana Airport
Arnos Vale Airport
Arnos Vale
Arnos Vale
Canouan Airport
Aeropuerto de Maiquetia
Zim Valencia
Villa de Rosario
Valle de la Pascua
Santa Josefina
San Leonardo
San Juan de los Morros
San Juan de los Cayos
San Francisco
San Carlos
Roblecito
Nuestra Senora del Socorro
Moitaco
Mata en Medio
Mantecal
Los Hermanitos
Los Andes
Los Aguacates
La Victoria
La Trinidad de Orichuna
La Torta
Las Cruces
Las Corobas
Las Bonitas
La Estaca
La Enea
Higuerote
Hato Laguna del Junco
Hato El Salado
Hato El Corozal
Hato El Beceno
Hato El Becerro
Hacienda Santa Elena
Hacienda San Jose
Hacienda Las Lomas
Hacienda El Caimito
Hacienda Carutal
Gunadito
Generalisimo Francisco de Miranda
Fundo San Carlos
Fundo La Marquesena
Espino
El Yagual
El Vigia
El Toco
Aeropuerto de Calabozo
Calabozo Airport
El Puebilto
El Pueblito
El Progreso
El Palmar
Elorza
El Milagro 1
El Milagro Uno
El Milagro Dos
El Milagro 2
El Milagro
El Manteco
El Mango
Base Aérea Libertador
El Libertador AB
El Jobo
El Jabillal
El Fuentero
El Frio
El Chacero
El Cenizo
El Cantaro
El Callao
Dr. Antonio Nicolas Briceno
Doctor Antonio Nicolas Briceno
Coco de Mono
Ciudad Piar
Ciudad Bolivar
Central Venezuela
Carrizals
Campo Nuevo
Buenos Aires
Bachaquero
Anaco
Altagracia de Orituco
Algodonal
Carupano / Gen. Jose
Caracas / La Carlota
San Juan De Los Morros
Margarita / Del Carib
Puerto Ayacucho
Santa Elena De Uairen
El Vigia / Perez Alph
Gran Roque Airport
Caicara del Orinoco Airport
Carora Airport
EOR
El Dorado Airport
Casigua El Cubo Airport
ELX
Isla de Tigre  Heliport
La Guaira Airport
Pedernales Airport
Santa Barbara de Barinas Airport
San Salvador de Paul Airport
Andre Miguel Salazar Marcan
EIS
Aeropuerto de Cyril E. King
Aeropuerto Internacional de Tan Son Nhat
Aeroport Internacional de Tan Son Nhat
Tan Son Nhat internaciona aeroportuo
Aeroporto internaciona de Tan Son Nhat
Aeropuertu de Tan Son Nhat
Aeropuerto de Tan Son Nhat
Hue
EAE
Futuna Airport
Sara Airport
Lamen Bay Airport
Lonorore Airport
Valesdir Airport
Socotra
EAB
Monte Video
Monte Carlo
Luna Farm
London
La Mercy Airport
Ladybrand
Fecro
Elandspad
Durnacola
Durnacol
Cradock
Cambridge
ELS
Benidorm
Aeropuerto Internacional de la Ciudad del Cabo
Caledon
ELL
Secunda Airport
Ngala Airport
Tanda Tula Airport
Ulusaba Airport
Hena-Lo
Ndola Airport
