Visanseny
Vial del Cardaire
Pleta Vella
Vedat del Xeig
Vedat de Coll de les Cases
Veda de Sorteny
Valls de la Coma
Vall d'Incles
Vall de Soldeu
Vaca Morta
Travenc
Pleta de la Trava
Tossal Gran
Tossalet i Vinyals
Tossal
Tosa de les Mussoles
Torretinya
Prat d'en Torres
Torrapuis
Prat del Toni
Tolls de l'Olla
Terres de Serra
Terres de Sant Miguel
Terres del Torrent Prego
Terres del Sola
Terres de Jacques
Terrer Roig
Terregalls
Terra del Pou
Terra Bogada
Tarter Gran
Tartera Gran
Solans
Solanet de Ramio
Solanelles
Solana del Lloser d'Ordino
Solana de les Aubes
Prats de la Solana
Sola de Mereig
Pletes del Siscaro
Pleta de la Serrera
Saquet
Santa Caterina
Rua del Terrer Roi
Roques Negres
Pleta de les Romes
Rocs Tous
Roca Podrida
Prats del Riu
Riberal d'Envalira
Ribassot
Redort
Rebaixant del Maia
Radonella
Raco de l'Estany de Cabana Sorda
Pleta del Raco
Pleta del Raco
Pleta de la Rabassa
Pleta del Querol
Puntal
Pujant de Donges
Pui d'Olivesa
Pui d'Encamp
Posada dels Pastors
Pleta de la Portella
Planes de Fels
Pleta de les Planes
Planells de Rialb
Planells d'Arcalis
Planavilla
Pleta del Pla de l'Estany
Pleta de Pixolell
Pirineu
Pleta dels Pescadors
Pesada de Pal
Pleta de Perafita
Corral de Pedra
Corral de Pedra
Passos dels Estanys
Passos de la Tarterosa
Pas del Monjo
Partida d'Ensucaranes
Prat de Paleta
Prats dels Orris
Pleta dels Orris
Obagueta de Canti
Obaga de Juclar
Obac de les Escaldes i Engordany
Obac de la Cebollera
Prats de l' Obac
Pleta Nova
Pleta de les Mules
Pleta Mosquera
Pleta de Moreto
Pleta de Montmantell
Montllobar
Prats de Montaup
Pleta dels Moltons
Molleres
Pleta de Mes Amunt
Meligar d'Emportona
Devesa del Mas d'Alins
Manyat
Pleta del Manegor
Pleta del Maia
L'Ovella
Los Travessers
L'Orri Amagat
L'Obagueta
Emprius de la Llosada
Pleta del Llomar
Pleta dels Llacs
L'Horto
L'Horto
L'Hortell
Les Tarteres
L'Estanyassa
L'Estall
Les Solanelles
Les Sobiranes
Les Ribaltes
Les Queroles
Les Portes
Les Planes de Sornas
Les Planes
Les Planades
Les Pedrasses
Les Obagues
Les Molleres
Les Majobarnes
Les Llanasques
Les Forques
Les Fonts
Les Feixes
Les Feixes
Les Costeres
Les Comelletes
Les Comarques
Les Codolles
L'Escobar
Les Claperes
Les Carboneres
Les Canals
Les Bartigues
Les Barreres
Les Barreres
Les Bagelles
Les Aubes
Les Aspades
Les Angleves
Les Allaus
Les Abelletes
L'Avetar
Laverdu
La Vaquerissa
L'Ausany
La Trava
La Trava
La Tosa
L'Assalador
La Solaneta
La Solanella
La Serradora
L'Artiga
L'Artic
La Rovira
La Roca
La Riberola
La Quera
La Preso
La Posa
La Portelleta
La Polguera
La Plana
La Pinatella
La Peracaus
La Pera
La Pedregosa
La Palomera
L'Andorrana
La Muga
La Molina
La Mentirosa
L'Alzinar
La Lomera
L'Airola
La Gonarda
La Ginebrosa
La Garganta
La Gargallera
La Fonteta
La Fita
La Creu de les Portes
La Cortada
La Comella
La Comarqueta
La Comarqueta
La Colilla
La Colilla
La Clota
La Caubella
La Carbonera
La Cabeca
La Boixosa
La Becosa
La Basera
La Bartra del Ganxo
La Bartra
La Bartra
L'Abarsetar
L'Abarsetar
La Baladosa
Pleta de Juclar
Jovell
Pleta de Jes Agols
Prats d' Incles
Pleta de Guitard
Pleta dels Graus
Grau d'Incles
Grau del Cabrer
Prat del Gilet
Pleta del Forquillo
Prat del Fornet
Forn de Cals
Forats de l'Ossa
Forat Fosc
Forat dels Malhiverns
Forat dels Clots de Massat
Forat d'Arau
Fener Llong
Fener de Comadejo
Feixar de Setut
Feixar del Baladre
Feixants de Xixerella
Feixa de l'Escobar
Faucellers
Fangots de Moreto
Fangots dels Maians
Fangot Gran
Falconeres
Estanys del Pessons
Estanys de l'Obac
Estanys de la Solana
Estanys de Juclar
Estanyons de Banyell
Saleres de l' Estanyo
Pleta de l' Estall Serrer
Estall Serrer
Pleta de l' Estaleritx
Espeluga
Escobet
Entremesaigues
Encortesa
Encodina
Prat d' Enclar
Encenrera
Pleta d' Emportona
El Trillar
Els Tarters
Els Tarterals
Els Rebolians
Els Pujols
Els Puiols
Els Pletius
Els Plans
Els Pallers
Els Pallerils
Els Padals
Els Orris
Els Oriosos
El Sola
Els Obacs
Els Maians
Els Indrets
Els Hortells
Els Graus
Els Fontanals
Els Feners
Els Fenerols
Els Fenerols
Els Estanyons
Els Espiolets
Els Cuiners
Els Corralets
Els Colls
Els Collets
Els Colells
Els Clots
Els Carabedius
Els Botaders
Els Bedres
Els Becolans
Els Aubells
Els Astrells
Els Assaladors
Els Aspedius
Els Amorriadors
Els Alabars
El Remugar
El Ramer
El Pletiu
El Planellet
El Pla
El Palinquero
El Mollar
El Moixeret
El Llempo
El Fornet
El Fornell
El Fornell
El Fontanal
El Cubil
El Cortalet
El Cortalet
El Corbater
El Colitx
El Clos
El Carregador
El Cardemeller
El Bullidor
El Braibal
El Bosquet
El Boscarro
El Barrerol
Pleta de Duedra
Pleta de Duedra
Devesassa
Pleta de Dalt
Cultiar
Creussans
Creu de Noral
Corts d'Ern
Cort d'Esteve
Cort de Rossell
Cort Cremada
Cortal Vell
Cortals de Sispony
Cortals de Fontaneda
Conangle
Coms de Jan
Comis Vell
Comes de Banyas
Comarqueta d'Incles
Pleta de Coma Pedrosa
Coma Estreta
Pleta de la Coma dels Llops
Coma del Favar
Coma Bella
Prats de Coma
Prats de Collart
Coferony
Pleta de Claror
Civos
Cementiri
Pleta de la Cebollera
Catolla la Guineu
Pleta del Castellar
Carboneres de Ferrer
Pleta Carbona
Cap dels Clots de Massat
Cap dels Clots
Cap de les Agols
Cap del Bosc de Moreto
Cap del Bosc dels Plans
Cap de la Solana del Forn
Cap de la Montada
Canals dels Planells de Baell
Canals del Pla de l'Ingla
Canals del Maia
Canals de la Rabassa
Canals de la Comarqueta
Canals de la Burna
Canals de Falcobi
Canals de Comascura
Camps de Sispony
Camps de Pardella
Camp Ramonet
Camp de Vassallo
Camp del Sastre
Camp del Remugar
Camp del Cortal
Camp de la Trava
Camp de la Llosa
Camp de Claror
Camp Borrut
Caire Forc
Pleta de la Cabaneta
Pleta de Cabana Sorda
Toll Bullidor
Pleta del Bruig
Brancs de la Farga
Boscarro
Pleta dels Borrecs
Borrassica
Bombal
Boigots
Bissets
Bisset
Basses del Siscaro
Basses dels Basers
Basers de l'Estany de Mes Amunt
Basers de Font Blanca
Baser Negre
Barrer d'Areny
Prats de la Baronia
Banyell
Baladosa
Baixant
Pleta de Baix
Pleta de Baix
Pleta de les Bacives
Aubaderes
Assaladors del Planell Gran
Aspres de Banyell
Ascobar de Puntal
Artic de Capell
Arna Tova
Pleta de l' Angonella
Abarsetar de Rialb
Abarsetar de la Coma
Abarsetar de Ferreroles
Abarsetar d'Arcalis
Abarsetar
Park Central
Park de la Mola
Parc Infantil
Tawi al `Awqan
Zuyud
Zi`ab
Mina' Zayid
Zawr
Zawahir
Zarqa'
Zararah
Zahuriyin
Zahum
Za`ab
Wuhaydah
Wuhaydah
`Uwayyah
`Urqub Siba'
Umm Dasis
Haql Umm ash Shayf
Umm ar Raml
Umm al Qurayn
Umm al Qita`
Umm al Ghurul
Umm ad Dalkh
`Ud al Matinah
Tunayq
Tunayq
Trucial Coast
Tawi Bin `Asil
Tarufah
Tall Fahah
Suwayfah
Suwaydan
Suwayda'
Surayt
Suqayyah
Subaykhah
Shunayyin
Shumayliyah
Shidq al Kalb
Shibanat
Shibak
Shaykh ad Dimath
Sharqiyin
Sharaf Sawqar
Sharaf Jabarah
Sharaf Dabbah
Sharaf Bin `Ubayd
Sharaf al `Afar
Shantuba
Shamis
Shaha'irah
Shah
Sath ar Razbut
Saqwan
Sanad
Samnan
Samah
Salwa
Sallah
Saleh
Haql Sahl
Sahab
Saghyah
Saba'is
Ruwayyah
Ruwaysiyah
Ruwaymayah
Ruwaydah
Ruqayyah
Mina' Rashid
Haql Rashid
Ramlat Zararah
Rahabah
Radum
Quwayd
Qusaywirah
Qurmidah
Quraydah
Qubbat Bu Lisail
Qaramidah
Qamra'
Qaiyaisha
Qubaythah
Numayl
Naqbiyin
Naqbiyin
Nakhalai
Najdat
Nadd Umm Hasa
Nadd Bayda'
Mutaylan
Mushayrif
Mushajir
Haql Murban
Munayyif
Mughayrah
Haql Mubarraz 1
Haql Mubarraz
Haql Mubarak
Milt
Midaqarah
Mizaria
Mazari`
Mazan`
Mawrid
Ma`shiq
Masa`id
Masa`id
Masa`id
Masafarah
Marawinah
Mantiza
Manasir
Manasir
Manasir
Manasir
Mana'if
Maharizah
Mahabib
Madu Maj
Madhah
Ma`aliyah
Maad
Liwa Villages
Liwah
Kunud
Khusayy
Khobai al Janhra
Khayriyat
Khawr Abu Khabkhab
Khawatir
Khatm al `Awhah
Khasawinah
Kharimat Khawr Manahil
Mina' Khalid
Khadra'
Khabb ath Thawr
Kalba
Juwayzah
Juwaybir
Juwaybil
Julayjilah
Jarrah
Jahiliyah
Mina' Jabal `Ali
Hurays
Humayyah
Humanah
Hujayrah
Hufaytat
Hudayb Ghanim
Heida
Hazza Darb
Hayr Dalma
Hawafir
Haribah
Hammad
Hamdan
Halagiya
Hadbat Ruwayyah
Ghuff Bin Shurayf
Ghantut
Ghaimba
Ghaf Mushrif
Ghafat Bin Hayyah
Ghafalah
Ghafalah
Ghadir al Ghafalah
Haql Fath al Janubi al Gharbi
Haql Fath al Gharbi
Haql Fath
Falariyah
Dubay`ah
Dimath al Faras
Diba
Dhababihah
Darawizah
Daramikah
Dahaminah
Chitha
Chabtiya
Burayr
Bulaydah
Bu Khushayshah
Bu Karwah
Ba Hasa
Bu `Awanah
Biliqan
Biduwat
Bid` Hamamah
Baytar
Baynunah
Bayadir
Batn Ramaq
Batn Nayif
Barqat Bid` Salf
Bani Zaydah
Bani Yas
Bani `Udayd
Bani `Udayd
Bani Shutayr
Bani Shumayli
Bani Salimi
Bani Sa`d
Bani Sa`ad
Bani Rayyil
Bani Qitab
Bani Jum`ah
Bani Huraymish
Bani Hasan
Bani Hamid
Bani Fasan
Bani Bakhit
Haql Bab
Haql Az Zukum
`Awanat
`Awamir
A`wad Ghabi
At Taff
As Saruq
As Sahmah
As Sadr
Ash Shuwayhat
Haql `Asab
Ar Rabbad
Al Wuqaynah
Al `Uqal
Al Qafa'
Al Munba`ij
Al Mariyah al Gharbiyah
Al Mariyah
Al Manadir
Al Maghrib
Al Khatam
Al Jazirah
Al `Idd
Al Humrah
Al Humayra'
Al Haylah
Al Hawamil
Al Habiyah
Al Fayd
Al Faridah
Al Bu Sha`rah
Al Bu Shamis
Al Bu Shamis
Al Bu Rahmah
Haql al Bunduq
Al Bu Khayl
Al Batin
Al Batanah
Al Babah
Al `Aysh
Al Aysat
Al `Ali
Al Ail
Al `Alam
Ahl Hayl
Ahl Ghayl
Ahbab
Ad Dhaiya
Ad Daghar
Ad Dafrah
Abu Saddayn
Abu Khaysah
Abu al Bukhush
Mithman
Mintaqah al Musaffah as Sina`iyah
Mu`askar Rafadah
As Samra
Sharaf Sallum
Lafat
Bulayji`ah
Lafayid
An Nama
Mina' Saqr
Mulayhah
Mintaqat ar Rumul as Sina`iyah
Garhoud
Al `Uwayr
Rumaythat
Janbah
Al Abtar
Barr
Bid` Za'id
Al Bu Sha``ar
Al Mawntaz
Shadir at Tallah
Al Muwayhat
Mina' al Hamriyah
Al-Yasat Complex
Madinat Jumeirah
Ski Dubai
Messe Dubai
Heritage Village
Hadiqat al Fujayrah al `Ammah
Mina' al Mubarraz
Mina' Ahmad Bin Rashid wa al Mintaqah al Hurrah
Al Hadiqah al `Ammah al Khawr
Al Hadiqah al `Ammah ar Ra's
Muntaza.h al Baladiyah
Muntaza.h ash Shati'
Hadiqat al Al`ab al Ma'iyah Drim Land
Hadiqat al Khubayrah
Hadiqat al Khalidiyah lil Atfal
Al Hadiqah al `Ammah
Hadiqat al Khalidiyah
Al Hadiqah al Markaziyah
Hadiqat al `Asimah
Hadiqat at Turath
Hadiqat al Mina'
Hadiqat al Mushrif lil Atfal
Muntaza.h ash Shati'
Hadiqat al Ghaf
Hadiqat al Matar al Qadim
Muntaza.h ash Shaykh Khalifah
Hadiqat Mushrif al Wataniyah
Hadiqat ar Rashidiyah
Mintaqat al Qarhud as Sina`iyah
Sakan al `Ummal - al Qusays
Hadiqat al Mamzar
Mintaqat al Qusays as Sina`iyah
Hadiqat al Hamriyah
Mintaqat al Khabisi as Sina`iyah
Malja' al Hayah al Barriyah wa Tuyur al Ma'
Hadiqat al Wasl
Hadiqat al Khawr
Hadiqat an Nasr
Mintaqat al Qawz as Sina`iyah
Hadiqat as Safa
Hadiqat al Khazzan
Hadiqat Shati' Jumayra
Qaryat Shikaghu Bitsh
Hadiqat Nayf
Hayat Rijinsi - Hadiqat al Julf
Bozai Gumbaz
Zurmat
Zuhran-e Qarah
Zuhran-e Mirzadah
Ziqowat
Mantaqah-ye Ziyadi
Wadi-ye Zay Sawar
Zari
Zarghun Shahr
Zard Kamari
Zardasht
Zardalu
Zamindawar
Zaghwan
Yar Mohammad
Yaman
Yakhan-e `Ulya
Yakh Ab
Yakah Rayg
Yahya Khel Gardan
Or
Wonik Shadi
Wershek Takht
Wasilan
Wasil
Warsandan
Wardako Jaghatu
Waras
Walikshinah
Walian
Wakkan Corridor
Urok
Ulqan
Udshi
Uch Tepa
Uch Quduq
Uch Abah
Tumbur Pat
Tumanay
Tukhmak
Tobagi
Torey Tangarey
Tokah
Toghak
Taymuran
Teymur
Temur
Mantaqah-ye Tiri
Tay Taymur
Tat Quduq
Tarbulagh
Taray Nare Khwar
Tarakay
Taqchin
Tapah-ye Qalachah
Mantaqah-ye Tanur-e Sangi
Tanur
Tandori
Tanar
Tamaki
Tali Zardad
Takht-e Dukhtar-e Padshah
Takht
Takatu
Tah Khel
Tagaw-e Lor
Syoray
Surrik
Sur Quduq
Surko Dak
Surdik
Sokhtah Chinar
Dasht-e Sokhtah
Sokhta
Mantaqah-ye Sukalok
Subah
Ster Iryaw Kelay
Talah Dag
Spine Pushte Pat
Spinah Khulah
Espi Ghaw
Sper Koh Tsah Sar
Spirah Shah
Surkh Rod
Surkh Ab
Sultan Pir
Sultani Pat
Sulaych
Sistani Dab
Sistan
Seraw-e Kala Murghu
Sinay
Sikh Sar Pat
Sikh Sar Kwatah
Siah Taysh-e Derajab
Siah Sang
Siah Pat
Mantaqah-ye Siah Ghul
Siah Chub
Shorcha
Shurehzar-e Soltan Oveys-e Qarani
Shorakay
Shorabak
Shor Ab
Shokhi
Shutur Khawal
Shotor Gardan
Shumbul
Shne Puze Dab
Farakh Lom
Shayr
Shinday
Shiwnah Qul
Shash Gaw
Shiram
Shiram
Shiniz
Shikastah-ye Sar-e Talah
Shehzi
Shaistah Gul Kelay
Shatu
Shand
Shami Tsah Pay
Shamalan
Shakhdar
Shakhdar
Shay-ye Sub
Shah Tepah
Shahr-e Khowat
Shahr-e Bazarak
Shah Muhammad Pat
Shah Mazayd
Shahi Pay
Shakhi-Kot
Shahidan
Shahi
Shah Gul Pat
Shah Isma`il
Shadian
Urochishche Shadian
Shadat
Khwari Sha
Sayyid Nur Pat
Sayyid Nur Pat
Siwich
Sinjid-Darah
Seh Polak
Sihlar
Seh Jahi
Seh Darreh
Urochishche Safedkokhi-Ishingak
Safayd Chah
Safaydan
Safayd Ab
Say Sar Butan
Sayghan
Satmish
Sarwand
Sar-e Qol
Sarpanak
Sar Mushkan
Sar-e Namak
Sar-e Kang
Sard Koh
Sardari Pat
Tal-e Sardari
Sar Chashmah
Sarbuz
Saray
Sar Ab
Mantaqah-ye Saqab
Sangi Sar
Sang Ghaltan
Darah-ye Sangchilak
Sangcharak
Sangar
Sangan
Salian
Sal Bartu
Band-e Sakhi
Dasht-e Sahra
Sahah-ye Rayg-e Hayat Tsah
Saghar
Safar Kelay
Sad Khanah
Sablaghay
Ru-ye Sang
Rodbar-e Sufla
Rodbarah-ye `Ulya
Rodakha-ye Tapah-ye Hamwar
Rodakha-ye Khwajah Siahposh
Rukhah
Raygestan
Sahah-ye Raygi Muhammad Ghundey
Mantaqah-ye Raygi-ye Chadal wa Kajir
Ridingshah
Sahah-ye Raygi Charasku
Raygah
Robaturk
Randah
rna khyl
Ramak
Rahmatullah Pat
Rah Kol
Razay
Quluj
Qowm-e Mirzad
Qowm-e Barfi
Darah-ye Qolya Qol
Qol-e Zarghah
Qol-e Adam
Qoryah
Qorban Bulaq
Qunghir
Qol-e Bandi
Qukhur
Qizil Sai
Qezel Qaq
Qirghaytu
Qarmore Jadid
Qarghanatu
Qarah Tepah
Qareh Qaq
Karabag
Qarahwul Tepah
Qareh Cheqel
Qamishli
Qamishli
Mantaqah-ye Qal`ah-ye Zardak
Qal`ah-ye Gowhar
Qal`ah-ye Gaz
Kalabust
Qal`ah-ye Shahr
Urochishche Kalandartoy
Qala Bai
Puzak
Potai
Pushkuran
Pul Qol Bay Rais
Pul Lin
Potay
Pushtah-ye Lor
Poshtehha-ye Kuh-e Tur
Pushtahha wa Shelahha-ye Shikastah-ye Siah Reg
Portah Mil
Mantaqah-ye Pul-e Tang
Paytow Qol
Pesteh Mazar
Pir Haji
Mantaqah-ye Pechaki
Pay Mushkan
Pay-e Tir
Pa'in-e Mushunuk
Wadi-ye Patak Zar
Pashtunistan
Pasaw
Mantaqah-ye Panj Buz
Pal Toy
Palach Kazhakay
Pahlu Sang
Owbey Paraw
`Usman Khel
`Orusmah
`Omar Shah Pat
Ulia
Nurestan
Nowrak
Nayzar
Neluki
Negal
Nazo Kazhakay
Nayk
Nawer Pat
Naw-e Mash `Alzar
Nawah-ye Wara'in
Nawah-ye Gurz
Nawah-ye Rod
Nawah-ye Khwajah Wajhuddin
Nawah
Naraw
Nahr-e Shahi
Nahr-e Saraj
Nadir Shah Kot
Nad-e `Ali
Mianah Band-e Khushkichah wa Sabzaw
Musa Khel
Mulla Tati Kotah
Murghab
Kal-e Mulla Hoseyn
Mulla Akhtar
Mukhtar Khunah
Muhammad Kushtah
Mirhatam
Marabad
Mian Tal
Mian Pushtah
Maidanak
Maidanak
Mirzakah
Mianah Band-e Jang Jay wa Chahar Dakas
Maym Khan
Mashi
Mashan
Kuz Musa'i
Marjah
Mar Gazid
Martsak
Marah
Maqsud
Mandozi
Mamozi
Mamu Butan
Malmal Sar
Rigestan-e Malek Do Kand
Mal-e Ghulam `Ali
Mahmoud Raqi
Madit Sanglakh
Lwargay
Lwargai
Lwargai
Loy Zulfay
Loy Ja`far
Lordu
Lokano Dab
Leweh Nawer
Mantaqah-ye Layiqah
Lashkar Chashmah
Larzaw
Largar
Lalah Maidan
Laki
Lakhshak
Lakan
Laghay-e Surdak
Kut
Kurki
Kundilak Tamardah
Kundalan
Koh-e Tor
Koh-e Safi
Mantaqah-ye Koh-e Zor
Koh Chahar Pat
Kod
Kotal-e Daywalak
Kotah
Kosh Quduq
Kor Quduq
Korgah
Kumowi
Mantaqah-ye Kultishor
Kolk
Kodami
Kiti
Khwajah Zayd
Khvajeh Qareh
Khwaja Moqri
Khwajah Mard Churan
Khwajah-Josh
Khwajah-Chasht
Khwabgah
Khusrabad
Khugiyani
Khro Dab
Khost
Khost
Khodi Tahanah
Khudaynazar Pat
Khudaynazar Khan
Urochishche Khayraspan
Khayr Tut
Khavat
Nawah-ye Kharwar
Kharinah
Kharabah
Khanah Gowr
Khamzarki
Khak-e Ishtiral
Khakdow
Kisht Aw
Kisow
Mantaqah-ye Kirmak
Daghal-e Kinjakin
Kilgu`i Bayan
Kazheh Khawal
Kaian
Kowtarkun
Kowshak Rodak
Kawsh
`Aziz Khan Kats
Katorai
Katah Sum
Kishk-e Nakhud
Kashan
Karwan Gah
Karez
Kansi
Kamkai Zulfay
Kamalay Ghar
Kalutah
Urochishche Kalu
Kaldar
Kalantar Tape
Kalak
Kajab
Kahurak
Kaftar Khaneh
Kaftar Khanah
Kadah
Kadanak
Juti
Jola Rod
Urochishche Okan
Jilgah
Jughund
Jilowgir
Jelgah Nawah
Jelargi
Jowqol
Jar Quduq Gas Field
Jar-e Simichak
Jar-e Barghas
jany khyl
Jani Khan Pat
Jang Jay
Dzangali
Jangal
Jan Bulaq
Baghi Jan
Dzale
Jaji Maidan
Jaghatuy Ghazni
Dzadran
Jabar Pat
Mantaqah-ye Howz-e Kabud
Hazar Juft
Hazarah Jat
Hazaras
Hawlak-e Der
Hasan Khel
Hasan-e Gerdi Lat
Mantaqah-ye Hamdam Ab
Haji Raz Muhammad Kor
Hazhdah Gardanah
Gurziwan
Gor Zarak
Gulwarz
Guki Lat
Gudarpam
Gowr-i-Mar
Gowragi
Gowalagi
Gorg
Gonbad
Gul Koh
Gudah
Gobakli
Gizab
Gim-e Ja` far
Ghurghuri
Ghundiha wa Pushtahha-ye Barah Reg
Ghundey Sang
Ghulghulah
Ghujurtu-ye Kalan
Gharu
Ghapaq
Ghanumai
Mantaqah-ye Ghalbala
Pushtah-ye Ghalak
Ghafur Pat
Girday Gozal
Gazestan
Gawash
Gow Murdah
Gawkush
Tagaw-e Birinji
Garmabak
Garmaw
Gargi Rabat
Gargah
Garistan
Gardu
Gardan
Gandri
Gandumak
Gal Qol
Galah Chashmah
Firinjal
Fareng
Israk
Ispich
Ismaydan
Ishpushtah
Erkap-e Saygelok
Erkap
Erandaz
Ilghan
Ibrahimi
Doroshteh
Duzdulagh
Dur Tselai
Dowlat Kol
Dorup
Dorangi
Dokop
Khak-e Dukhtar-e Padshah
Duab
Dimasey
Dibah
De Ziarat Ghate
De Wuley Tsakah
De Umkay Dagar
De Tukhi `Alaqah
De Rayg Jel Kadal
Dir
De Munaray Gwashtah
De Khaling Nawah
De Karawule Dagar
Derajab
De Tsahano Kadal
Daymirdad
Dasht-e Chalah
Dasht-e Muhammad Shor
Dasht-e Qabr-e Afghan
Darwazago
Darwazago
Daru Khan Mayna
Darah-ye Warsandan-e Kalan
Darah-ye Takht
Darah-ye Sad Murdah
Darah-ye Nur
Darah-ye Lik
Darreh-ye Kakarak
Darah-ye Ghalmin
Dargiri
Darazow
Mantaqah-ye Dangligil
Dandak
Damaneh
Damanah-ye Gazmah
Daman
Daman
Daman
Daman
Dam
Dal
Daku
Dak
Damardah
Dahanah-ye Tal-e Daraz
Mantaqah-ye Dahanah-ye Siah Koh
Mantaqah-ye Dahanah-ye Shar
Wadi-ye Dahan-e Gandah Ab
Dagar Dugur
Dag
Chukshar
Chora
Chowki
Chiwak
Mantaqah-ye Chashmah-ye Sinjid
Maidan-e Chihil Qulach
Mantaqeh-ye Char Tagab
Chahar Say
Chahar Rah
Chahar Kind
Charah
Chapli Sai
Chakah
Chah-e Bali
Chashmah-ye Surkhak
Chaharshanbeh
Mantaqah-ye Chaharsay
Chahar Sadah
Urochishche Chakharmagzzar
Chahar Dehi
Chahar Darah
Chahar Chinah
Chakharband
Chahar Chinah
Tsaharak
Tsahan
Busraq
Bukhar
Bughristan
Borah Kanah
Boraw-e Majg
Blakha-ye Marjah
Dasht-e Bayshgazah
Burmal
Bekhan
Bihsud
Khake Begham
Bich Darah
Baynaz
Baylogh
Bayani
Batur
Kol-e Barzangi
Barlah
Barkar
Barfak
Bar Azow
Bara Tagaz
Bar Ariyob
Bar Arghanday
Mantaqah-ye Barah Ghan
Bandol
Band-e Temur
Urochishche Bandi-Amir
Bamyan
Balkhab
Balapotai Ghund
Wadi-ye Biland Ghari
Baki
Bakhtu
Bakhaldek
Bakal-e Bareng
Bahi
Bahram-e Gur
Baghran
Babaji
`Aziz Kotah
`Aynak
Ay Gul
Asolmah
Ashuzi
Asgharat
Artumi
Armah
Arlat
Arghasu
Archah Bar-e Khord
`Arab Pat
Aqtashha
Aq-Kochah
Aqchah
Aqa Gumbad
Aqagi Pat
Anah
Altamur
Almaytu
Alifbot
A'la Jirgah
Alagadari
Akhteh Khaneh
Ahmadzai
Ghojan
Adali
Ablatu
Abi Dara
Abistan
Ab-e Kalan
Wersek
Srah Dargah
Torah Shah
Ghbargay
Bizhdanah
Pinakey
Gardi Pinakey
`Umaray
Kharah Naharah
Terkhah
Wigdanay
Junubi Lemtsai
Shamali Lemtsai
Rabat
Khalazai
Pul-e Charkhi
Sarkai
Palalak
Yakrowyah
Urochishche Shori-Namazro
Sarwan Tepah
Adam Khan
Chashmah-ye Kwat
Kamar Tumbidah
Sowrkhtah
Namazgah
Sangtudah
Qaburghah
Baraqi
Wulangah
Jingishkah
Kaltar
Babah Jolak
Lala Bay
Mantaqah-ye Sar Darakht
Mantaqah-ye Khwajah Surkhan
Mantaqah-ye Tapah-ye Archah
Qizil Sang Ab
Shah Pisan
Jalayer
Warqeh-ye Golshah
Khasar
Tagab-e Jaghatay
Band-e `Abdigan
Pushtah-ye Qarah Ba'i
Baloch
Shor Ab
Tay-Dasht
Dasht-e Ragh
Bayah
Amrakh
Katah Dasht
Tawah-ye Bagh
Kahmard
Dahanah-ye Ghori
Archeh Sheykhak
Shotur Jangal
Altarghanah
Katowlang
Hukumati Dahanah-ye Ghori
Parandih
Ab Darah
Ashawah
Darah-ye Istamah
Shorakzar-e Bala
Dasht-e Ofyan
Shash Sadkoti
Kham Zargar
Nowabad
Bolaghayn
Mantaqah-ye Kirmak
Mantaqah-ye Panjab
Mantaqah-ye Alghagim
Qirghaytu
Mantaqeh-ye Kurda Qal`eh
Mantaqah-ye Sar Chashmah-ye Langar
Bamtsayr
Darin Khwar
Shal Khwar
Bar Kunar
Oghuz Bagh Khwar
Mantaqah-ye Karnachi
Mantaqah-ye Sayyid Muhammad
Laghi Nawer
Bilow-e Kadu
Wadi-ye Landay Shor
Qishlaq-e Kuhnah
Dasht-e Ragh Chiyah
Dasht-e Chahar Pila'i
Dasht-e Zantalaqay
Dasht-e Lakh Birian
Dasht-e Laghpayshlan
Dasht-e Shahra
Qarmore Jadid
Pozah-ye Darak
Tahkhil
Mantaqeh-ye Bandar
Mantaqah-ye Lowlash
Parian
Kundilan
Torah Kotah
Kirijinah
Sabari
Karezunah
Bekaray
Ahmad Khel
Matungay Awragay
Kuz Ariyob
Mane Jabah
Mandar
Shahidan
Saparah
Dabozay
Wech Lakan
Shikistah
Malgir
Nad-e `Ali
Tselai Pat
Dahanah-ye Du
Nazar Aghiz
Igri Aji
Yidi Kul Shamalan
Maidanak
Dali
Qazan
Mantaqah-ye Maidan
Hesah-ye Awal-e Juybar
Chaharkint
Baydak
Pushtah-ye Kalan
Nayzar
Khastan
Bigal
Payghambar Bulaq
Qarah Nawer
Aw Darah
Chahar Deh
Gumaw
Baghtu
Barakhanzai
Langar Nawah
Khusf
Tapah-ye `Arusi
brng twt
Safaydak
Rud-e Ghawch
Khairabad Rod
Kasurak
Cholawah
Chihil Gazian
Tal-e Awan
Now Deh
Makach
Mullaiyan
Lar-e Maymun
Dahan-e Jalmish
Bilandi Ashraf
Pushtah-ye Marq
Shahidan
Kirili
Chartarash
Astanah
Dasht-e Riwat
Khauz
Kazhah
Shoraki
Wastah
Ranay
Bar Yamay
Payendah Khel
Sur Kamar
Mota Khel
Hindu Gatah
Kamkai Patan
Sarwan
Sisan Ghbargey
Kakay Wenah
Vur
Gomal
Shah Beg
Dargachah
Mawasi
Rabat
Koh-e Tanay
Nalay
Pastawray
Tangay
Urgun
Titah
Pir Koti
Giyan Khel
Mazdak
Narizah
Salih Khel
Kozhtsay
Sorkay Zangay
Srah Maidan
Khawro Rishi
Ster Zangay
Dzadran
Sun
Potay
Serkay
Rashak
Robat-e Torkan
Shurabak
Daman
Ghadir Dab
Garash
Garash Rod
Gandaw Rod
Chah-e Gaz Sapow
Dashtak
Dawud
Udqol
Gelan
Taraki
Towdah
Qarah
Showbar
Anguri
Muqur
Nahr-e Shahi
Kaler Sokhtah
Ibrahimabad
Gim-e Safayd
Shor
Gaz
Buri
Kwat
De Klake Shaylah
Sperah Kats
Klakah
Sahah-ye Shikastah-ye Garog-e Gorani
Sahah-ye Shikastah-ye Garug-e Gorani
Kalutah
Kalowtah
Shorazar-e Sultan Oways-e Qarani
Tujg
Galah Joy
Muhammadabad
Gwashtah Wastah
De `Omar Khelo Gwashtah
Srah Shah
Rod Gharah
Srah Shah
Tor Kani Aw De Ushlan Band
Jani Khel
Shirzadah Ghundey
Loy Ghundey
Ghuzay
Lwargay
Khar Bayd
Mur
Katah Sang
Qunghur
Tay Rabat
Bum Shayr
Laygan
mla lmr
Gerday
Raga
srny
Yakakhak
Dokan-e `Ajab Khan
Terah
Michalghu
Sayyid Karam
Kosin
Surkh Darah
Yak Payah
Dam
Garm Ab
Dasht-e Qafak
Burinah Dasht
Koralah
Chaman-e Raqol-e Koralah
Waroalakh
Sar-e Ab
Ruychillah
Zanakhan
Ghat
Charkh
Tal-e Nayko
Lash-e Jowayn
Shaylah-ye Zahak
Du Qal`ah
Khash
Mashgahi
Lutak
Sar-e Gaz
`Aliabad
Baluchi
Gawbastak
Pudah Tal
Qarah Bagh
Vagaz
Shelgar
Tukhi
Dewalak
Karatu
Baghe Jan
Shorabak
Kataluk
Galah Tsah Mandeh
Sar-e Chah
Nawah-ye Sultan Muhammad
Hoseyni
Shirdagh
Pajandur
Kunduk
Garm Ab
Palas
Watanah
Nihal
Towaylah
Ajristan
Babari
Dagar
Skandar Khel
Botah Khel
De Lewano Ghate
Chaman
Sarkari Chaman
Siyah Sang
Tagaw
Shakh Kaman
Rod-e Malmal Sar
Awdak
ghzny
Gulbowri
Gandah Qol Kelay
Nawah-ye Masjid
Nawah-ye Maysh
Tagabdar
Sarsinah
Kazh
Lowrani
Hazar Khel
Chalakor
Umkay
Dangar Khel
Siah Khak
De Gujir Nawer
Husayabad
Nigaray
Luchmi
Jarzai
Taband
Khalaj
Shamalan
Zakariya
Loy Darweshan
Nawah-ye Biri
Kamisan Rod
Ubetu
Nawah-ye Irkh
Nawah-ye Barik
Biland Qash
Owshu
Balnaqul
Barmanay
Khadir
Surkh Murghab
Piro Khel
Sayyid Ahmad
Bughra
La`lchak
Qowl-e Adam
Gudal
Sabz Darah
`Ulyad
Chihil Baghtu-ye Uqi
Chihil Baghtu-ye Pasha'i
Baba
Seh Pay
Almaytu
Mantaqah-ye Khozh Obe
Qal`ah-ye Mirza Azim
Chaman-e Katah
Park-e Chehel Sotun
Babus
Khoshi
Sar Kot
Sarsao
Dobanday
Sayyidirgad
Mohmand
Tsapero Bande
Khwaezai
Khwaezai
Shinwari
Ningrahar
Ghani Khel
Tarkanri
Salarzai
Wur
Khugiani
Shinwari
Ningrahar
Gal
Manso Mela
Narsat
`Ali Khel
Dakah
Khawraizai
Khaibar
Riyasat
Aryob
Dzadran
Tani
Nuristan
Matun
Khost
`Ali Sher
Tore Oba
Tarizai
Arun Khel
Wuch Lakanr
Gurbaz
Kharsin
Qadam
Rakhe Raghzai
Dzadran
Mane Chinar
Masti
Bermal
Gomal Aw Kundar Domandi
Lazhah
Barakzai
Gurbaz
Shpale Lawana
Ghilzai
Nasir
Sulaiman Khel
Shkin
Pyawar Khulah
Sulaiman Khel
Sulaiman Khel
Ashkarai
Ghilzai
Wuria Khel
shml lgd
Abdul Wahab
Gardan
Sayyid Chinah
Jaldak
Nishpagay
Sulaiman Khel
Bararah Kats
Ghilzai
Mumai
Khudaydad Khel
Sulaiman Khel
Jalalzai
Tarak
Rigey
Tukah
Urochishche Charkhandaz
Wor
Spisar
Shuyin
Urochishche Zafaranzi
Nol
Kajur
Mazullah
De Sayyidan Tape
De Baba Sahib Tape
Mantaqeh-ye Khowzhowbay
Baghni
Rigan
Istargh-e Chashmah
Bagh-e `Arif Khan
Urochishche Kelay
Urochishche Kelagay
Gandah Tsah Rod
Nowrozi
rwdk
Sayfan Haftad wa Sah
Bakhtabad
Paj
Dasht
Ushturgiram
Qol-e Hir
Shaykh 'Ali
Chelan
Koh-e Gerdak
Dowlat Khani
Imkah
Haft Asya
Shikistahha-ye Murtaza
Kanat-e Khalo Khel
Chuchah Shaybar
Top
Bum
Turkman
Pusht-e Daywal
Dasht-e Nayak
Dayk Paridah
Qol-e Jal Maysh
Bayr Gelayj
Shaybar
Howz-e Ghat-e Maldaygmay
Do Ab-e Chomar
Doab
Darah-ye Kirman
Baghal-e Kandu
Urochishche Khisar
Fihristan
`Abdi
Sang-e Takht
Haft Kotal
Sar Jangal
La`l
Charikar
Kuz Maidan
Darah-ye Nerkh
Ibrahim Khel
Murgh Giran
Takanah-ye Bala
Takanah-ye Pa'in
Petaw
Daywlan
Jalrayz
Mamaki
Darah-e Nerkh
Darah-ye Dadal
Bursunah
Bam Saray
Foladi
Urochishche Tagabi-Yari
Koh-e Sinah-ye Baz
Dargan-Tagablaman
Pushtahha-ye Sabzaw
Rah-e Shakh-e Takah
Kotal-e Gunbad
Surkhaklor
Dahan-e Gunbad
Dasht-e Tanor
Nayak
Chashmah-ye Shirin
Dasht-e Parwandak
Zard Koh
Kotal-e Surb
Miabuli
Nargis
Espi Ghaw
Khoshnow
Sar Dasht
`Alaqah-ye Shahr
Sabz Ab
Tayzak
Qash-e Fayzi
Dasht-e Koshah
Pa'i Hisar
Band
Nili
Hisar-e Sum
Samahah-ye Dasht
Arg-e Dukhtar-e Badshah
Paytawrah
Kharah
Larak
Bihsud
Mangasak
Sarab-e Raqol
Surkh Sang
Urochishche Bumi-Rabat
Sar-e Zerat
Surkh Dehak
Kushk
Kamarak
Gulbinah
Surkhabad
Ziarat-e Khwajah Ghaybi
Mantaqah-ye Kajah
De Kaminjan
Band-e Kharbayd
Kajnow
Safaydarak
Pay Kotal
Awjal-e Garmab
Rakhi-Tunda
Sar-e Howz
Taylak
Sar-e Lashbah
Nasfanj
Landay Karez Ghundey
Qismabad Ghundey
Paynav
Kauridzh
Poshteh-ye Kawrij
Kowrij
Seh Goshak
Qadis-Khurdak
Oshtur Murdah
Abdal
Jiskah
Espi Ghow
Roba Khanah
Qorol-e Top
Siah Darah
Qarahqad
Nichkah
Dowlatabad
Zadian
Shor Ariq
Buz Arigh
Ariq Batur
Zur Gar
Bazarak
Seh Tepah
Galah Dubur
Yarm
Mantaqah-ye `Alaf
Darya-ye Pa'in Deh
Qimchaq
Zghumay
Sarkoman
Sre Chahan
Burj Dandah
Khazah
Shadi Indzer
Loy Wut
Gad Tsa
Khvajeh Badam
Qezel Towgarak
Qaburghah
Ozom Chah
Lati Shor
Mahal-e Kabali
Mahal-e Siah Patah
Mantaqah-ye Surbaytal
Mantaqah-ye Qazaq Guzar
Mahal-e Barzangi
Jazireh-ye Urta Tughay
Mahal-e Zambig
Mahal-e Qirk Akhur
Mahal-e Jan Yigit
Mantaqah-ye Archi Guzar
Band-e Sheram
Chahar Su
Qareh Jangal
Yakawolang
Wadi-ye Jan Bulaq
Mantaqah-ye Takht-e Qubad
Wadi-ye Mayl-e Mar Paych
Zamin-e Zowasf
Zamin-e Qol Kar
Wadi-ye Masirt
Zamin-e Junasadi
Zamin-e Rayg-e Rawan
Zamin-e Ishpaj
Mahal-e Bagh-e Langar
Mahal-e Dasht-e Asptazi-ye Arzishk
Zamin-e Kundarin
Rafak-e Jarf
Zamin-e Shabdak
Zamin-e Ghorat
Mirza Ahad Bili
Qizil Gardan
Rafak-e Surkh Nol
Mahal-e Darah Watkhich
Bagh-e Mazar-e Qaryah-ye Sabz
Mahal-e Robatak
Mahal-e Dargholak
Mahal-e Sar-e Guzar-e Marawiz
Jabah-ye `Abdur Rahman
Bishqab
Kocha Aregh
Qalin Qaq
Orlamish
Qomzoreh
Qorcheh
Ulagh
Nar Karez
Nalgham
Nuymangi
Dahanah-ye Bagh
Mantaqah-ye Daywri
Wadi-ye Tarazu
Zamin-e Dashta
Zamin-e Khirnow
Siah Choy
Rafak-e Past
Zamin-e Shundak
Sperwan
Panjwa'i
`Ashiqah
Siah Dasht
Zamin-e Kham-e Kharzar
Arogh
Mantaqah-ye Baharak
Pamow
Mantaqah-ye Barlas
Mantaqah-ye Argu
Mantaqah-ye Dawang
Mantaqah-ye Dasht-e Sang-e Sabz
Mantaqah-ye Turghan
Mantaqah-ye Khuni-ye Takhtah
Mantaqah-ye Siah Chagat
Mantaqah-ye Pul-e Zarewan
Mantaqah-ye Shighni Do Ab
Mantaqah-ye Do Ab
Mantaqah-ye Qaq Dasht
Mantaqah-ye Qasab Darah
Mantaqah-ye Takhtak
Mantaqah-ye Langar
Mantaqah-ye Bam Darah
Wech Khwa
Bagrami
Kaftar Khanah
Kamah
Muhammad Aghah
Sa`d-e Wiqas
Ab Bazak
Maidan-e Buzkashi
Korayo Sar
Sur Gog
Mami Khel
Cheknowar
Mohmand Darah
Kot
Pesha
Garm Chashmah
Spinah Kaday
Gazistan
Darah-ye Jawand
Yalanta
Taygh-e Chihilgazi
Pushtah-ye Kowrij
Aryu
Khawush
Qatar-Sangow
Awgah-ye Howar
Kamar-e Lambidah
Kamar-e Dil-e Shar
Marghuzar
Barzaw
Ghuzday
Pas-e Kholah
Ghazah-ye Ghuldu
Gazestan
Mullayan
Kushkamin
Day
Khurasani
Qatar Jar
Khwajah Murad
Sarmas Kanay
Jigdalai
Qabr-e Afghan
Mushkunah
Pitlah
Surkh Pul
Ashpan Dag
Nawer
Chahar Chinar
Takht-e Safar
Barbayk
Taghan Koh
`Arf Haft Galah
Asar-e Kolaw
Gazan
Pushtah-ye Moghul Baba
Sikayn
Khushk Awah
Rigah
Zamindavar
Naray Obeh
Kan
Azan Nawah
Wuzbin
Pishawray
Darband
Yakhchal
`Idiya Khel
Naghlu
Tsaperai
Dagu
Chaparhar
Bar Biyar
Khandaq
Badpash
Sarwan Kala
Kohak
Rayg-e Shahmard Khan
Malmand
Barinah
Kakrak
Haidarabad
Surkhrod
Mir Mandaw
Kuz Biyar
Marki Khel
Tor Ragheh
Zawah Khugyani
Sarwan Qal`ah
Pakhe Menah Khwar
Shay Naziyan
`Abdul Khel
Kuz Kunar
Islam Pur
Shewah
Bar Kot
Badiyalay
Naray Obo
Torah Tizhah
Darah-ye Nur
Aret Khwar
Bandu
Lotan
Pech Darah
Taliban
Kalah Gosh Dag
Darah-ye Gonahpal
Khas Kunar
Alingar Darah
Darah-ye `Alishing
Gandaw
Pushtah-ye Paji
Baluchan
Qowmanati
Qudugh
Laghman
Badrowak
Tagab-e Yari
Spisar
Ngharay
Sarah As
Piadah Rah
Manjarah
Tsagay
Tagaw-Chahar Rah
Hezqa
Tagab-e Ishlan
Gawkush
Toti Meydan
Shor Quduq
Ispand Darah
Haji `Abdullah
Say Khwajah Mir Baba
Kruz
Adinajar
Alef
Mahal-e Qarah Chik
Mantaqah-ye Pas-e Surkh
Mantaqah-ye Pas-e Nang
Mahal-e Kah Danak
Mahal-e Kamar
Mahal-e Shahonak
Rash
Palangan
Dahmardeh
Jazireh-ye Owrta Tughay
Siab-e Darqad
Barnow
Nayshurab
Tangi Kandow
Kankas Nare
Bargholay
Nazar Khel
Kin Nazian
Bala Koran
Terkhah
Rozah Khwarak
Gari Wa Karezwal
Takhai
Shayruh
Sar Serkay
Garay
Kajiran
Sur Gul Mantaqah
Siladwarah
Chaharsad Khanah
Wadi-ye `Aliabad
Wadi-ye Chahar Darah
Hazaratiksar
Patakal Sar
Rasanah
Gilaq
Asia-ye Jangal
Shor
Mahal-e Shah Mahmud
Vuchmaray
Isanah
Ludin
Loy Tesay
De Shpaneh Ghundey
Wazah Khwa
Kamkai Wazah Khwa
Naray Tirkhah
Gwashtah
Sarwanday
De Dre Sari Dashtah
Gwashtah
Kamkai Wazakhwah
Tazi
Gulkhar
Awkal
Asghir
Ba'i Murdah
Urochishche Arabkha

Tappeh Kuhha va Poshtehha-ye Rigi-ye Geldankoh
Atsakzai
Haji Aqajan
paygah afghanstan
payanjwy
Shah Malek
Karki
Bagh-e Sabz
Shand-e Ma`sum Khan
Kalay Daki
Rudkahay-ye Tappeh Hamvar
Rudkahay-ye Khvajeh Siah Push
`Ido Khan
Boridah
Khvabgah
Nad`ali
Dom Kharabeh
Mazar-l-Sharif
Dilisang Uween-e Ben
Achek Tash
Akhsay
Qizil Otak
Bayr Gayta
Jar Qaychal
Chalp ya Deldel
Tigar Mano
Haq Qarghan
Chaghaki
Pal-e Asparan
Asparan
Shorabak
Shorabak
Shayrani
Shorabak
Pajrab
Rast Darah
Panjshanbeh
Waran Gurah
Nalej
Chokah-ye Nurullah
Shegano Shah
Atay
Mulla Plank Ghar
Bagh-e Khan Jan
Sayyid Ghazi
Markaz-e Wuleswali-ye Bagrami
Tapah-ye Gerd Qol
Darah-ye Wed Khin
Zin Darah
Hakim Khel
Siah Chob
Breshna Kot
Bagh-e Nizam Bay
Riasat-e Takhniki-ye Fawayid-e `Amah
Qol-e Ashpaz Khanah
Gozar-e Darya-ye Chehel Sotun
Yakah Tut
Ziarat-e Shaykh Qalandar Wali
Trah Khelo Menah
Dand-e Khwajah
Rish Khor-e Pa'in
Ziarat-e Khwajah Sadiq
Richinah Talah
Lewanai Char Maghz
Rafak-e Safayd
Rafak-e Fijal
Dyari Du
Chaman-e Bini Hisar
Park-e Shahr-e Now
Bagh-e Babur
Bagh-e Zananah
Wadi-ye Barabar Gia
Wadi-ye Waru
Wadi-e Gharan-e Bala
Mahal-e Bastins
Mahal-e Jangal-e Bastins
Armah
Torah Borah
Dadrim
Pur Adab
Walar Sarshele
Khalminjak
Kharaku
Jarukerey Nawer
Darwazah
Shadi Khan Gowd
Alar
Tutu
Baghalghu
Maghal Ghow
Jay
Tokhi
Wadi-ye Asya Dib
Showz
Kelay Karez
Bazergan Karez
Arg
Mahalah-ye Bala
Jangal Saliq Bay
Qal`ahchah
Deh-e Ghanj
Jayla'i
Khamzard
Rakhnah
Mushak
mlwk
Diari Du
Ispighir
Mijah
Shirmah
Hisah-ye Awal-e Joybar
Chaharrah
Kutut
Kash Guzar
Nawah-ye Mir Ghulam
Chashmah-ye Gowan
Talah
Giro Rozi
Sang-e Shandah
Dasht-e Chaw
Khwajah Ghar
Du Shakh
Kajaw
Yamahgak
Zamin-e Dauk-e Shikay
Rafak-e Chaki
Kol-e Kakul
Dahanah-ye Kochah
Mahal-e Qal`ah-ye Bad-e Kaji
Mahal-e Khushkak Darah
Mahal-e Safayd Ab
Mahal-e Joshabak
Mahal-e Tapah-ye Anjirak
Mahal-e Rayg-e Paskash
Wadi-ye Aysh
Dasht-e Tang
Mahal-e Bandak-e Lala
Jar Takht
Nawah-ye Qurghu
Haftad Kotal
Shine Qulutu
Chukrinaw
Charkh-e Falak
Shah Polad
Wartabaz
Unchu
Jati
Surmah
Gandaw Chinah
Dizali
Dizali
Tal-e Aspay
Tal Aspay
Qal`ah-ye Biland
Hamwar Naw
Narm Aw
Gildan
Lukah
Karez-e Kalan
Chashmah-ye Surkhak
Du Takhi Maliki
Nagharah Khanah
Pyand Murdah-ye Khord
Kuluftar
Deh Mardah
Shaylah-ye Gaw Kushtah
Kham-e Adro
Now Godar
Chashmah-ye Khwajah Bughur
Rizqa
Nay Qal`ah
Adin Karez
Khal Goshki-ye Pa'in
Du Abah
Land Rod
Tangi Algad
Pil Toy
Onchi
Chahar Mahal-e Obeh
Shaylahha-ye Asmani
Ughul
As
Tabah Kotal
Namak Sar
Khar Say
Takbir Jay
Shalk Wujan
Dupa
Husainabad
Sawati
Dubandey
Husain Khel
`Omar Zai
Ahmadzai
Bilah Pacha Jan
Aminabad
Fayrozabad
Tangai
Nazuk Anj
Spinah Pozah
Burjgai
Chaman-e Buz Kashi
Chaman-e Deh-e Khuday Dad
Garargai
Qabr-e Hazarah
Chaman-e Hud Khel
Dilaramow Kanj
Kham-e Hindu
Loy Kham
Spinah Khwah
Jilgah
Khowzak
Ghul Duri
Kin Naziyano Khwar
Chinar Bandah
`Ambarkhanah
Darah-ye Duzdan
Suriyan
Kamkai Kunj
Samtso Kunj
Sur Kunj
Sur Kayu Ghashe
Karghay Jalah
Loy Khwar
Loy Gomal Algad
`Arab Shah Kelay
Kashif Kats
Gul Chinah
De Sarobi Zuray
Wur Ghali
Chahar Pa'i
Ayrkap
Tyrells
Tremontaine
The River
The Canal
Sutherland
Savannah
Sandersons
Rooms
Red Hill
Piccadilly
Paradise View
Olivers
Old Battery
North Sound
Mill Reef
Mannings
Lightfoots
Hermitage
Dunnings
Denfields
Dark Wood
Crabs Mill
Cooks
Brooks Old Mill
Bellevue Heights
Barters
English Harbour
The Fountain
Long Bay
Burrowes Park
Bungalows
Blowing Point
Vurg
Rrezome
Dropull i Siperm
Dropull i Poshtem
Dropull
Zagori
Vokopole
Tomorice
Staravecke
Skrapar
Shqeri
Shpat
Shengjergj
Prespe
Pogon
Opar
Mirdite
Martanesh
Lunxheri
Lume
Leskovik
Kolonje
Gore
Gash
Devoll
Deshnice
Dangelli
Bytyc
Sitnica
Banisko Pole
Skele e Vlores
Tume
Spac
Shpirag
Shllak
Shkrel
Shale
Pult
Puke
Patos
Nikaj-Mertur
Mesaplik
Mallakaster
Kurvelesh
Kurbin
Kudhes
Krrabe
Kelmend
Kastrat
Himare
Porti i Durresit
Dukagjin
Devoll
Bregu i Detit
Bende
Nikaj Mertur
Pragu i Prosekut
Fusha e Pustopojes
Fusha e Grizhes
Fusha e Grudes
Fusha e Grilit
Fusha e Shtojit
Fusha e Marokes
Fusha e Obotit
Fusha e Kolagjinit
Rrafshet e Myhejanit
Butrint National Park
Armenia
Shikahoghi Argelanots'
Khosrovi Argelots'
Dilijani Argelots'
Saquemba
Muamoxico
Sacagicula
Munana
Muatchissengue
Muatchicumba
Tchueue
Tchipaca
Tchiluage
Tchicunha
Chicomba
Cazunda
Canzama
Cahanga
Capunga
Tapalo
Satchindele
Saquelengue
Samucafo
Sacapuanga
Nhambongue
Muzaza
Mungundeja
Mundanha
Muiengo
Mufuege
Coutada Publica do Mucusso
Muacaueue
Muancandala
Mocovoto
Luquinda
Coutada Publica do Luiana
Coutada Publica do Luengue
Luanhica
Coutada Publica do Longa Mavinga
Liangongama
Fuana
Chimurri
Tchiambi
Caxito
Cauma
Tchilonga
Catacala
Calimbula
Capamba
Canginge
Parque Nacional da Cameia
Mbango
Tchana Tchimbana
Mualembe
Mufuege
Mualucanga
Tchana Caulembe
Samussema
Zundo
Zadi
Xixe
Xamucassa
Quinxamindele
Vila Pimpa
Vamba
Teba
Sengue
Sanga
Sanda
Sanda
Sabalo
Quizel
Quiuembo
Quitumba Capenda
Quituchi
Quiteca
Quitamba
Quitala
Quisseque
Quimbungo
Quimbando
Quimazangue
Quimacando
Quilanga
Quicanga
Parque Nacional da Quicama
Quibobo
Quimbenda
Quiambata
Pumbaloa
Hombo
Nessungue
Mucolo
Muamongi
Reserva Especial do Milando
Matenda
Sacaembe
Mabaia
Lower Guinea
Lola
Quibala
Inga
Hunga
Hombo
Guinea
Grafanil
Ngombe ia Fuchi
Ngila
Catabo
Dombo
Coutada
Coca
Cau
Catongo
Cassoque
Cassoco
Calianze
Capelengue
Capanguele
Capaca
Cangone
Parque Nacional de Cangandala
Candange
Camabela
Calandula
Cachamba
Cabatuquila
Bungulo
Bungo
Mbumba
Bulo
Bonze Nova
Bombo
Bamba Condo
Coutada do Ambriz
Quipanzo
Catombo
Cambondo
Camuteba
Samba Pequena
Cambamba
Samba Grande
Copi
Talatona
Cabolombo
Mucongo
Calolo
Ngonga Mbandi
Quinguri
Ngangassole
Quiala
Samuel
Quinjamba
Quimbamba
Ngunza
Camalanga Cambaxi
Catochi
Gihaca
Cainzuri
Quipacaca
Sona
Cajingungo
Camalari
Bambi do Muemba
Mundo
Carianga
Camacunda
Cambiombio
Camueia
Bege
Catapeta
Muanda
Sango
Xassengue
Vilonda
Tonguela
Tamacuala
Talula
Taca
Sumbo
Songo
Sesse
Sendi
Sauongo
Sao Bento
Sandembo
Samussundo
Sacomba
Porto Saco
Sacafunfo
Quizungo
Quileva
Quiafofo
Pulpitos do Calumbi
Pomba
Ombombo
Nongalata
Nandondegi
Reserva Parcial de Namibe
Parque Nacional da Mupa
Reserva Especial do Mumbondo
Muatchimbia
Muanga Tumbo
Montanha
Matumbo
Manjolo
Mangumbo
Mande
Reserva do Luando
Liunda
Liabela
Parque Nacional do Iona
Gungo
Fundahanga
Dumbo
Dumbi
Tchilambo
Porto do Cuio
Comboto
Combe
Chiva
Tchiungungo
Quimbamba
Reserva Especial da Chimalavera
Tchileia
Chicuca
Chicoena
Tchicalala
Tchamueua
Cazele
Cavihombo
Cassongo
Caqueque
Capunda Cavilongo
Cangumbi
Cangote
Candimba
