Pas del Xic
Bancal Vedeller
Cami de la Vall del Riu
Cami de Torrent Forcat
Cami de la Tallada
Marrades de Sorteny
Cami de Soldeu
Cami de la Solana
Carrera del Sola
Cami del Socarrat
Vial de la Socarrada de Coll Carnisser
Cami del Sisquero
Cami de Sispony
Marrades del Siscar
Carretera de Seturia
Cami de Seturia
Cami del Serrat Pla
Cami de Sedornet
Drecera de Sant Marti
Tunels de Sant Antoni
Vial de Rubials
Vial de la Roca
Cami del Riu del Seig
Cami de Riba Escorjada
Cami de Riba Escorjada
Carretera de Ransol
Cami Ral
Cami Ral
Carretera de la Rabassa
Vial dels Pujols
Cami del Port Dret
Cami del Port de Setut
Cami del Port
Cami dels Plans
Cami dels Plans
Cami de la Plana
Cami del Pla de les Pedres
Cami del Pla del Bosc
Cami del Pi de la Creu
Cami de Per Baix
Cami de Perafita
Carretera de la Peguera
Carretera de Pal
Carretera d' Os de Civis
Cami de l' Obaga
Carretera General Numero Un
Carretera General Numero Tres
Carretera General Numero Duo
Carretera de Nagol
Cami de la Muntanya
Cami de Montmantell
Carrera de Montaup
Cami de la Molina
Carrera del Mig
Carretera Meritxell
Cami dels Matxos
Carretera del Mas d'Alins
Cami del Mas
Cami de les Marrades
Cami de la Llobatera
Cami de Juclar
Carretera de la Juberrussa
Cami del Jou
Cami d' Incles
Cami de les Gravades
Carretera del Forn
Carrerada del Forn
Cami del Forn
Cami de Fontargent
Cami dels Estanys
Cami de l' Estany de la Nou
Vial de l' Estany Blau
Carretera de l' Estall
Cami d' Escas
Vial de l' Escala
Cami d' Entor
Cami de l' Ensegur
Carretera d' Engolasters
Carretera Encortesa
Cami d' Encodina
Cami d' Enclar
Carrerons d' Encenrera
Cami d' Easagents
Carrera de Dalt
Carretera dels Cortals
Cami dels Cortals
Cami del Cortal de la Serra
Cami del Corb
Cami del Comellar Llarg
Carretera de la Comella
Cami de Coma Pedrosa
Cami de Comallempla
Cami dels Collells
Carretera del Coll d'Ordino
Cami del Coll d'Ordino
Cami de Coll de Turer
Cami del Coll dels Isards
Cami del Coll d'Arenes
Cami de la Collada de Sanfons
Cami de la Collada d'Enradort
Cami de la Collada de la Maiana
Cami de la Collada de Ferreroles
Cami de Claror
Cami de Casamanya
Carretera de Canolic
Cami de les Canals
Marrades del Bruig
Cami del Brossos
Cami de la Borda del Cosp
Vial Blanc
Carretera de Bixessarri
Carretera Beixalis
Vial del Bec
Cami de l' Avier
Cami de l' Allau
Carretera de l' Aldosa
Carretera d' Aixirivall
Sheikh Zayed Road
Dawwar al Hisn
Dawwar al Musalla
Dawwar al Kahraba'
Dawwar Suq as Samak
Dawwar al Humrah
Dawwar al Kuwayt
Dawwar al Ittihad
Nafaq ash Shindaghah
Kotal-e Tonal-e Salang
Rungrah
Rah-e Qaburghah
Zighand-e Now
Zighand-e Bunu Koh
Zighand-e Sar Shoy
Khyber Road
Howar Ragheh
Landey Lar
Tale Surkay
Zaloki Lar
Bando Lar
Darwazago
Malik Din Lar
Spelanah Kats
Ashraf Lar
Sro Gudar Lar
Utmankhelo Lar
Ambar Lar
Buto Gudar Lar
Gornyy Prokhod Bagguzari-Gardana
Chaharrahi Qanbar
Rah-e Sebak
Band-e Badamak
Band-e Tay Khushk
Ghujagak
Deval'
Rah-e Khargoshi
Rah-e Tundah
Rah-e Sang-e Zard
Bindzhar
Saghi Lar
Mirdari Lar
Ghaziabad Lar
Sar Chilo Lar
Ta`mirat-e Tonal-e Shamali
Dongah
Afghan Lar
Shin Lar
Ma`rufkhelo Lar
Chulay
Tsatsi Lar
Loyah Lar
Dasht-e Gunbad Larah
Sarak-e Darulaman
Mir Sahib-e Qasab Kuchah
Sarak-e Takhnikum
Charrahi-ye Mas`ud
Charrahi-ye Aryana
Charrahi-ye Pashtunistan
Charrahi-ye Shayrpur
Charrahi-ye Malik Asghar
Charrahi-ye Shahid
Charrahi-ye Torah Baz Khan
Charrahi-ye Haji Ya`qub
Chowk-e Deh Buri
Jadah-ye Asma'i
Charrahi-ye Ansari
Ansari Wat
Gola'i-ye Pul-e Sorkh
Darwazah
Sahib Zadah Lar
Darokhan Lar
Gudami Lar
Ghulam Haidar Khan Lar
Palez Khwa Lar
Musa Khan Lar
Kamkai Zinah
Rah-e Qal`ah-ye Hindu
Rah-e Rowi Zalak
Rah-e Afghani
Rah-e Korki
Darah-ye Zardab
Kharkah Sang
Zimistani
Kal Pistan
Jowzak
Zighand-e Sarmi
Joy-e Shahid
Shinkai Ghashe Lar
Shotur Pay Lar
Yak Langah Sarak
Sarak-e Kuhnah Deh-e Sabz
De Koh-e Safi Loyah Lar
Howzak Lar
Rah-Tablak
De Kochiyano Loyah Lar
Simay Lar
Rruga e Xhenjos
