Bosc de Villar
Bosc de la Vall del Riu
Bosc de la Trava
Bosc del Tossal de les Poselles
Bosc del Tosquer
Bosc del Tosquer
Bosc de la Tosca
Bosc de la Tosa
Bosc de Tolse
Bosc de la Tarterosa
Bosc de la Tallada Nova
Bosc del Tabanell
Bosc de Solobre
Bosc del Soleador
Bosc de Soldeu
Bosc del Solanyo
Bosc del Solanet
Bosc de la Solana
Bosc del Sola d'Envalira
Aspres del Sola de Nadal
Bosc del Socarrat
Bosc del Sigarro
Aspres de la Serrera
Bosc del Serrat Llong
Bosc de la Senyoreta
Bosc de Sant Roma
Bosc de la Salvata
Bosc de les Salines
Bosc del Sabater
Bosc de Roures
Boiga Rodona
Bosc del Rodol
Bosc del Roc Gros
Bosc de la Roca
Bosc de les Ribes
Bosc de Riba
Bosc del Riambert
Bosc de Rebols
Bosc de Rasets
Bosc de la Rasa
Bosc de la Rabassa
Bosc de la Quera
Bosc del Quer
Bosc de Puntal
Bosc dels Prats Sobirans
Bosc del Prat de l'Estel
Bosc del Prat del Bosc
Bosc dels Pous
Bosc de les Poselletes
Bosc de la Pollentia
Bosc de la Pleta
Bosc dels Plans
Bosc de les Planes
Bosc de Planavilla
Bosc de la Planassa
Bosc de Plana en Blanca
Bosquet de la Plana
Bosc de la Plana
Bosc del Pla de Rodo
Bosc del Pla de Miretes
Bosc del Pla de la Cot
Bosc de la Pixistella
Bosc de la Pinosa de Llumeneres
Bosc de la Pinosa
Bosc de la Pinosa
Bosc del Pi de Montsalla
Bosc del Pico
Bosc del Peu dels Pessons
Conreu de la Peguera
Bosc de la Peguera
Bosc de Pedres Blanques
Bosc de Paulelles
Bosc del Pas de la Clau
Bosc del Pardal
Feixa Pallola
Bosc de Pal
Bosc de Padern
Bosc de l' Ovella
Bosc de l' Orri del Call
Bosc de les Obagues
Bosc de l' Obaga Sobirana
Bosc de l' Obaga de l'Ossa
Bosc de l' Obaga de Gali
Bosc de l' Obac de Salla
Bosc de les Neres
Bosc Negre
Bosc Negre
Bosc Negre
Bosc Negre
Bosc Negre
Bosc del Mulassar
Bosc de Moreto
Bosc de les Molleres
Bosc de la Mollera
Bosc de la Moixella
Bosc de Mereig
Bosc del Menadis
Bosc del Matet
Bosc de les Matelles
Bosc de la Mata
Bosc de la Mata
Bosc de la Mandurana
Bosc dels Maians
Bosc de les Llongues
Bosc de Llevai
Bosc dels Llacs
Bosc de la Juberrussa
Bosc del Jou
Bosc d' Incles
Bosc de l' Hoste
Bosc de l' Hostal del Poll
Bosc dels Hortons
Bosc de la Gonarda
Bosc de la Gargallosa
Bosc Fosc
Bosc de les Fonts
Aspre de les Fonts
Bosc de la Font Roja
Bosc de la Font del Pi
Bosc de la Font del Pascol
Bosc de la Font del Mallol
Bosc de la Font del Gripal
Bosc de la Font del Bisbe
Boscarro de Fontaneda
Bosc dels Fontanals
Bosc de la Fita
Bosc de la Finestra
Bosc dels Feners
Bosc de les Fenemores
Bosc del Felegrill
Bosc de les Feixes
Bosc dels Estanyons
Bosc de l' Estall Serrer
Bosc d' Escalluquer
Bosc de l' Entrada
Bosc d' Entor
Bosc d' En Som
Bosc de l' Ensegur
Aspres de l' Ensegur
Bosc de l' Enfreu
Bosc d' Enclar
Bosc de la Devesa
Bosc del Cussol
Bosc del Cubol
Bosc de la Costassa
Bosc de les Corts
Bosc de les Cortanbelles
Bosc de la Corruga
Bosc de Conxa
Bosc dels Coms
Bosc de Comes Becoses
Bosc dels Comellassos
Bosc de la Coma dels Llops
Bosc de Coma
Bosc de Coll Pa
Bosc de Collart
Bosc de la Collada
Bosc de la Colija
Bosc dels Colells
Conreu de Certers
Aspres de la Cebollera
Bosc de la Caulla
Bosc de la Cauba
Bosc de la Castelleta
Bosc del Castellar
Bosc del Castell
Bosc del Carpider
Bosc de les Carboneres
Bosc de la Canya
Conreu de Canolic
Bosc de les Canals
Bosc de la Canal Llisa
Bosc del Campea
Bosc del Camp de la Finestra
Bosc de la Cabeca
Bosc de la Cabanella
Boigues de Borro
Bosc del Bornal
Bosc de la Borda del Rauquet
Boiga del Bony
Boiga del Bony
Bosc de la Boixera
Bosc de Boiga Plana
Bosc de la Beixellosa
Bosc de Beixalis
Bosc del Becet
Bosc de les Bartres
Bosc de la Bartra
Bosc del Barrer d'Areny
Bosc dels Banys
Bosc dels Bancs
Bosc de l' Avier
Bosc de l' Avetar
Bosc de l' Astrell
Bosc de l' Assalador
Bosc de l' Assalador
Bosc de l' Assalador
Feixans d' Arcalis
Bosc Gran de l' Any de la Part
Bosc dels Amorriadors
Bosc de les Allaus
Conreu d' Aixirivall
Bosc d' Aixas
Bosc de l' Airola
Bosc d' Aigues Juntes
Ziffah
Zarub
Yaif
Yafnah
Wahid
`Uqaydat
`Ud Umm Khalid
`Ud al Atham
Subayhiyah
Shu`ayb `Ud
Shu`ayb Saghir
Sharaf Mundassah
Sayyidah
Saqal
Sall
Sa`diyah
Rumayli
Rufaysah
Rimah
Raha
Qarhat Suwayd
Qada`ah
Nakhl Subayyis
Najdayn
Musaqab
Murrah
Murayyil
Mudarrah
Mizraiya Bin Rashid
Miqahilah
Mimduk
Milah
Mifsal
Mazdiyah
Mayy
Mas`ud
Maskunah
Mamduh
Mahani
Khusayyib
Khubayy
Kharish
Kashunah
Karas
Juwayzah
`Idan al Baqarah
Husayy
Halaqiyah
Ghaf Rimah
Ghaf Bid` Zayd
Ghafat Shibhani
Ghafat Shakhbut
Ghafat `Idan
Ghafat Bayz
Ghafat al Jaylah
Farfar
Faqi
Falaj
Dunghayl
`Ayb al Hannah
`Awf
A`wad al Manasir
As Simsimaniyah
Aslubah
`Arafi
`Aqabah
Amirah
Al Wara
Al Wahi
Al Khalik
Al Husayn
Al Ghaf
Al Falaj
Al Bunhar
Al Barqa'
Raqayma
Shihuh
Suhaybah
Hathara
Ghafat al Baqar
Siah Zamin
Manzil Bagh
Jangal-e Kuhestan
Kayro Dag
Dzangal-e Sar-e Howz
Charsayr
Spinah Panah
Bagh-e Kokaran
Ya`qubi Dasht
Poladay
Chah-e Mirza
Karwandah
Dzangal-e Warzu
Bagh-e Pul
Lamanah
Qal`ah-ye Jarnayl
Karez-e Tukha'i
Tagazi
Siah Tagaz
Siyah Tagaz
Jagh
Kowdo
Ruzi Khan
Laher
Band-e Temur
Sad Karidzhan
Bagh-e A`la Hazrat
Dasht-e Damanah
Mastan Dand
Chaman-e Deh Khudaidad
Bagh-e Me`rajuddin
Bagh-e Ghulam Hazrat
Bagh-e Qalamuddin
Bagh-e Wakil Anwar
Jangal Bagh
Bagh-e Haji Wali
Bagh-e Mirza Gul Muhammad
Bagh-e Rangriz
Bagh-e Muhammad ud Din
Bagh-e Hulak Khan
Bagh-e `Abdul Satar
Bagh-e `Abdul Majid
Malik Muhammad `Omar Bagh
Halim Kala
Bagh-e Payindah Muhammad
Bagh-e Ra'is
Pylli i Kolesjanit
Pylli i Kalivacit
Livadhi i Dardhes
Geshtenjat e Grise
Livadhi i Brajkit
Pylli i Zojes se Thumanes
Livadhi i Nerlizit
Pylli i Rogomit
Pylli i Zabelit
Pylli i Ades
Oktemberyanskaya Step
Lagoa Lumango
Tchimbamba
